data_examples/final_simulated_panel.csv
store_id,store_size,area_income,manager_experience,manager_vacant,base_competitors,store_fe,week,week_fe,price,competitor_price,competitor_count,ad_spend,ad_spend_lag,relative_price,log_sales,sales
0,1.0609434159508864,62.89119398689984,4.243674891921221,0,2,0.17585464240679743,0,0.048845901334352015,11.494049698109352,11.070383765713382,2,8.83686864045085,0.0,1.038270211888058,20.901118323762972,1194649081.7471557
0,1.0609434159508864,62.89119398689984,4.243674891921221,0,2,0.17585464240679743,1,0.13563566401577118,10.160392104855353,9.298644185077372,2,5.761519922003471,8.83686864045085,1.0926745773497741,21.28204530848569,1748537058.1331491
0,1.0609434159508864,62.89119398689984,4.243674891921221,0,2,0.17585464240679743,2,-0.11710587627041394,10.394839742979158,10.61173510636268,2,7.881009918662492,5.761519922003471,0.9795608012064423,21.27166055844149,1730472896.0861025
0,1.0609434159508864,62.89119398689984,4.243674891921221,0,2,0.17585464240679743,3,-0.18173462462506965,11.214549359857536,11.191268505294648,2,8.5287260130885,7.881009918662492,1.002080269502235,21.5467981456304,2278534125.263895
0,1.0609434159508864,62.89119398689984,4.243674891921221,0,2,0.17585464240679743,4,-0.39836764222427296,10.91233090098304,10.576261602179848,2,10.796478978696065,8.5287260130885,1.0317758118552898,20.967116082304283,1276153206.3122337
0,1.0609434159508864,62.89119398689984,4.243674891921221,0,2,0.17585464240679743,5,0.1943245963972403,10.67704347565991,11.111889932561079,2,2.2023870703423167,10.796478978696065,0.9608665618953856,22.049565608295733,3767078515.040915
0,1.0609434159508864,62.89119398689984,4.243674891921221,0,2,0.17585464240679743,6,0.0033314601152094115,9.728916381494342,10.127759668367602,2,9.037962764329894,2.2023870703423167,0.9606188041646583,22.139309644720473,4120785529.856084
0,1.0609434159508864,62.89119398689984,4.243674891921221,0,2,0.17585464240679743,7,0.04114626898936563,9.099213414375209,9.117136244020072,3,10.402073331516121,9.037962764329894,0.998034160161134,21.80766423240846,2957659941.7594595
0,1.0609434159508864,62.89119398689984,4.243674891921221,0,2,0.17585464240679743,8,-0.1567189753011227,10.50425586140834,10.391306511629434,2,10.675258720114325,10.402073331516121,1.0108696004349886,21.489575822298143,2151811370.515784
0,1.0609434159508864,62.89119398689984,4.243674891921221,0,2,0.17585464240679743,9,0.24529960585719213,9.62612745566622,9.239272729663405,3,9.45327139412911,10.675258720114325,1.0418706901854717,22.12575218318948,4065295142.89803
0,1.0609434159508864,62.89119398689984,4.243674891921221,0,2,0.17585464240679743,10,0.18864011553560334,10.975321830714146,10.86949210489509,3,9.775684397770796,9.45327139412911,1.0097364002657858,21.66278657209533,2558754803.176293
0,1.0609434159508864,62.89119398689984,4.243674891921221,0,2,0.17585464240679743,11,-0.024364776297538047,10.369341413265847,9.246719773112133,3,9.747825202022893,9.775684397770796,1.1214075550789486,21.486845186871495,2145943573.2096286
0,1.0609434159508864,62.89119398689984,4.243674891921221,0,2,0.17585464240679743,12,-0.11117269158045646,9.422792613551943,8.67625258802604,2,10.0237179192351,9.747825202022893,1.0860440631426742,21.218617760662116,1641075670.89296
0,1.0609434159508864,62.89119398689984,4.243674891921221,0,2,0.17585464240679743,13,-0.07133827681171602,10.445812228056234,10.054637666859708,2,10.639341681187899,10.0237179192351,1.0389048888838475,21.40530046368958,1977897925.061247
0,1.0609434159508864,62.89119398689984,4.243674891921221,0,2,0.17585464240679743,14,-0.15972510848492985,10.897267440019535,11.057364854627714,2,11.333258986695736,10.639341681187899,0.9855211963507584,21.536565935163644,2255338557.879552
0,1.0609434159508864,62.89119398689984,4.243674891921221,0,2,0.17585464240679743,15,0.005312829848108214,10.375607081496437,9.299769148164744,2,10.819147714898575,11.333258986695736,1.115684369815137,21.267292792058054,1722931077.1845095
0,1.0609434159508864,62.89119398689984,4.243674891921221,0,2,0.17585464240679743,16,-0.12323354394010944,9.425517867267994,9.21947912538674,2,10.640619994325363,10.819147714898575,1.0223481976670357,21.581967719633706,2360095024.126468
0,1.0609434159508864,62.89119398689984,4.243674891921221,0,2,0.17585464240679743,17,0.11710850410840844,10.480415964888175,10.847015794568682,2,6.952158105657411,10.640619994325363,0.9662027015887568,21.936483701030657,3364293091.086153
0,1.0609434159508864,62.89119398689984,4.243674891921221,0,2,0.17585464240679743,18,-0.07189371493174873,10.58508866993638,10.546249368105226,2,9.273440359457728,6.952158105657411,1.0036827596689128,21.14130792591628,1518984605.5541267
0,1.0609434159508864,62.89119398689984,4.243674891921221,0,2,0.17585464240679743,19,-0.07079141278787165,11.062374341191514,10.624244522061165,2,7.734694691378402,9.273440359457728,1.0412386799099527,21.76637453872295,2838025891.301899
0,1.0609434159508864,62.89119398689984,4.243674891921221,0,2,0.17585464240679743,20,0.3074506008403983,10.970121387874276,11.538947005226913,2,5.0359293903897715,7.734694691378402,0.9507038539049559,21.686485450927673,2620118678.753461
0,1.0609434159508864,62.89119398689984,4.243674891921221,0,2,0.17585464240679743,21,-0.14514390451041106,9.3498294522474,9.806945639985758,2,8.501768139218967,5.0359293903897715,0.9533885264057586,21.161523159455466,1550003706.950178
0,1.0609434159508864,62.89119398689984,4.243674891921221,0,2,0.17585464240679743,22,-0.31358317758909293,9.770315609012114,10.304828537136784,2,11.908860853960206,8.501768139218967,0.948129857163719,21.75333161577877,2801250091.59908
0,1.0609434159508864,62.89119398689984,4.243674891921221,0,2,0.17585464240679743,23,0.07324303848148955,10.883800093168405,10.807546314449167,3,7.4237007133582,11.908860853960206,1.0070556050837636,21.16859205972166,1560999346.318828
0,1.0609434159508864,62.89119398689984,4.243674891921221,0,2,0.17585464240679743,24,-0.4155737022818746,8.590408363130813,8.30353389751245,2,5.334064639975372,7.4237007133582,1.034548478895751,21.191912108294783,1597829700.6339276
0,1.0609434159508864,62.89119398689984,4.243674891921221,0,2,0.17585464240679743,25,0.05287572716514413,11.075315776197439,10.421122425881464,2,11.729381931138782,5.334064639975372,1.062775709139665,21.314034466875775,1805375547.9136486
0,1.0609434159508864,62.89119398689984,4.243674891921221,0,2,0.17585464240679743,26,0.19634402837852838,9.468637076880075,9.21845063954406,3,6.447979804664018,11.729381931138782,1.0271397490878564,21.797300930230517,2927167094.245432
0,1.0609434159508864,62.89119398689984,4.243674891921221,0,2,0.17585464240679743,27,0.01402300615082264,9.896311321330638,9.728424583389398,3,11.64107789075399,6.447979804664018,1.0172573407443477,21.718350410492118,2704953099.080446
0,1.0609434159508864,62.89119398689984,4.243674891921221,0,2,0.17585464240679743,28,0.0018550148592412774,11.771426899464227,11.746902158246531,2,9.089181482377661,11.64107789075399,1.0020877624489688,21.57103509073473,2334433510.557034
0,1.0609434159508864,62.89119398689984,4.243674891921221,0,2,0.17585464240679743,29,-0.41012187044991083,10.273604077388178,10.804472893504926,2,9.785224645836962,9.089181482377661,0.9508658292404178,20.7511009102668,1028226088.5216955
0,1.0609434159508864,62.89119398689984,4.243674891921221,0,2,0.17585464240679743,30,0.11106073711175773,10.046207820134107,10.121219477799047,2,9.929749247098732,9.785224645836962,0.9925886739409734,21.891240139812563,3215472463.4549327
0,1.0609434159508864,62.89119398689984,4.243674891921221,0,2,0.17585464240679743,31,0.07925851344932232,10.639500068392275,10.659134335206797,2,10.083913034242082,9.929749247098732,0.998157986737284,21.754486452698156,2804486947.2857833
0,1.0609434159508864,62.89119398689984,4.243674891921221,0,2,0.17585464240679743,32,-0.2343995516749002,10.27414206472575,9.746662853404834,2,7.0427742425459545,10.083913034242082,1.0541189553034196,21.192298778392107,1598447653.0639427
0,1.0609434159508864,62.89119398689984,4.243674891921221,0,2,0.17585464240679743,33,0.3826341494492407,9.752177944220714,9.277184064079472,3,9.278075022396141,7.0427742425459545,1.05120022162548,21.58965987655809,2378319247.3414845
0,1.0609434159508864,62.89119398689984,4.243674891921221,0,2,0.17585464240679743,34,-0.2448032401480451,10.637944510584823,10.553391962913825,2,7.641327046376287,9.278075022396141,1.0080118835695793,21.027262104971534,1355263998.2690403
0,1.0609434159508864,62.89119398689984,4.243674891921221,0,2,0.17585464240679743,35,-0.33585807234342985,12.53491679914514,12.73394086708104,2,8.715623778372782,7.641327046376287,0.9843705833085495,21.094208072814546,1449099365.0021904
0,1.0609434159508864,62.89119398689984,4.243674891921221,0,2,0.17585464240679743,36,-0.36221155398213295,11.327717700951835,11.52196225009676,2,6.2599349622966365,8.715623778372782,0.9831413656000051,21.35919035890863,1888767541.5777602
0,1.0609434159508864,62.89119398689984,4.243674891921221,0,2,0.17585464240679743,37,0.005194181464211946,10.8559926988343,10.673784524647376,2,9.35379116983876,6.2599349622966365,1.017070625115785,21.588998632602195,2376747117.9518
0,1.0609434159508864,62.89119398689984,4.243674891921221,0,2,0.17585464240679743,38,0.0675742500294194,10.685371171365539,10.501913308229657,3,9.380727363163288,9.35379116983876,1.0174689942443267,21.599008436039373,2400657358.1822677
0,1.0609434159508864,62.89119398689984,4.243674891921221,0,2,0.17585464240679743,39,0.08819478218692851,11.235876034994101,10.158061994807738,2,6.691066746452309,9.380727363163288,1.1061042983137221,21.06180763580988,1402900387.3700366
0,1.0609434159508864,62.89119398689984,4.243674891921221,0,2,0.17585464240679743,40,-0.06747199564309786,11.072175096998238,12.078542074132002,2,9.372916194084116,6.691066746452309,0.9166814197477484,21.23042607186177,1660568867.4785588
0,1.0609434159508864,62.89119398689984,4.243674891921221,0,2,0.17585464240679743,41,-0.16253500440717236,9.60135136808448,9.520039260731266,2,10.118704704437917,9.372916194084116,1.0085411525232477,21.52063031080856,2219683179.720226
0,1.0609434159508864,62.89119398689984,4.243674891921221,0,2,0.17585464240679743,42,0.16855291640160835,10.975144940916683,10.352460376612752,3,8.082913467504977,10.118704704437917,1.0601484614913994,21.664947839450917,2564290936.7807884
0,1.0609434159508864,62.89119398689984,4.243674891921221,0,2,0.17585464240679743,43,-0.17951707731235617,10.530324886704806,9.93035390568684,2,7.73248332316123,8.082913467504977,1.0604178850740031,21.792205449662358,2912289707.105087
0,1.0609434159508864,62.89119398689984,4.243674891921221,0,2,0.17585464240679743,44,-0.2419680411959665,12.203943647258319,12.176496138375438,2,5.719636009868347,7.73248332316123,1.0022541385116839,20.763162160393968,1040702872.1131284
0,1.0609434159508864,62.89119398689984,4.243674891921221,0,2,0.17585464240679743,45,0.2802631334986427,10.287010932365108,9.962657950043551,3,7.552926815904614,5.719636009868347,1.0325568722672185,21.528213255342898,2236578892.8234897
0,1.0609434159508864,62.89119398689984,4.243674891921221,0,2,0.17585464240679743,46,0.035514301628569965,11.759848762967037,11.793798214695292,2,6.862699014000815,7.552926815904614,0.997121414907205,21.214910488901527,1635003020.8384356
0,1.0609434159508864,62.89119398689984,4.243674891921221,0,2,0.17585464240679743,47,0.09425797907819627,9.362402124044158,8.617079011566402,2,10.911493350350286,6.862699014000815,1.0864937076098913,21.94251860621801,3384657668.252922
0,1.0609434159508864,62.89119398689984,4.243674891921221,0,2,0.17585464240679743,48,0.12516814092890055,10.840999640141302,10.748884488401963,2,9.802407206584839,10.911493350350286,1.0085697405938943,21.670770380925347,2579265178.880845
0,1.0609434159508864,62.89119398689984,4.243674891921221,0,2,0.17585464240679743,49,-0.11435942179986343,9.826646193452685,10.425372189339294,2,7.543447221087287,9.802407206584839,0.9425703001281,21.540037962961396,2263182765.819718
0,1.0609434159508864,62.89119398689984,4.243674891921221,0,2,0.17585464240679743,50,-0.10657251720030408,9.670708158674506,9.341648683849213,2,10.56418039996928,7.543447221087287,1.0352249892884757,22.028323351675617,3687901196.2440877
0,1.0609434159508864,62.89119398689984,4.243674891921221,0,2,0.17585464240679743,51,0.12811633661312918,11.343409690003721,10.825209392913214,2,9.415250866454485,10.56418039996928,1.0478697712239866,21.82805684385092,3018593537.671272
