data_examples/final_simulated_panel.csv
store_id,store_size,area_income,manager_experience,manager_vacant,base_competitors,store_fe,week,week_fe,price,competitor_price,competitor_count,ad_spend,ad_spend_lag,relative_price,log_sales,sales
1,0.7920031787519008,66.3128822583854,7.598456595572131,0,1,0.2096751371251084,0,0.048845901334352015,9.099161047314775,8.548157883493293,1,5.805645445219952,0.0,1.0644587022527372,21.258706670672797,1708201108.957781
1,0.7920031787519008,66.3128822583854,7.598456595572131,0,1,0.2096751371251084,1,0.13563566401577118,9.954194229596638,9.525504321364402,1,12.645570566958629,5.805645445219952,1.045004431657308,21.9468233935874,3399259305.7564745
1,0.7920031787519008,66.3128822583854,7.598456595572131,0,1,0.2096751371251084,2,-0.11710587627041394,9.400319861732823,9.218778157005113,1,11.57519894591765,12.645570566958629,1.019692599348403,22.042350554292046,3739996656.1392813
1,0.7920031787519008,66.3128822583854,7.598456595572131,0,1,0.2096751371251084,3,-0.18173462462506965,10.508224715471572,11.06478516791606,1,9.068607106094952,11.57519894591765,0.9496998410725302,21.822980914552627,3003310191.7002406
1,0.7920031787519008,66.3128822583854,7.598456595572131,0,1,0.2096751371251084,4,-0.39836764222427296,10.399922518794517,10.890581993602124,1,8.546956125931814,9.068607106094952,0.9549464413292279,21.194125461606806,1601370179.0132668
1,0.7920031787519008,66.3128822583854,7.598456595572131,0,1,0.2096751371251084,5,0.1943245963972403,7.967522760256774,7.1656369724924245,1,8.96993460620845,8.546956125931814,1.1119071187729217,21.455145755306134,2078985258.869179
1,0.7920031787519008,66.3128822583854,7.598456595572131,0,1,0.2096751371251084,6,0.0033314601152094115,10.843591514801556,10.702924192523016,2,9.135011519933267,8.96993460620845,1.0131428869109256,21.275647457511297,1737385888.4101276
1,0.7920031787519008,66.3128822583854,7.598456595572131,0,1,0.2096751371251084,7,0.04114626898936563,9.54291565150317,8.919731470153241,1,10.959403847376077,9.135011519933267,1.0698658007177904,21.788557423188934,2901684952.1294904
1,0.7920031787519008,66.3128822583854,7.598456595572131,0,1,0.2096751371251084,8,-0.1567189753011227,12.17010810384865,12.029384996847373,1,11.144262540404068,10.959403847376077,1.0116982794247718,21.42483786014076,2016920862.9888356
1,0.7920031787519008,66.3128822583854,7.598456595572131,0,1,0.2096751371251084,9,0.24529960585719213,11.05654611024305,10.622671137226574,1,12.484628885778314,11.144262540404068,1.0408442441088084,21.52486950007304,2229112809.697894
1,0.7920031787519008,66.3128822583854,7.598456595572131,0,1,0.2096751371251084,10,0.18864011553560334,11.138955349814688,11.399689377289377,1,8.219831998031479,12.484628885778314,0.9771279708731252,22.1964715256099,4363199806.074539
1,0.7920031787519008,66.3128822583854,7.598456595572131,0,1,0.2096751371251084,11,-0.024364776297538047,7.839750538689121,7.735662006186457,2,8.922338827576375,8.219831998031479,1.0134556722384485,21.894452222862736,3225817433.61024
1,0.7920031787519008,66.3128822583854,7.598456595572131,0,1,0.2096751371251084,12,-0.11117269158045646,11.95601664289671,12.540834045328236,1,7.4076784060133125,8.922338827576375,0.9533669451076594,21.173905990924258,1569316468.1877015
1,0.7920031787519008,66.3128822583854,7.598456595572131,0,1,0.2096751371251084,13,-0.07133827681171602,10.279386957174994,10.356852647388136,1,8.169611524549286,7.4076784060133125,0.992520344466552,21.601822597566905,2407422710.692975
1,0.7920031787519008,66.3128822583854,7.598456595572131,0,1,0.2096751371251084,14,-0.15972510848492985,8.921971100960562,9.69513609532591,1,7.870420872655123,8.169611524549286,0.9202522804462645,21.795083583920253,2920683741.6647925
1,0.7920031787519008,66.3128822583854,7.598456595572131,0,1,0.2096751371251084,15,0.005312829848108214,10.564537423960184,10.597428919852602,1,10.051561693493385,7.870420872655123,0.9968962758664226,21.705537470355058,2670515789.674244
1,0.7920031787519008,66.3128822583854,7.598456595572131,0,1,0.2096751371251084,16,-0.12323354394010944,11.540999110424414,11.088028721903413,1,10.366809414208756,10.051561693493385,1.0408522019451663,21.378731696647236,1926039572.628275
1,0.7920031787519008,66.3128822583854,7.598456595572131,0,1,0.2096751371251084,17,0.11710850410840844,8.709989986006121,9.456606527833054,1,11.883415691093088,10.366809414208756,0.9210481540466485,22.183685819535167,4307768336.182312
1,0.7920031787519008,66.3128822583854,7.598456595572131,0,1,0.2096751371251084,18,-0.07189371493174873,11.331455066814055,11.213270374593467,2,9.204185229268361,11.883415691093088,1.0105397166279309,21.454478615742033,2077598748.0993257
1,0.7920031787519008,66.3128822583854,7.598456595572131,0,1,0.2096751371251084,19,-0.07079141278787165,9.9781160571678,8.989004259516161,1,7.311205617260961,9.204185229268361,1.11003574690762,21.781626275952625,2881642485.3748784
1,0.7920031787519008,66.3128822583854,7.598456595572131,0,1,0.2096751371251084,20,0.3074506008403983,9.751261734054872,9.946795595984696,1,8.813064918559064,7.311205617260961,0.9803420247211315,21.91578112718919,3295359577.558587
1,0.7920031787519008,66.3128822583854,7.598456595572131,0,1,0.2096751371251084,21,-0.14514390451041106,9.902384188112721,10.457389883397695,1,4.973095135414383,8.813064918559064,0.9469269386076817,21.471606069904006,2113489204.1277297
1,0.7920031787519008,66.3128822583854,7.598456595572131,0,1,0.2096751371251084,22,-0.31358317758909293,9.516173335356719,9.092463526105195,1,4.97015957147304,4.973095135414383,1.046600110963879,21.11125316862273,1474011110.920001
1,0.7920031787519008,66.3128822583854,7.598456595572131,0,1,0.2096751371251084,23,0.07324303848148955,10.531636852076874,10.390519891563187,1,9.85904880052585,4.97015957147304,1.0135813185467524,21.714616877398175,2694872896.262093
1,0.7920031787519008,66.3128822583854,7.598456595572131,0,1,0.2096751371251084,24,-0.4155737022818746,10.589491321381574,10.893494550258843,1,7.2775987266844755,9.85904880052585,0.9720931398574899,21.36132889355757,1892811058.4686747
1,0.7920031787519008,66.3128822583854,7.598456595572131,0,1,0.2096751371251084,25,0.05287572716514413,11.373082471225818,11.372357253309488,2,6.774686621782575,7.2775987266844755,1.0000637702369153,21.66410170096362,2562122109.2201843
1,0.7920031787519008,66.3128822583854,7.598456595572131,0,1,0.2096751371251084,26,0.19634402837852838,11.733426004908491,11.720305520750305,2,10.517781477652822,6.774686621782575,1.001119466052737,21.656080373883633,2541652695.4476995
1,0.7920031787519008,66.3128822583854,7.598456595572131,0,1,0.2096751371251084,27,0.01402300615082264,10.059787251635226,9.239820330905317,1,6.725946727324774,10.517781477652822,1.0887427343134894,21.774601364465106,2861470139.4065704
1,0.7920031787519008,66.3128822583854,7.598456595572131,0,1,0.2096751371251084,28,0.0018550148592412774,11.436179381518853,10.844573638626732,1,7.130555900383872,6.725946727324774,1.0545531583450096,21.077670335789154,1425331614.878462
1,0.7920031787519008,66.3128822583854,7.598456595572131,0,1,0.2096751371251084,29,-0.41012187044991083,9.257561424328431,8.545592213887463,1,7.052875042706345,7.130555900383872,1.0833142036995336,20.91366304770455,1209730020.014863
1,0.7920031787519008,66.3128822583854,7.598456595572131,0,1,0.2096751371251084,30,0.11106073711175773,11.02514181462888,11.443496083961165,1,8.332826144334767,7.052875042706345,0.963441743129651,21.75811447354191,2814680163.8068576
1,0.7920031787519008,66.3128822583854,7.598456595572131,0,1,0.2096751371251084,31,0.07925851344932232,9.340341904998757,9.449054133212458,1,10.676649512609433,8.332826144334767,0.9884949089420931,22.486591185078417,5831797944.678668
1,0.7920031787519008,66.3128822583854,7.598456595572131,0,1,0.2096751371251084,32,-0.2343995516749002,9.872438700749813,9.79395230443443,1,10.10854711365615,10.676649512609433,1.0080137613371718,21.712429196558595,2688983818.52184
1,0.7920031787519008,66.3128822583854,7.598456595572131,0,1,0.2096751371251084,33,0.3826341494492407,11.021557197579588,11.503987625078674,1,7.589415827622847,10.10854711365615,0.9580640693278052,22.112801861244698,4012987692.202078
1,0.7920031787519008,66.3128822583854,7.598456595572131,0,1,0.2096751371251084,34,-0.2448032401480451,9.720522205361643,10.518711849081097,1,12.0964269736276,7.589415827622847,0.9241171680361999,21.381392291016137,1931170805.707511
1,0.7920031787519008,66.3128822583854,7.598456595572131,0,1,0.2096751371251084,35,-0.33585807234342985,10.928400412885882,11.004783602540325,1,6.462841096490637,12.0964269736276,0.9930590920809373,21.215305062183255,1635648276.6379805
1,0.7920031787519008,66.3128822583854,7.598456595572131,0,1,0.2096751371251084,36,-0.36221155398213295,9.039768269993761,8.423710240170418,1,8.016496211618806,6.462841096490637,1.0731338106675996,21.2800900653808,1745121583.2365704
1,0.7920031787519008,66.3128822583854,7.598456595572131,0,1,0.2096751371251084,37,0.005194181464211946,9.776308095598086,9.677120170931232,2,9.11551583519867,8.016496211618806,1.0102497357596945,21.473848380716355,2118233621.0627303
1,0.7920031787519008,66.3128822583854,7.598456595572131,0,1,0.2096751371251084,38,0.0675742500294194,10.99720380353589,9.89631234005438,1,7.457202082471604,9.11551583519867,1.111242594782074,21.311976129215534,1801663297.2758036
1,0.7920031787519008,66.3128822583854,7.598456595572131,0,1,0.2096751371251084,39,0.08819478218692851,11.948212438111234,11.592012988856556,2,9.285503654787082,7.457202082471604,1.0307280063951874,20.65298745654995,932134295.8695841
1,0.7920031787519008,66.3128822583854,7.598456595572131,0,1,0.2096751371251084,40,-0.06747199564309786,9.370369198500413,9.302544666782763,2,7.860867358433282,9.285503654787082,1.0072909654451685,21.7077647610492,2676470433.5409236
1,0.7920031787519008,66.3128822583854,7.598456595572131,0,1,0.2096751371251084,41,-0.16253500440717236,12.03837614113797,11.193340152309137,2,10.535663237191443,7.860867358433282,1.0754945331179366,21.385529296266142,1939176618.0951567
1,0.7920031787519008,66.3128822583854,7.598456595572131,0,1,0.2096751371251084,42,0.16855291640160835,10.770519725952289,10.852376570741441,1,9.493642623804737,10.535663237191443,0.9924572424983996,21.86884999308386,3144277569.509571
1,0.7920031787519008,66.3128822583854,7.598456595572131,0,1,0.2096751371251084,43,-0.17951707731235617,12.723683307242807,13.100946474096093,1,11.556498160183928,9.493642623804737,0.9712033655278852,21.161892674949765,1550576563.1692228
1,0.7920031787519008,66.3128822583854,7.598456595572131,0,1,0.2096751371251084,44,-0.2419680411959665,10.23878905328306,9.899105250833005,2,8.60090011933426,11.556498160183928,1.0343145965057268,20.81331684314316,1094230094.7973454
1,0.7920031787519008,66.3128822583854,7.598456595572131,0,1,0.2096751371251084,45,0.2802631334986427,10.051319626488443,9.737577446539873,1,7.564565671004763,8.60090011933426,1.032219736548545,21.91201564427874,3282974290.3133283
1,0.7920031787519008,66.3128822583854,7.598456595572131,0,1,0.2096751371251084,46,0.035514301628569965,10.868081020288393,11.266197882100087,1,7.548458137264814,7.564565671004763,0.9646627135456028,21.716663585208522,2700394161.9481792
1,0.7920031787519008,66.3128822583854,7.598456595572131,0,1,0.2096751371251084,47,0.09425797907819627,9.512336095528168,9.735582481211472,1,9.490846782571145,7.548458137264814,0.9770690263151545,21.873949374430236,3160352390.8837805
1,0.7920031787519008,66.3128822583854,7.598456595572131,0,1,0.2096751371251084,48,0.12516814092890055,10.694304651814914,11.322758906025463,1,7.760555796873592,9.490846782571145,0.9444963670580221,21.695848964178307,2644767414.0094514
1,0.7920031787519008,66.3128822583854,7.598456595572131,0,1,0.2096751371251084,49,-0.11435942179986343,10.519548982319881,11.082093354648492,1,13.121699631971566,7.760555796873592,0.9492384376916797,22.00632498469485,3607659224.4315424
1,0.7920031787519008,66.3128822583854,7.598456595572131,0,1,0.2096751371251084,50,-0.10657251720030408,11.878174643026544,11.189849294886322,1,8.776143722139373,13.121699631971566,1.061513370734562,21.347214045996562,1866281986.2667081
1,0.7920031787519008,66.3128822583854,7.598456595572131,0,1,0.2096751371251084,51,0.12811633661312918,10.93316634735829,10.6011549550838,1,4.796147844294968,8.776143722139373,1.0313184170669323,21.273374919353124,1733442095.5903654
