data_examples/final_simulated_panel.csv
store_id,store_size,area_income,manager_experience,manager_vacant,base_competitors,store_fe,week,week_fe,price,competitor_price,competitor_count,ad_spend,ad_spend_lag,relative_price,log_sales,sales
2,1.1500902391612915,45.428441801443334,4.287472057877148,0,2,0.11050967173142151,0,0.048845901334352015,8.664176437109601,8.1120218313508,2,6.490214007331074,0.0,1.0680662129908072,21.03827298976526,1370269112.2086785
2,1.1500902391612915,45.428441801443334,4.287472057877148,0,2,0.11050967173142151,1,0.13563566401577118,8.618542481103749,8.461860371555519,2,7.848147322259718,6.490214007331074,1.0185162721515608,21.42382594260187,2014880937.6851914
2,1.1500902391612915,45.428441801443334,4.287472057877148,0,2,0.11050967173142151,2,-0.11710587627041394,8.970682170313209,8.15696975256045,3,5.81402156133959,7.848147322259718,1.0997567040747378,20.723068523570664,999802706.0892565
2,1.1500902391612915,45.428441801443334,4.287472057877148,0,2,0.11050967173142151,3,-0.18173462462506965,7.908364436735424,7.822295424337348,2,5.045592501569793,5.81402156133959,1.0110030378206238,21.10384690062551,1463134516.8046982
2,1.1500902391612915,45.428441801443334,4.287472057877148,0,2,0.11050967173142151,4,-0.39836764222427296,7.833724873462105,7.67384202349914,2,9.327934000396764,5.045592501569793,1.0208347851667217,20.793588745443877,1072854559.1807233
2,1.1500902391612915,45.428441801443334,4.287472057877148,0,2,0.11050967173142151,5,0.1943245963972403,11.988352624835251,12.3067636247097,2,8.941835526358473,9.327934000396764,0.9741271540118689,20.729789495379453,1006544983.8407216
2,1.1500902391612915,45.428441801443334,4.287472057877148,0,2,0.11050967173142151,6,0.0033314601152094115,9.131079925778279,9.865140041971628,2,5.758692510012386,8.941835526358473,0.9255905022057201,21.25173611687697,1696335404.5439806
2,1.1500902391612915,45.428441801443334,4.287472057877148,0,2,0.11050967173142151,7,0.04114626898936563,11.205398352014186,12.018493766388682,2,10.36469685454092,5.758692510012386,0.9323463130922092,21.674846408263377,2589799789.3569775
2,1.1500902391612915,45.428441801443334,4.287472057877148,0,2,0.11050967173142151,8,-0.1567189753011227,9.23859554191211,8.100820885356312,3,10.625951205042686,10.36469685454092,1.1404517730558061,20.407422854583483,729173934.3475568
2,1.1500902391612915,45.428441801443334,4.287472057877148,0,2,0.11050967173142151,9,0.24529960585719213,9.576046394467266,9.681188475244287,2,7.5608537785531285,10.625951205042686,0.9891395482025911,21.21856071588763,1640982058.7714655
2,1.1500902391612915,45.428441801443334,4.287472057877148,0,2,0.11050967173142151,10,0.18864011553560334,8.315489816842904,8.309888295755643,2,7.817169359263945,7.5608537785531285,1.0006740789873338,21.894253308172853,3225175834.9496317
2,1.1500902391612915,45.428441801443334,4.287472057877148,0,2,0.11050967173142151,11,-0.024364776297538047,11.225981684370767,10.499460365061502,2,5.617743586845737,7.817169359263945,1.069196062849751,20.722330852975638,999065452.9905452
2,1.1500902391612915,45.428441801443334,4.287472057877148,0,2,0.11050967173142151,12,-0.11117269158045646,9.618873902453407,10.37319552022311,2,10.052614208716005,5.617743586845737,0.9272816543080565,21.09244284285249,1446543627.7806973
2,1.1500902391612915,45.428441801443334,4.287472057877148,0,2,0.11050967173142151,13,-0.07133827681171602,11.642417478813865,11.42124047152121,2,5.025049153262902,10.052614208716005,1.0193654102498024,20.723987760185707,1000722183.8885971
2,1.1500902391612915,45.428441801443334,4.287472057877148,0,2,0.11050967173142151,14,-0.15972510848492985,9.336767015481232,9.630927821409857,2,5.88788060213913,5.025049153262902,0.9694566493090421,20.79034096277951,1069375812.9057958
2,1.1500902391612915,45.428441801443334,4.287472057877148,0,2,0.11050967173142151,15,0.005312829848108214,11.290745697692353,11.815081765660612,2,8.355558243412423,5.88788060213913,0.9556214609117484,21.069910480003742,1414314049.74439
2,1.1500902391612915,45.428441801443334,4.287472057877148,0,2,0.11050967173142151,16,-0.12323354394010944,11.499162737289709,11.388122381823596,3,6.945354995033375,8.355558243412423,1.0097505411114427,20.74425337240406,1021209322.6513468
2,1.1500902391612915,45.428441801443334,4.287472057877148,0,2,0.11050967173142151,17,0.11710850410840844,8.58232868611259,9.402473033203664,3,8.321163673894512,6.945354995033375,0.912773549661367,21.735791926432984,2752545416.272017
2,1.1500902391612915,45.428441801443334,4.287472057877148,0,2,0.11050967173142151,18,-0.07189371493174873,10.508565501603943,9.481704202114491,3,7.670222050056521,8.321163673894512,1.1082992337242976,21.058925875772925,1398863384.7281117
2,1.1500902391612915,45.428441801443334,4.287472057877148,0,2,0.11050967173142151,19,-0.07079141278787165,9.06235058975141,9.662170279204254,2,10.530983186826905,7.670222050056521,0.9379208115650967,21.09997040688366,1457473664.2255166
2,1.1500902391612915,45.428441801443334,4.287472057877148,0,2,0.11050967173142151,20,0.3074506008403983,8.94924224843803,8.294354934283712,2,8.194946213323265,10.530983186826905,1.0789557861151347,21.786671401691446,2896217469.4464655
2,1.1500902391612915,45.428441801443334,4.287472057877148,0,2,0.11050967173142151,21,-0.14514390451041106,10.207969564501028,10.645079219418825,3,7.183978925975917,8.194946213323265,0.9589378673556117,20.52150519146104,817290526.709909
2,1.1500902391612915,45.428441801443334,4.287472057877148,0,2,0.11050967173142151,22,-0.31358317758909293,10.896165170045805,10.40333796161067,3,12.708838049213114,7.183978925975917,1.0473720271564486,20.88497601822947,1175519504.392912
2,1.1500902391612915,45.428441801443334,4.287472057877148,0,2,0.11050967173142151,23,0.07324303848148955,11.43455136525398,11.259538920240175,3,6.329100646367348,12.708838049213114,1.015543482397774,20.655508021877548,934486764.7867252
2,1.1500902391612915,45.428441801443334,4.287472057877148,0,2,0.11050967173142151,24,-0.4155737022818746,9.783480782604226,10.192365148923585,2,6.020575627043601,6.329100646367348,0.9598832694526706,20.923929811440722,1222214007.7335775
2,1.1500902391612915,45.428441801443334,4.287472057877148,0,2,0.11050967173142151,25,0.05287572716514413,11.101932792980747,11.549534263321098,2,10.081857715384578,6.020575627043601,0.9612450632090128,21.369954521835215,1909208359.9071822
2,1.1500902391612915,45.428441801443334,4.287472057877148,0,2,0.11050967173142151,26,0.19634402837852838,10.68994596393997,11.60066673798629,3,5.997833648846263,10.081857715384578,0.9214941007602457,21.20781390960133,1623441165.5789459
2,1.1500902391612915,45.428441801443334,4.287472057877148,0,2,0.11050967173142151,27,0.01402300615082264,10.135875399013996,10.931474247986966,2,8.270728436360532,5.997833648846263,0.9272194371111948,20.883200901105166,1173434670.5502887
2,1.1500902391612915,45.428441801443334,4.287472057877148,0,2,0.11050967173142151,28,0.0018550148592412774,9.225731625883311,8.75651933005703,2,9.017212958832992,8.270728436360532,1.0535843384957417,21.48994287519477,2152601344.084503
2,1.1500902391612915,45.428441801443334,4.287472057877148,0,2,0.11050967173142151,29,-0.41012187044991083,10.20482272787413,10.064747345735526,3,6.829045493991833,9.017212958832992,1.0139174265708673,20.603557979569285,887179581.8316438
2,1.1500902391612915,45.428441801443334,4.287472057877148,0,2,0.11050967173142151,30,0.11106073711175773,13.63681598475165,14.064795530476278,2,8.67446123621075,6.829045493991833,0.9695708661532078,21.014373420552836,1337908513.2306008
2,1.1500902391612915,45.428441801443334,4.287472057877148,0,2,0.11050967173142151,31,0.07925851344932232,9.264265584200462,9.362702583695913,2,8.160633351022957,8.67446123621075,0.9894862622607634,21.817069123844295,2985607628.8954663
2,1.1500902391612915,45.428441801443334,4.287472057877148,0,2,0.11050967173142151,32,-0.2343995516749002,10.0249742660637,9.696247252177894,2,7.830239822314283,8.160633351022957,1.0339024991150023,20.460280012250035,768752794.5381985
2,1.1500902391612915,45.428441801443334,4.287472057877148,0,2,0.11050967173142151,33,0.3826341494492407,9.322139901049471,9.432674555246937,3,6.710111065001008,7.830239822314283,0.9882817271442933,21.417169395115273,2001513327.469191
2,1.1500902391612915,45.428441801443334,4.287472057877148,0,2,0.11050967173142151,34,-0.2448032401480451,11.567454007694458,11.96416312740744,2,11.358900991270314,6.710111065001008,0.9668418830896577,20.77456585284997,1052638654.2511566
2,1.1500902391612915,45.428441801443334,4.287472057877148,0,2,0.11050967173142151,35,-0.33585807234342985,12.001558176565455,12.463616159408076,2,10.305573761956543,11.358900991270314,0.9629274540443995,20.59273388072354,877628446.8103718
2,1.1500902391612915,45.428441801443334,4.287472057877148,0,2,0.11050967173142151,36,-0.36221155398213295,11.552703496153825,12.317655270102513,2,6.7807191960710576,10.305573761956543,0.937897939406911,20.617748726339745,899859075.5803578
2,1.1500902391612915,45.428441801443334,4.287472057877148,0,2,0.11050967173142151,37,0.005194181464211946,12.195842515573124,11.810295557188605,2,9.314546998761783,6.7807191960710576,1.0326449881391704,20.659986024969257,938680782.8130648
2,1.1500902391612915,45.428441801443334,4.287472057877148,0,2,0.11050967173142151,38,0.0675742500294194,10.173969229410371,10.165811726983254,2,9.023858085332336,9.314546998761783,1.000802444767442,21.572240019410053,2337248031.7426624
2,1.1500902391612915,45.428441801443334,4.287472057877148,0,2,0.11050967173142151,39,0.08819478218692851,11.913683826909075,12.162822725766429,3,10.826175824123641,9.023858085332336,0.9795163586221179,21.448173831291516,2064541141.7682004
2,1.1500902391612915,45.428441801443334,4.287472057877148,0,2,0.11050967173142151,40,-0.06747199564309786,9.453975512836692,8.781488985326176,2,8.219792108458869,10.826175824123641,1.0765800115030877,21.520916251741973,2220317968.752275
2,1.1500902391612915,45.428441801443334,4.287472057877148,0,2,0.11050967173142151,41,-0.16253500440717236,11.813266016183642,11.515407238439025,2,8.870563347728941,8.219792108458869,1.0258661089075816,20.83527019721616,1118517737.673469
2,1.1500902391612915,45.428441801443334,4.287472057877148,0,2,0.11050967173142151,42,0.16855291640160835,11.758957558258212,11.581409785822494,3,7.503551684386679,8.870563347728941,1.0153304110396875,20.5462744759605,837787022.14562
2,1.1500902391612915,45.428441801443334,4.287472057877148,0,2,0.11050967173142151,43,-0.17951707731235617,9.67973531517292,9.09194955665271,2,8.689470923742407,7.503551684386679,1.0646490342756159,21.0387009310906,1370855632.477806
2,1.1500902391612915,45.428441801443334,4.287472057877148,0,2,0.11050967173142151,44,-0.2419680411959665,11.239816974944153,10.540717902920232,3,7.2740167316608675,8.689470923742407,1.0663236677484975,20.13156149842,553383328.0262847
2,1.1500902391612915,45.428441801443334,4.287472057877148,0,2,0.11050967173142151,45,0.2802631334986427,9.248123407315852,9.883827459797558,2,6.602816451586808,7.2740167316608675,0.9356824008647023,21.058582071028603,1398382531.5243268
2,1.1500902391612915,45.428441801443334,4.287472057877148,0,2,0.11050967173142151,46,0.035514301628569965,8.937054628357236,8.190071136634113,2,7.634596427786984,6.602816451586808,1.0912059833499947,20.959520958459883,1266497379.6824489
2,1.1500902391612915,45.428441801443334,4.287472057877148,0,2,0.11050967173142151,47,0.09425797907819627,8.955771508041334,9.485433839570383,3,5.4173387074059445,7.634596427786984,0.9441604527017565,21.163559028373765,1553162525.6998146
2,1.1500902391612915,45.428441801443334,4.287472057877148,0,2,0.11050967173142151,48,0.12516814092890055,9.249237287165181,9.584155026785432,3,10.685233595315303,5.4173387074059445,0.9650550581992637,21.62209178299776,2456717098.9107256
2,1.1500902391612915,45.428441801443334,4.287472057877148,0,2,0.11050967173142151,49,-0.11435942179986343,9.22129777603399,8.813271815360656,2,12.250826178327337,10.685233595315303,1.0462967634746254,21.726688993521247,2727602877.375329
2,1.1500902391612915,45.428441801443334,4.287472057877148,0,2,0.11050967173142151,50,-0.10657251720030408,10.250293515903655,10.63858839297935,3,8.100103010678577,12.250826178327337,0.9635012782962878,21.439214651822915,2046127157.4233115
2,1.1500902391612915,45.428441801443334,4.287472057877148,0,2,0.11050967173142151,51,0.12811633661312918,12.097572853164403,11.753292272088935,2,8.73723086207342,8.100103010678577,1.0292922674860256,21.22696423350769,1654830185.4095576
