data_examples/final_simulated_panel.csv
store_id,store_size,area_income,manager_experience,manager_vacant,base_competitors,store_fe,week,week_fe,price,competitor_price,competitor_count,ad_spend,ad_spend_lag,relative_price,log_sales,sales
3,1.188112943278243,56.80328783642699,6.475031136934173,0,4,-0.5651063535569466,0,0.048845901334352015,9.719523883392343,9.541911388848375,5,10.520576563404628,0.0,1.018613932503245,20.512766012758693,810179197.5927885
3,1.188112943278243,56.80328783642699,6.475031136934173,0,4,-0.5651063535569466,1,0.13563566401577118,9.13878083323753,8.866726016109979,4,8.182593224497921,10.520576563404628,1.0306826687362678,20.50940811156837,807463258.3805372
3,1.188112943278243,56.80328783642699,6.475031136934173,0,4,-0.5651063535569466,2,-0.11710587627041394,10.666649017476303,10.337721802973617,4,10.07463561665606,8.182593224497921,1.0318181530487762,19.952599893566585,462704830.4694799
3,1.188112943278243,56.80328783642699,6.475031136934173,0,4,-0.5651063535569466,3,-0.18173462462506965,9.754085109405088,10.265278603751863,6,8.480358500280904,10.07463561665606,0.9502016930977462,19.802858417782495,398356709.86066216
3,1.188112943278243,56.80328783642699,6.475031136934173,0,4,-0.5651063535569466,4,-0.39836764222427296,10.100192392462239,10.190013520920576,5,6.2548533468817595,8.480358500280904,0.9911853769110384,19.817304739852005,404153267.8520503
3,1.188112943278243,56.80328783642699,6.475031136934173,0,4,-0.5651063535569466,5,0.1943245963972403,10.412237032301073,10.717392823995844,4,8.211606608310035,6.2548533468817595,0.971527049842613,20.43796423758408,751787481.4988036
3,1.188112943278243,56.80328783642699,6.475031136934173,0,4,-0.5651063535569466,6,0.0033314601152094115,10.462438068967149,10.617258159856377,4,6.698063986356717,8.211606608310035,0.9854180722971775,20.173697717463416,577199037.5771909
3,1.188112943278243,56.80328783642699,6.475031136934173,0,4,-0.5651063535569466,7,0.04114626898936563,9.35584446800365,10.915974711888738,5,9.556771875486353,6.698063986356717,0.8570782467839606,20.940517303057078,1242656548.860473
3,1.188112943278243,56.80328783642699,6.475031136934173,0,4,-0.5651063535569466,8,-0.1567189753011227,9.802419490551157,9.284141634166389,4,8.712778309488824,9.556771875486353,1.0558239928694608,20.36874259036425,701507809.7429801
3,1.188112943278243,56.80328783642699,6.475031136934173,0,4,-0.5651063535569466,9,0.24529960585719213,10.985441163323141,11.272411453012769,4,11.055751708906296,8.712778309488824,0.9745422449414824,20.55839030937433,847999250.0445266
3,1.188112943278243,56.80328783642699,6.475031136934173,0,4,-0.5651063535569466,10,0.18864011553560334,9.6933340615772,10.515982471475377,4,5.50368134976148,11.055751708906296,0.9217716069678119,20.26781530381072,634162192.4962854
3,1.188112943278243,56.80328783642699,6.475031136934173,0,4,-0.5651063535569466,11,-0.024364776297538047,9.837411623081207,9.52361868611253,5,9.036714774449926,5.50368134976148,1.0329489186107645,20.391829532801943,717891881.4980356
3,1.188112943278243,56.80328783642699,6.475031136934173,0,4,-0.5651063535569466,12,-0.11117269158045646,10.39183228750208,10.403572438650796,4,7.858592662948896,9.036714774449926,0.998871526947311,20.325903556234937,672090496.099193
3,1.188112943278243,56.80328783642699,6.475031136934173,0,4,-0.5651063535569466,13,-0.07133827681171602,10.516529269652922,11.366869820061186,4,10.288922511770496,7.858592662948896,0.9251913179380736,20.438609128298083,752272458.6263413
3,1.188112943278243,56.80328783642699,6.475031136934173,0,4,-0.5651063535569466,14,-0.15972510848492985,9.791318298515895,10.863611111626756,4,6.5282305922049275,10.288922511770496,0.9012949927889776,20.49152615410635,793152567.6588248
3,1.188112943278243,56.80328783642699,6.475031136934173,0,4,-0.5651063535569466,15,0.005312829848108214,10.676986273146312,11.471876322195282,4,5.623600454447951,6.5282305922049275,0.9307096741000379,20.154617168930773,566290167.8979623
3,1.188112943278243,56.80328783642699,6.475031136934173,0,4,-0.5651063535569466,16,-0.12323354394010944,10.120388331517114,11.305650340400325,4,8.083876375455135,5.623600454447951,0.8951619789046792,20.412365429370617,732786852.2543666
3,1.188112943278243,56.80328783642699,6.475031136934173,0,4,-0.5651063535569466,17,0.11710850410840844,8.830266413971898,9.099627360750192,4,6.798848070609942,8.083876375455135,0.9703986838032358,20.632442281657156,913178822.2583755
3,1.188112943278243,56.80328783642699,6.475031136934173,0,4,-0.5651063535569466,18,-0.07189371493174873,10.793810132715299,10.93326065428284,4,6.191846312847424,6.798848070609942,0.9872452943383441,19.662970097614462,346353364.8694832
3,1.188112943278243,56.80328783642699,6.475031136934173,0,4,-0.5651063535569466,19,-0.07079141278787165,9.289765153288702,9.948702850890239,4,8.950360752774234,6.191846312847424,0.9337664711191396,20.598851426896335,883013835.2421004
3,1.188112943278243,56.80328783642699,6.475031136934173,0,4,-0.5651063535569466,20,0.3074506008403983,13.225981623020138,14.148528920669477,4,9.415545784084346,8.950360752774234,0.9347955322548341,20.929441149298867,1228968638.493705
3,1.188112943278243,56.80328783642699,6.475031136934173,0,4,-0.5651063535569466,21,-0.14514390451041106,10.468022391094747,10.174116854740326,4,8.33775779022286,9.415545784084346,1.028887572312233,20.31633660288336,665691296.9030747
3,1.188112943278243,56.80328783642699,6.475031136934173,0,4,-0.5651063535569466,22,-0.31358317758909293,9.90884227809658,11.021006178034934,4,8.91688999597694,8.33775779022286,0.8990868998735417,19.818310155114716,404559814.0556554
3,1.188112943278243,56.80328783642699,6.475031136934173,0,4,-0.5651063535569466,23,0.07324303848148955,11.049642081372452,11.25378112568206,4,5.953504956830592,8.91688999597694,0.981860403891831,20.628481436062795,909569015.6060671
3,1.188112943278243,56.80328783642699,6.475031136934173,0,4,-0.5651063535569466,24,-0.4155737022818746,11.673469361768282,11.256313356370768,4,12.32448251719033,5.953504956830592,1.0370597363622092,20.276339097089284,639590763.0691682
3,1.188112943278243,56.80328783642699,6.475031136934173,0,4,-0.5651063535569466,25,0.05287572716514413,11.734447407718283,12.608420593279597,4,9.03692114646169,12.32448251719033,0.9306833731397611,20.230460314435916,610910065.7697718
3,1.188112943278243,56.80328783642699,6.475031136934173,0,4,-0.5651063535569466,26,0.19634402837852838,10.536425494352159,10.501820454570467,4,8.92986525060409,9.03692114646169,1.003295146773018,21.178791071583213,1577001461.3370316
3,1.188112943278243,56.80328783642699,6.475031136934173,0,4,-0.5651063535569466,27,0.01402300615082264,11.31336459934065,10.95140042876067,4,9.028384478724831,8.92986525060409,1.0330518615344744,20.544454063073278,836263291.1842883
3,1.188112943278243,56.80328783642699,6.475031136934173,0,4,-0.5651063535569466,28,0.0018550148592412774,10.958494419432512,11.440134900865882,4,10.71242968070213,9.028384478724831,0.9578990557710193,20.656902673935388,935790957.9126788
3,1.188112943278243,56.80328783642699,6.475031136934173,0,4,-0.5651063535569466,29,-0.41012187044991083,10.356038544571849,10.163149217142369,4,10.869079343564309,10.71242968070213,1.0189792871587608,20.098957782910404,535631928.67239505
3,1.188112943278243,56.80328783642699,6.475031136934173,0,4,-0.5651063535569466,30,0.11106073711175773,8.765293968693111,8.33433288760424,4,6.284112277780192,10.869079343564309,1.0517091274011678,21.148386935853978,1529775662.608357
3,1.188112943278243,56.80328783642699,6.475031136934173,0,4,-0.5651063535569466,31,0.07925851344932232,10.309756874102767,11.0731612113427,4,8.945584145634541,6.284112277780192,0.9310581393452534,20.56158218478169,850710282.3331673
3,1.188112943278243,56.80328783642699,6.475031136934173,0,4,-0.5651063535569466,32,-0.2343995516749002,7.7297202147884905,7.114216190366966,4,10.916428061293686,8.945584145634541,1.0865174754254658,21.469737041981983,2109542722.9828894
3,1.188112943278243,56.80328783642699,6.475031136934173,0,4,-0.5651063535569466,33,0.3826341494492407,9.421617298818735,9.464691115962424,4,10.781880871234247,10.916428061293686,0.995448999167966,20.81761447164462,1098942808.7332716
3,1.188112943278243,56.80328783642699,6.475031136934173,0,4,-0.5651063535569466,34,-0.2448032401480451,11.678582559268822,12.313179340834246,5,11.789328221948866,10.781880871234247,0.9484619882485664,19.918063217637474,446997347.08952767
3,1.188112943278243,56.80328783642699,6.475031136934173,0,4,-0.5651063535569466,35,-0.33585807234342985,10.506271510834576,10.771375295599778,4,9.417945205885557,11.789328221948866,0.9753881210625444,20.25113880345159,623674280.3617992
3,1.188112943278243,56.80328783642699,6.475031136934173,0,4,-0.5651063535569466,36,-0.36221155398213295,10.294500231795515,9.774866915184136,5,6.969902930838335,9.417945205885557,1.0531601423446686,18.980300087565933,175000622.24478158
3,1.188112943278243,56.80328783642699,6.475031136934173,0,4,-0.5651063535569466,37,0.005194181464211946,9.474966535374682,9.248809744032819,4,8.703841818611993,6.969902930838335,1.024452529309274,20.612888064954834,895495778.1660622
3,1.188112943278243,56.80328783642699,6.475031136934173,0,4,-0.5651063535569466,38,0.0675742500294194,9.503101878322838,9.200419661521835,5,7.685843643061371,8.703841818611993,1.0328987402679994,20.403739172788278,726492830.798002
3,1.188112943278243,56.80328783642699,6.475031136934173,0,4,-0.5651063535569466,39,0.08819478218692851,9.682625619181902,10.141928393538748,4,6.667907792852084,7.685843643061371,0.9547124810455712,20.70640001679072,983275611.5522162
3,1.188112943278243,56.80328783642699,6.475031136934173,0,4,-0.5651063535569466,40,-0.06747199564309786,8.98628250346519,8.406726818567874,4,7.9192791631338295,6.667907792852084,1.0689395168185145,20.08730947330635,529428919.55554736
3,1.188112943278243,56.80328783642699,6.475031136934173,0,4,-0.5651063535569466,41,-0.16253500440717236,8.116013780621689,9.311532643595786,4,8.510397275523934,7.9192791631338295,0.8716087986013407,20.566615851324787,855003269.8885614
3,1.188112943278243,56.80328783642699,6.475031136934173,0,4,-0.5651063535569466,42,0.16855291640160835,11.426867858990663,11.300697138849264,4,9.970613984929681,8.510397275523934,1.0111648616533269,20.6008930011914,884818415.0554045
3,1.188112943278243,56.80328783642699,6.475031136934173,0,4,-0.5651063535569466,43,-0.17951707731235617,12.059098261595077,12.026665296044452,4,9.419780145868115,9.970613984929681,1.0026967546491288,20.119373438680373,546679594.7022582
3,1.188112943278243,56.80328783642699,6.475031136934173,0,4,-0.5651063535569466,44,-0.2419680411959665,9.777734079874618,9.135499087954875,4,7.472514279489289,9.419780145868115,1.070301029613864,19.639644000009405,338367790.6964969
3,1.188112943278243,56.80328783642699,6.475031136934173,0,4,-0.5651063535569466,45,0.2802631334986427,11.192095636612368,11.351347456440939,4,6.702382869976309,7.472514279489289,0.9859706682013148,20.388837638390957,715747234.6683259
3,1.188112943278243,56.80328783642699,6.475031136934173,0,4,-0.5651063535569466,46,0.035514301628569965,9.202565300768384,8.997891903925305,4,6.112560988254847,6.702382869976309,1.0227468165908717,19.982233248796657,476621507.6168199
3,1.188112943278243,56.80328783642699,6.475031136934173,0,4,-0.5651063535569466,47,0.09425797907819627,10.79457886180086,10.512140958706,5,7.666216799548778,6.112560988254847,1.0268677811878986,20.33041958920675,675132542.761034
3,1.188112943278243,56.80328783642699,6.475031136934173,0,4,-0.5651063535569466,48,0.12516814092890055,9.068669477840842,8.236766726144573,5,6.831443622691804,7.666216799548778,1.100998702446641,20.68767729791038,965037286.9762243
3,1.188112943278243,56.80328783642699,6.475031136934173,0,4,-0.5651063535569466,49,-0.11435942179986343,11.37366543829385,12.12057769146137,4,7.120636331617797,6.831443622691804,0.9383765137124033,20.027513327912267,498699031.2242843
3,1.188112943278243,56.80328783642699,6.475031136934173,0,4,-0.5651063535569466,50,-0.10657251720030408,10.526592415172658,10.578155849531722,4,10.945217642052937,7.120636331617797,0.9951254798007777,20.29606948295562,652335450.9825815
3,1.188112943278243,56.80328783642699,6.475031136934173,0,4,-0.5651063535569466,51,0.12811633661312918,9.207905397548771,8.613507580699444,4,8.90126918296034,10.945217642052937,1.0690076384423475,21.0185630901046,1343525666.5830688
