data_examples/final_simulated_panel.csv
store_id,store_size,area_income,manager_experience,manager_vacant,base_competitors,store_fe,week,week_fe,price,competitor_price,competitor_count,ad_spend,ad_spend_lag,relative_price,log_sales,sales
4,0.6097929622692326,55.29627345707205,3.132764639980246,0,2,-0.9240413746530577,0,0.048845901334352015,10.506513860580988,10.186902120218962,2,5.765432932026995,0.0,1.0313747728789562,19.88150424802198,430950696.4003765
4,0.6097929622692326,55.29627345707205,3.132764639980246,0,2,-0.9240413746530577,1,0.13563566401577118,11.618668907001311,12.026723326354384,2,8.221821765879593,5.765432932026995,0.9660710229810562,20.19090830792824,587218950.813896
4,0.6097929622692326,55.29627345707205,3.132764639980246,0,2,-0.9240413746530577,2,-0.11710587627041394,9.983255277331326,9.95253848446451,2,8.622719785018017,8.221821765879593,1.0030863274645723,20.038930197491933,504425238.50577396
4,0.6097929622692326,55.29627345707205,3.132764639980246,0,2,-0.9240413746530577,3,-0.18173462462506965,9.946465346769106,10.174651517602351,2,10.345862512606903,8.622719785018017,0.9775730726071081,19.92474995636386,449996317.0509211
4,0.6097929622692326,55.29627345707205,3.132764639980246,0,2,-0.9240413746530577,4,-0.39836764222427296,10.008137083048574,9.4453021245233,2,8.302126638357175,10.345862512606903,1.05958887827039,19.359403015751514,255671254.66868854
4,0.6097929622692326,55.29627345707205,3.132764639980246,0,2,-0.9240413746530577,5,0.1943245963972403,10.132531124306725,10.65167772569486,2,9.542408098013464,8.302126638357175,0.9512615181610493,20.07678304964834,523885155.6452034
4,0.6097929622692326,55.29627345707205,3.132764639980246,0,2,-0.9240413746530577,6,0.0033314601152094115,11.267227987755884,10.470857777743161,2,7.585910611240573,9.542408098013464,1.0760558711536974,19.989296868495405,480000099.18202347
4,0.6097929622692326,55.29627345707205,3.132764639980246,0,2,-0.9240413746530577,7,0.04114626898936563,11.3183981108743,11.25784117402,2,7.394238981572261,7.585910611240573,1.0053790896423418,20.36149485402241,696441846.6547127
4,0.6097929622692326,55.29627345707205,3.132764639980246,0,2,-0.9240413746530577,8,-0.1567189753011227,7.927390545018363,6.9854522372752434,2,8.760473667711166,7.394238981572261,1.1348428527958174,19.93297502392019,453712830.49347454
4,0.6097929622692326,55.29627345707205,3.132764639980246,0,2,-0.9240413746530577,9,0.24529960585719213,11.255344921943141,11.459139160866535,2,7.479535044120179,8.760473667711166,0.9822155716880235,19.853602929440108,419092798.4758026
4,0.6097929622692326,55.29627345707205,3.132764639980246,0,2,-0.9240413746530577,10,0.18864011553560334,9.85323793921053,10.087340451821518,3,8.039808958869221,7.479535044120179,0.976792444576537,20.096398631501955,534262917.96772647
4,0.6097929622692326,55.29627345707205,3.132764639980246,0,2,-0.9240413746530577,11,-0.024364776297538047,11.733963215658715,11.717066845949008,2,6.119835440416715,8.039808958869221,1.0014420306661944,19.438316532222927,276664608.8653125
4,0.6097929622692326,55.29627345707205,3.132764639980246,0,2,-0.9240413746530577,12,-0.11117269158045646,10.537414041083201,10.797095450049214,2,7.302545649664076,6.119835440416715,0.9759489568127482,19.86502925078509,423908950.51502866
4,0.6097929622692326,55.29627345707205,3.132764639980246,0,2,-0.9240413746530577,13,-0.07133827681171602,11.049745702829249,11.488103038641452,2,7.234035457468946,7.302545649664076,0.9618424961599193,20.036789129699617,503346385.23511064
4,0.6097929622692326,55.29627345707205,3.132764639980246,0,2,-0.9240413746530577,14,-0.15972510848492985,9.582107221295162,9.033958444405515,2,6.133631194231538,7.234035457468946,1.0606764775666089,19.780894696287454,389702699.0631748
4,0.6097929622692326,55.29627345707205,3.132764639980246,0,2,-0.9240413746530577,15,0.005312829848108214,8.76654545843479,8.542182695111087,2,7.862260993548462,6.133631194231538,1.0262652733302122,19.97715950901995,474209378.5473773
4,0.6097929622692326,55.29627345707205,3.132764639980246,0,2,-0.9240413746530577,16,-0.12323354394010944,10.356682059661361,9.84760898369667,2,7.107900303565289,7.862260993548462,1.0516950943937247,20.13496250313999,555268591.4144965
4,0.6097929622692326,55.29627345707205,3.132764639980246,0,2,-0.9240413746530577,17,0.11710850410840844,11.09132545683205,11.654627092123626,2,7.499732255863918,7.107900303565289,0.9516671249248067,20.14290010649187,559693632.122393
4,0.6097929622692326,55.29627345707205,3.132764639980246,0,2,-0.9240413746530577,18,-0.07189371493174873,10.87292574723571,9.838799201258334,2,8.635300718482117,7.499732255863918,1.1051069876337263,19.569374805200567,315407119.51225287
4,0.6097929622692326,55.29627345707205,3.132764639980246,0,2,-0.9240413746530577,19,-0.07079141278787165,10.929633521983083,10.3245182558215,2,10.070713858049624,8.635300718482117,1.0586095400451627,20.580364484024777,866839575.8694844
4,0.6097929622692326,55.29627345707205,3.132764639980246,0,2,-0.9240413746530577,20,0.3074506008403983,10.382138906026137,9.993419269655737,3,6.460791686727443,10.070713858049624,1.038897561073087,20.421305069158027,739367071.3259389
4,0.6097929622692326,55.29627345707205,3.132764639980246,0,2,-0.9240413746530577,21,-0.14514390451041106,10.885351106124709,10.646455711970425,3,8.318432345555294,6.460791686727443,1.0224389600273902,19.568462308106575,315119442.7043603
4,0.6097929622692326,55.29627345707205,3.132764639980246,0,2,-0.9240413746530577,22,-0.31358317758909293,9.349458570104112,10.047941481417503,2,11.51970140566988,8.318432345555294,0.9304849742004216,19.832992221179456,410543406.2341919
4,0.6097929622692326,55.29627345707205,3.132764639980246,0,2,-0.9240413746530577,23,0.07324303848148955,10.041618197313039,9.500251261847353,2,5.789203823381452,11.51970140566988,1.0569844860461528,20.024674734760133,497285434.83098006
4,0.6097929622692326,55.29627345707205,3.132764639980246,0,2,-0.9240413746530577,24,-0.4155737022818746,8.636412115293126,8.49508476592216,2,12.403696947729328,5.789203823381452,1.0166363671776293,19.81438078486078,402973267.8614276
4,0.6097929622692326,55.29627345707205,3.132764639980246,0,2,-0.9240413746530577,25,0.05287572716514413,10.150461236453609,10.160509170265268,2,9.29286223472993,12.403696947729328,0.9990110796965703,20.804168087354373,1084264904.934407
4,0.6097929622692326,55.29627345707205,3.132764639980246,0,2,-0.9240413746530577,26,0.19634402837852838,9.903819670090144,10.232500395125786,2,8.909283501384877,9.29286223472993,0.9678787478774779,20.92249655772926,1220463519.7171736
4,0.6097929622692326,55.29627345707205,3.132764639980246,0,2,-0.9240413746530577,27,0.01402300615082264,10.277769613081544,10.22893809297235,3,9.55672715632359,8.909283501384877,1.0047738601666525,20.320260017314126,668308210.004208
4,0.6097929622692326,55.29627345707205,3.132764639980246,0,2,-0.9240413746530577,28,0.0018550148592412774,11.278611699979159,11.39238510947223,2,9.298330970474582,9.55672715632359,0.9900132054526077,19.947522530171714,460361463.99645513
4,0.6097929622692326,55.29627345707205,3.132764639980246,0,2,-0.9240413746530577,29,-0.41012187044991083,10.307598299939976,10.320046525488667,2,9.241242622523579,9.298330970474582,0.9987937820320919,20.385712491880284,713513911.2444845
4,0.6097929622692326,55.29627345707205,3.132764639980246,0,2,-0.9240413746530577,30,0.11106073711175773,7.345952619963658,7.475504365996675,2,10.526859218662155,9.241242622523579,0.9826698320688166,20.317044659743654,666162811.1024172
4,0.6097929622692326,55.29627345707205,3.132764639980246,0,2,-0.9240413746530577,31,0.07925851344932232,11.636898995129364,11.721754477320143,2,5.7908051209924505,10.526859218662155,0.992760854840036,19.77698279966762,388181200.30517656
4,0.6097929622692326,55.29627345707205,3.132764639980246,0,2,-0.9240413746530577,32,-0.2343995516749002,10.427461040346085,9.59209797270322,2,9.164416001470315,5.7908051209924505,1.0870886713230103,19.425598736545187,273168324.537991
4,0.6097929622692326,55.29627345707205,3.132764639980246,0,2,-0.9240413746530577,33,0.3826341494492407,11.062127372051382,11.166504535409317,2,5.948810708438213,9.164416001470315,0.9906526556249584,20.85257499320832,1138041902.566177
4,0.6097929622692326,55.29627345707205,3.132764639980246,0,2,-0.9240413746530577,34,-0.2448032401480451,9.501105814197956,9.420595084532005,2,9.297945726650834,5.948810708438213,1.0085462467013517,20.363969935363407,698167731.8465061
4,0.6097929622692326,55.29627345707205,3.132764639980246,0,2,-0.9240413746530577,35,-0.33585807234342985,11.132729785524946,11.003605658590793,2,8.103475418631739,9.297945726650834,1.011734710506764,20.179585604079694,580607544.670171
4,0.6097929622692326,55.29627345707205,3.132764639980246,0,2,-0.9240413746530577,36,-0.36221155398213295,11.850065130871359,12.10475603218441,2,7.864117230910197,8.103475418631739,0.9789594353958169,19.710280673850203,363133347.7150349
4,0.6097929622692326,55.29627345707205,3.132764639980246,0,2,-0.9240413746530577,37,0.005194181464211946,8.7043351261865,9.185950374698438,2,10.002156051589344,7.864117230910197,0.9475704495597442,20.538409995186463,831224103.0192378
4,0.6097929622692326,55.29627345707205,3.132764639980246,0,2,-0.9240413746530577,38,0.0675742500294194,11.565455313775896,12.257364922344133,2,9.043171606798113,10.002156051589344,0.9435515208242724,20.405096401115305,727479516.875028
4,0.6097929622692326,55.29627345707205,3.132764639980246,0,2,-0.9240413746530577,39,0.08819478218692851,9.407260630824776,9.516618360557223,2,12.680706937592902,9.043171606798113,0.9885087616641545,20.072537253384468,521665561.315667
4,0.6097929622692326,55.29627345707205,3.132764639980246,0,2,-0.9240413746530577,40,-0.06747199564309786,9.582812808942016,9.558812829470638,2,8.793203452288122,12.680706937592902,1.0025107698936613,20.170062048206734,575104342.8971323
4,0.6097929622692326,55.29627345707205,3.132764639980246,0,2,-0.9240413746530577,41,-0.16253500440717236,10.365565228522264,10.4971278707326,2,9.088360813642806,8.793203452288122,0.9874667962674676,19.828633028269245,408757663.3550576
4,0.6097929622692326,55.29627345707205,3.132764639980246,0,2,-0.9240413746530577,42,0.16855291640160835,12.464387564362976,11.757542652262543,2,9.555381566057743,9.088360813642806,1.0601184221062054,20.26580679164487,632889748.3051192
4,0.6097929622692326,55.29627345707205,3.132764639980246,0,2,-0.9240413746530577,43,-0.17951707731235617,8.572605515057365,8.395092881961077,2,6.9450035587110115,9.555381566057743,1.0211448087105406,20.060985393152436,515674026.97556716
4,0.6097929622692326,55.29627345707205,3.132764639980246,0,2,-0.9240413746530577,44,-0.2419680411959665,9.75374596542748,9.18791424118891,2,9.929031465364176,6.9450035587110115,1.0615843497648223,19.62861005704721,334654782.0274846
4,0.6097929622692326,55.29627345707205,3.132764639980246,0,2,-0.9240413746530577,45,0.2802631334986427,10.445700830807876,11.492013775235904,2,7.33380408556673,9.929031465364176,0.9089530377449839,20.52874542048991,823229370.6583102
4,0.6097929622692326,55.29627345707205,3.132764639980246,0,2,-0.9240413746530577,46,0.035514301628569965,11.066884558784094,11.541508250806855,2,4.915072485641634,7.33380408556673,0.9588768052052833,20.16253931963793,570794221.2905635
4,0.6097929622692326,55.29627345707205,3.132764639980246,0,2,-0.9240413746530577,47,0.09425797907819627,10.310029494370148,10.487094598816965,2,8.426123867023263,4.915072485641634,0.9831159047171377,19.969670362866385,470671220.6320478
4,0.6097929622692326,55.29627345707205,3.132764639980246,0,2,-0.9240413746530577,48,0.12516814092890055,10.864369873230167,11.558820296242763,3,11.437846050920905,8.426123867023263,0.9399203028324328,20.592278612652247,877228981.5388731
4,0.6097929622692326,55.29627345707205,3.132764639980246,0,2,-0.9240413746530577,49,-0.11435942179986343,9.406134982448425,10.054528173337898,2,6.832809447709216,11.437846050920905,0.9355123204479301,19.67483451693751,350487120.2374067
4,0.6097929622692326,55.29627345707205,3.132764639980246,0,2,-0.9240413746530577,50,-0.10657251720030408,11.22875371551854,11.409167768646983,2,3.8224762460189696,6.832809447709216,0.9841869225883214,19.8497042457888,417462069.1484422
4,0.6097929622692326,55.29627345707205,3.132764639980246,0,2,-0.9240413746530577,51,0.12811633661312918,11.521344917456378,12.060060965954175,2,6.363431386888567,3.8224762460189696,0.9553305700511295,19.64739412973424,341000373.22008383
