data_examples/final_simulated_panel.csv
store_id,store_size,area_income,manager_experience,manager_vacant,base_competitors,store_fe,week,week_fe,price,competitor_price,competitor_count,ad_spend,ad_spend_lag,relative_price,log_sales,sales
5,0.7395640986275364,53.61122151756658,4.58912488426474,0,4,0.021741434156152907,0,0.048845901334352015,8.831921499694936,9.04794046317837,4,8.482173114407887,0.0,0.976125067979553,20.97391523692977,1284859533.5804052
5,0.7395640986275364,53.61122151756658,4.58912488426474,0,4,0.021741434156152907,1,0.13563566401577118,9.157110752968135,9.787044175614849,5,6.598575755349558,8.482173114407887,0.9356359886250192,20.68039083012908,958031129.9435692
5,0.7395640986275364,53.61122151756658,4.58912488426474,0,4,0.021741434156152907,2,-0.11710587627041394,10.355904402766825,10.22281259820161,4,6.1100300078351575,6.598575755349558,1.0130190985393421,19.99096564790214,480801782.1927732
5,0.7395640986275364,53.61122151756658,4.58912488426474,0,4,0.021741434156152907,3,-0.18173462462506965,10.302156457513728,10.384676733099251,6,9.101405073131064,6.1100300078351575,0.992053650035874,20.219791122836373,604426796.3497887
5,0.7395640986275364,53.61122151756658,4.58912488426474,0,4,0.021741434156152907,4,-0.39836764222427296,10.509405155873864,10.727188222819262,4,11.067088097778758,9.101405073131064,0.9796980287451169,20.54013612187138,832660140.1590626
5,0.7395640986275364,53.61122151756658,4.58912488426474,0,4,0.021741434156152907,5,0.1943245963972403,8.762528000438206,9.20261155783043,4,8.849182185934678,11.067088097778758,0.952178405594251,21.333483699798865,1840832404.096417
5,0.7395640986275364,53.61122151756658,4.58912488426474,0,4,0.021741434156152907,6,0.0033314601152094115,9.60437559106741,9.262971732585513,4,7.312350359443803,8.849182185934678,1.0368568390725945,20.850191984152865,1135333167.1592226
5,0.7395640986275364,53.61122151756658,4.58912488426474,0,4,0.021741434156152907,7,0.04114626898936563,9.516616950029832,9.694435020563919,4,8.96521679080538,7.312350359443803,0.9816577170142563,21.014745542557517,1338406471.0734127
5,0.7395640986275364,53.61122151756658,4.58912488426474,0,4,0.021741434156152907,8,-0.1567189753011227,11.383561979519117,11.027738850473638,4,6.761005974788358,8.96521679080538,1.0322661910904969,20.832053523203495,1114925611.1812654
5,0.7395640986275364,53.61122151756658,4.58912488426474,0,4,0.021741434156152907,9,0.24529960585719213,9.935387907006977,9.976397383711822,4,10.099496377649803,6.761005974788358,0.995889350120335,21.338110560263697,1849369413.3146281
5,0.7395640986275364,53.61122151756658,4.58912488426474,0,4,0.021741434156152907,10,0.18864011553560334,9.533079556193089,8.617095643563191,4,10.028267057677578,10.099496377649803,1.1062984502573232,21.16292980943776,1552185553.8247855
5,0.7395640986275364,53.61122151756658,4.58912488426474,0,4,0.021741434156152907,11,-0.024364776297538047,9.138690619174124,8.023138700288209,5,6.540303531586194,10.028267057677578,1.1390418339453414,20.80209786936157,1082022562.0893528
5,0.7395640986275364,53.61122151756658,4.58912488426474,0,4,0.021741434156152907,12,-0.11117269158045646,10.061373810888192,9.819493544665137,4,8.07344017268017,6.540303531586194,1.0246326620739483,20.918983606505414,1216183612.855411
5,0.7395640986275364,53.61122151756658,4.58912488426474,0,4,0.021741434156152907,13,-0.07133827681171602,11.270917066652283,11.283617271518152,4,7.032204650885293,8.07344017268017,0.9988744562527899,20.960042042246688,1267157502.9078496
5,0.7395640986275364,53.61122151756658,4.58912488426474,0,4,0.021741434156152907,14,-0.15972510848492985,8.518274590386378,7.964387341966059,5,10.591650465358986,7.032204650885293,1.0695454935374336,21.185498895135865,1587615266.8520365
5,0.7395640986275364,53.61122151756658,4.58912488426474,0,4,0.021741434156152907,15,0.005312829848108214,10.206988277434926,11.3143153825895,6,6.892623195324369,10.591650465358986,0.902130436733403,21.09468339165109,1449788312.9483953
5,0.7395640986275364,53.61122151756658,4.58912488426474,0,4,0.021741434156152907,16,-0.12323354394010944,10.613834320916128,10.072070722408286,7,7.97699618038478,6.892623195324369,1.05378870079839,20.28847550535356,647400392.2579285
5,0.7395640986275364,53.61122151756658,4.58912488426474,0,4,0.021741434156152907,17,0.11710850410840844,12.115535463409353,11.570418369405889,4,11.540061991151912,7.97699618038478,1.0471129976980647,21.05438225126008,1392521892.3529954
5,0.7395640986275364,53.61122151756658,4.58912488426474,0,4,0.021741434156152907,18,-0.07189371493174873,10.806951512290764,10.750929248172376,4,5.283040711421215,11.540061991151912,1.0052109229653716,20.695196798864213,972321237.2905242
5,0.7395640986275364,53.61122151756658,4.58912488426474,0,4,0.021741434156152907,19,-0.07079141278787165,11.495318260848947,11.19747297429428,5,8.803567426279283,5.283040711421215,1.0265993306917036,19.772104633669677,386292199.14937794
5,0.7395640986275364,53.61122151756658,4.58912488426474,0,4,0.021741434156152907,20,0.3074506008403983,10.186196063997016,10.33268272544506,4,9.385153495570991,8.803567426279283,0.9858229788584034,21.345764492480676,1863578670.4257224
5,0.7395640986275364,53.61122151756658,4.58912488426474,0,4,0.021741434156152907,21,-0.14514390451041106,8.750538642509232,8.2145095929332,4,2.3707999833235984,9.385153495570991,1.0652539319008365,20.667292228447778,945564090.4170856
5,0.7395640986275364,53.61122151756658,4.58912488426474,0,4,0.021741434156152907,22,-0.31358317758909293,8.72745403104509,9.098069680908456,5,3.775468388253893,2.3707999833235984,0.9592643645452539,19.66506919548382,347081158.0670667
5,0.7395640986275364,53.61122151756658,4.58912488426474,0,4,0.021741434156152907,23,0.07324303848148955,9.446047585922791,8.72635155545872,5,8.60907037006477,3.775468388253893,1.0824738753521648,21.286309141431566,1756008445.1023433
5,0.7395640986275364,53.61122151756658,4.58912488426474,0,4,0.021741434156152907,24,-0.4155737022818746,10.317232879066438,9.92249528089758,4,6.911396466224616,8.60907037006477,1.0397820897863053,20.0470394361672,508532373.5207094
5,0.7395640986275364,53.61122151756658,4.58912488426474,0,4,0.021741434156152907,25,0.05287572716514413,9.900661571613243,9.722941603960107,4,8.474673666619388,6.911396466224616,1.0182784156166023,20.831988850754037,1114853508.5425792
5,0.7395640986275364,53.61122151756658,4.58912488426474,0,4,0.021741434156152907,26,0.19634402837852838,9.72933223170335,9.173720701327278,4,6.465758112551896,8.474673666619388,1.0605655598710002,20.290405436420045,648651036.8281233
5,0.7395640986275364,53.61122151756658,4.58912488426474,0,4,0.021741434156152907,27,0.01402300615082264,12.034637737541587,12.210018648610617,4,9.252793035435495,6.465758112551896,0.9856363109577243,21.174129531917266,1569667313.9620905
5,0.7395640986275364,53.61122151756658,4.58912488426474,0,4,0.021741434156152907,28,0.0018550148592412774,7.8051883204140236,7.780370759650354,4,6.844645127721325,9.252793035435495,1.0031897658261193,21.276181479785603,1738313938.9513774
5,0.7395640986275364,53.61122151756658,4.58912488426474,0,4,0.021741434156152907,29,-0.41012187044991083,9.171793977027576,9.478767375865527,4,9.94540029341783,6.844645127721325,0.9676146289211027,20.92113020807746,1218797078.5418913
5,0.7395640986275364,53.61122151756658,4.58912488426474,0,4,0.021741434156152907,30,0.11106073711175773,12.653103573840635,12.066460044341655,4,13.17712374062593,9.94540029341783,1.048617699585727,20.67535068848948,953214665.3813657
5,0.7395640986275364,53.61122151756658,4.58912488426474,0,4,0.021741434156152907,31,0.07925851344932232,10.560762466082096,10.365539207136583,4,5.772741486620247,13.17712374062593,1.0188338739591185,20.764400328383555,1041992235.155351
5,0.7395640986275364,53.61122151756658,4.58912488426474,0,4,0.021741434156152907,32,-0.2343995516749002,9.582857617223556,9.478967992126387,4,9.946119450713809,5.772741486620247,1.0109600143373692,21.254457256689154,1700957656.3927057
5,0.7395640986275364,53.61122151756658,4.58912488426474,0,4,0.021741434156152907,33,0.3826341494492407,9.136656591381476,9.502432794344307,4,3.1277716025360602,9.946119450713809,0.9615070991945837,21.11190389239115,1474970597.1311758
5,0.7395640986275364,53.61122151756658,4.58912488426474,0,4,0.021741434156152907,34,-0.2448032401480451,11.091737619055653,11.111211175394134,4,4.25542462799015,3.1277716025360602,0.9982473957131149,19.91163300666333,444132281.20387167
5,0.7395640986275364,53.61122151756658,4.58912488426474,0,4,0.021741434156152907,35,-0.33585807234342985,10.994682106684097,11.223035492682628,4,11.458660871345602,4.25542462799015,0.9796531530041568,20.188963415089624,586077982.7716988
5,0.7395640986275364,53.61122151756658,4.58912488426474,0,4,0.021741434156152907,36,-0.36221155398213295,11.117167186289757,11.384017181479972,4,6.76247091117482,11.458660871345602,0.9765592417038567,20.650705091063028,930009250.7108583
5,0.7395640986275364,53.61122151756658,4.58912488426474,0,4,0.021741434156152907,37,0.005194181464211946,9.00166331959904,9.604946931244335,4,9.47928394107022,6.76247091117482,0.9371903232819695,21.003116146891607,1322931767.7863345
5,0.7395640986275364,53.61122151756658,4.58912488426474,0,4,0.021741434156152907,38,0.0675742500294194,10.455179285509535,10.547693900071296,5,8.301698522478867,9.47928394107022,0.9912289249727719,20.812702843176307,1093558443.7733655
5,0.7395640986275364,53.61122151756658,4.58912488426474,0,4,0.021741434156152907,39,0.08819478218692851,10.106657772197142,9.202741510411178,4,8.891251278062109,8.301698522478867,1.0982224982374384,21.079315656213787,1427678672.3976605
5,0.7395640986275364,53.61122151756658,4.58912488426474,0,4,0.021741434156152907,40,-0.06747199564309786,10.785929870673794,10.52614703700055,4,8.165670529642973,8.891251278062109,1.024679764852237,20.438188926957427,751956419.1354469
5,0.7395640986275364,53.61122151756658,4.58912488426474,0,4,0.021741434156152907,41,-0.16253500440717236,8.718015366897463,9.546594961134314,4,9.148990845041789,8.165670529642973,0.9132067928292623,21.072510988849956,1417996772.3430111
5,0.7395640986275364,53.61122151756658,4.58912488426474,0,4,0.021741434156152907,42,0.16855291640160835,10.958849455846522,10.766179724785008,5,8.490217599154434,9.148990845041789,1.0178958308319863,21.25440569980584,1700869962.5779228
5,0.7395640986275364,53.61122151756658,4.58912488426474,0,4,0.021741434156152907,43,-0.17951707731235617,11.918225215946325,12.245675699670851,4,4.079995196937988,8.490217599154434,0.9732599089053675,20.484391990216803,787514223.6012334
5,0.7395640986275364,53.61122151756658,4.58912488426474,0,4,0.021741434156152907,44,-0.2419680411959665,8.996713988412148,9.93607163464407,4,5.509933161744735,4.079995196937988,0.9054598556881709,21.010088294578228,1332187672.724015
5,0.7395640986275364,53.61122151756658,4.58912488426474,0,4,0.021741434156152907,45,0.2802631334986427,11.272911894087784,11.14722026983698,4,10.757649100234563,5.509933161744735,1.0112756024558796,21.011296831229473,1333798643.6154444
5,0.7395640986275364,53.61122151756658,4.58912488426474,0,4,0.021741434156152907,46,0.035514301628569965,12.090457975552507,12.023739356985468,4,11.472075465951878,10.757649100234563,1.0055489075890753,20.574330104580177,861624487.6866187
5,0.7395640986275364,53.61122151756658,4.58912488426474,0,4,0.021741434156152907,47,0.09425797907819627,11.306516126284542,11.050046975701036,4,4.7983983950651545,11.472075465951878,1.0232097792115706,20.30524459253714,658348242.056764
5,0.7395640986275364,53.61122151756658,4.58912488426474,0,4,0.021741434156152907,48,0.12516814092890055,10.374274202469898,10.992149611536504,4,11.266148578404323,4.7983983950651545,0.9437893923479597,21.043853636269418,1377937477.054508
5,0.7395640986275364,53.61122151756658,4.58912488426474,0,4,0.021741434156152907,49,-0.11435942179986343,10.56547765933888,10.621341405558423,5,7.184950435951443,11.266148578404323,0.9947404245766633,20.472901767288327,778517296.9440767
5,0.7395640986275364,53.61122151756658,4.58912488426474,0,4,0.021741434156152907,50,-0.10657251720030408,9.908703358386772,9.490773158257884,4,8.578173853820777,7.184950435951443,1.0440354218945005,20.215709332631924,601964681.3101103
5,0.7395640986275364,53.61122151756658,4.58912488426474,0,4,0.021741434156152907,51,0.12811633661312918,10.678364021786154,10.440133034478647,5,8.31956406049385,8.578173853820777,1.0228187693126847,20.76409490793446,1041674038.0133667
