data_examples/final_simulated_panel.csv
store_id,store_size,area_income,manager_experience,manager_vacant,base_competitors,store_fe,week,week_fe,price,competitor_price,competitor_count,ad_spend,ad_spend_lag,relative_price,log_sales,sales
6,1.025568080633457,57.248577487733165,3.0999558901788378,0,3,-0.18871041345533432,0,0.048845901334352015,8.931017922254341,8.586667996284474,3,9.442573020855441,0.0,1.0401028578394869,21.077198293217,1424658956.4509974
6,1.025568080633457,57.248577487733165,3.0999558901788378,0,3,-0.18871041345533432,1,0.13563566401577118,10.048160991604146,9.36803234099584,3,8.024292119026327,9.442573020855441,1.0726010143701112,20.827077920190366,1109391961.9878592
6,1.025568080633457,57.248577487733165,3.0999558901788378,0,3,-0.18871041345533432,2,-0.11710587627041394,9.15352824190297,9.513685682890133,3,11.533227153421207,8.024292119026327,0.9621432268216632,21.512649917436896,2202039729.2607727
6,1.025568080633457,57.248577487733165,3.0999558901788378,0,3,-0.18871041345533432,3,-0.18173462462506965,8.547039705859321,9.105205991728546,3,7.413510660973659,11.533227153421207,0.9386981155202551,21.54290523625181,2269681241.315949
6,1.025568080633457,57.248577487733165,3.0999558901788378,0,3,-0.18871041345533432,4,-0.39836764222427296,11.541566714809344,12.433199492886427,4,7.9844659293682,7.413510660973659,0.928286135955011,19.98129027403189,476172277.4024571
6,1.025568080633457,57.248577487733165,3.0999558901788378,0,3,-0.18871041345533432,5,0.1943245963972403,8.159848953623808,7.943836416358556,3,10.313574531871463,7.9844659293682,1.0271924704819477,20.821318052117267,1103020378.0023777
6,1.025568080633457,57.248577487733165,3.0999558901788378,0,3,-0.18871041345533432,6,0.0033314601152094115,11.852549104736758,12.37283337566478,3,9.255906805537082,10.313574531871463,0.9579494643521725,21.340509274858125,1853810847.4536734
6,1.025568080633457,57.248577487733165,3.0999558901788378,0,3,-0.18871041345533432,7,0.04114626898936563,7.851388536532806,9.099093511212956,3,5.961738854034211,9.255906805537082,0.862875903721334,21.18916207700724,1593441655.361358
6,1.025568080633457,57.248577487733165,3.0999558901788378,0,3,-0.18871041345533432,8,-0.1567189753011227,11.014197515654025,9.99290649876484,3,8.449157982711737,5.961738854034211,1.1022015984053708,19.668634947804545,348320972.634115
6,1.025568080633457,57.248577487733165,3.0999558901788378,0,3,-0.18871041345533432,9,0.24529960585719213,10.2674874198267,9.759648090340548,3,8.120320366286021,8.449157982711737,1.0520345943609153,21.479091755083598,2129369482.1664267
6,1.025568080633457,57.248577487733165,3.0999558901788378,0,3,-0.18871041345533432,10,0.18864011553560334,8.449980751150218,7.992623441300472,3,11.526205802814667,8.120320366286021,1.0572224268050003,21.42863997397589,2024604022.5743618
6,1.025568080633457,57.248577487733165,3.0999558901788378,0,3,-0.18871041345533432,11,-0.024364776297538047,9.583689811938322,10.608043369789968,4,9.997363464977944,11.526205802814667,0.9034361453716486,21.506530766655956,2188606258.7644324
6,1.025568080633457,57.248577487733165,3.0999558901788378,0,3,-0.18871041345533432,12,-0.11117269158045646,9.075201452922942,9.335503844547066,3,8.994577725160589,9.997363464977944,0.9721169423784053,20.83501387616262,1118231074.7689822
6,1.025568080633457,57.248577487733165,3.0999558901788378,0,3,-0.18871041345533432,13,-0.07133827681171602,9.152889950042201,9.178378832460403,3,7.329438674277229,8.994577725160589,0.9972229428656771,20.617061597330455,899240968.6891617
6,1.025568080633457,57.248577487733165,3.0999558901788378,0,3,-0.18871041345533432,14,-0.15972510848492985,11.02056174789166,10.927093484554701,4,8.52980995851558,7.329438674277229,1.008553808336048,20.87107260905517,1159288867.7761242
6,1.025568080633457,57.248577487733165,3.0999558901788378,0,3,-0.18871041345533432,15,0.005312829848108214,8.94647874798383,8.682252796142619,3,10.460593100512853,8.52980995851558,1.0304328793511521,20.909077382858875,1204195303.4656928
6,1.025568080633457,57.248577487733165,3.0999558901788378,0,3,-0.18871041345533432,16,-0.12323354394010944,8.19877710483179,7.664426726767909,3,9.044533698349543,10.460593100512853,1.069718244705461,21.304883813704606,1788930538.4708822
6,1.025568080633457,57.248577487733165,3.0999558901788378,0,3,-0.18871041345533432,17,0.11710850410840844,11.28786192219905,11.140847242366,4,7.617125749081902,9.044533698349543,1.0131960053517284,20.695278982727974,972401149.6903312
6,1.025568080633457,57.248577487733165,3.0999558901788378,0,3,-0.18871041345533432,18,-0.07189371493174873,10.563053876526363,9.925422057496485,3,6.8905168453272765,7.617125749081902,1.064242287666577,20.85580600384083,1141724874.7106764
6,1.025568080633457,57.248577487733165,3.0999558901788378,0,3,-0.18871041345533432,19,-0.07079141278787165,10.180430158693458,10.510095588486209,3,10.164860543749992,6.8905168453272765,0.9686334508552045,20.917810684257827,1214757960.2919912
6,1.025568080633457,57.248577487733165,3.0999558901788378,0,3,-0.18871041345533432,20,0.3074506008403983,9.90107215068172,10.004221081149103,3,9.033938531156261,10.164860543749992,0.989689459116238,21.062468406615324,1403827689.322244
6,1.025568080633457,57.248577487733165,3.0999558901788378,0,3,-0.18871041345533432,21,-0.14514390451041106,10.903933758350043,11.079285785899923,4,7.8592199481717815,9.033938531156261,0.9841729845282046,20.74727488315853,1024299583.8800179
6,1.025568080633457,57.248577487733165,3.0999558901788378,0,3,-0.18871041345533432,22,-0.31358317758909293,10.585368220397509,11.556159215087373,3,5.375203847629568,7.8592199481717815,0.9159936293173923,20.831819178481616,1114664364.8610418
6,1.025568080633457,57.248577487733165,3.0999558901788378,0,3,-0.18871041345533432,23,0.07324303848148955,10.102692357099386,10.71827549096937,3,7.847069756484995,5.375203847629568,0.9425669610387752,20.832798365053858,1115756363.7877612
6,1.025568080633457,57.248577487733165,3.0999558901788378,0,3,-0.18871041345533432,24,-0.4155737022818746,9.629955616767731,10.027648354133818,3,5.956148110838131,7.847069756484995,0.9603403785891493,20.41644393067201,735781627.3306534
6,1.025568080633457,57.248577487733165,3.0999558901788378,0,3,-0.18871041345533432,25,0.05287572716514413,11.331676571990428,11.692522210886526,3,10.101948524757965,5.956148110838131,0.9691387681470361,21.13187041775953,1504716609.0160425
6,1.025568080633457,57.248577487733165,3.0999558901788378,0,3,-0.18871041345533432,26,0.19634402837852838,11.724370035835717,11.66049402912642,3,8.352533746723022,10.101948524757965,1.0054779845990867,21.187970077058882,1591543404.5726407
6,1.025568080633457,57.248577487733165,3.0999558901788378,0,3,-0.18871041345533432,27,0.01402300615082264,10.736637756701437,11.365754137062153,3,7.817865608435961,8.352533746723022,0.9446480741379709,20.8326623878962,1115604656.7233558
6,1.025568080633457,57.248577487733165,3.0999558901788378,0,3,-0.18871041345533432,28,0.0018550148592412774,13.30747388122918,13.514526823353465,3,8.546728982313587,7.817865608435961,0.9846792311095575,20.8938188935687,1185960573.326804
6,1.025568080633457,57.248577487733165,3.0999558901788378,0,3,-0.18871041345533432,29,-0.41012187044991083,10.510878464008009,10.38487646728476,3,11.99301690736165,8.546728982313587,1.0121332205655205,20.661392462345134,940001907.3717368
6,1.025568080633457,57.248577487733165,3.0999558901788378,0,3,-0.18871041345533432,30,0.11106073711175773,10.479898766922476,10.49285192365894,3,5.720936587550733,11.99301690736165,0.9987655256330019,20.93920033776142,1241021090.468552
6,1.025568080633457,57.248577487733165,3.0999558901788378,0,3,-0.18871041345533432,31,0.07925851344932232,11.84331250550338,12.058992893870098,3,7.2054497860347455,5.720936587550733,0.9821145604558442,20.69215650059939,969369579.9528941
6,1.025568080633457,57.248577487733165,3.0999558901788378,0,3,-0.18871041345533432,32,-0.2343995516749002,10.611226366807069,10.338046985657744,3,7.031897031188395,7.2054497860347455,1.0264246604342497,20.44564062261853,757580698.7058095
6,1.025568080633457,57.248577487733165,3.0999558901788378,0,3,-0.18871041345533432,33,0.3826341494492407,10.587950893668644,11.075017979220718,4,6.939782256365506,7.031897031188395,0.9560211020455296,21.252179457592256,1697087625.8284364
6,1.025568080633457,57.248577487733165,3.0999558901788378,0,3,-0.18871041345533432,34,-0.2448032401480451,9.970315027663036,11.35785832520923,3,10.124832517835314,6.939782256365506,0.8778340724266224,20.466154487209224,773282104.2123241
6,1.025568080633457,57.248577487733165,3.0999558901788378,0,3,-0.18871041345533432,35,-0.33585807234342985,10.829213346109738,10.29210979809662,3,4.662491440685068,10.124832517835314,1.052185952010777,20.396266354264565,721084116.0564142
6,1.025568080633457,57.248577487733165,3.0999558901788378,0,3,-0.18871041345533432,36,-0.36221155398213295,8.6445902962192,8.35705551930725,3,9.636189802122463,4.662491440685068,1.0344062303101444,20.237814149667777,615419156.9712619
6,1.025568080633457,57.248577487733165,3.0999558901788378,0,3,-0.18871041345533432,37,0.005194181464211946,9.62183054344575,9.529725410284577,3,7.47696969154376,9.636189802122463,1.0096650353704602,21.35895545272449,1888323910.5097215
6,1.025568080633457,57.248577487733165,3.0999558901788378,0,3,-0.18871041345533432,38,0.0675742500294194,9.275365753894159,9.372245129489974,3,10.065540934722005,7.47696969154376,0.9896631624272201,21.508040334884182,2191912604.185885
6,1.025568080633457,57.248577487733165,3.0999558901788378,0,3,-0.18871041345533432,39,0.08819478218692851,8.163343602146702,7.824014235810762,3,7.980238838522365,10.065540934722005,1.0433702388708368,21.000241463431564,1319134218.705663
6,1.025568080633457,57.248577487733165,3.0999558901788378,0,3,-0.18871041345533432,40,-0.06747199564309786,11.499721089021307,12.088371973505847,3,9.79912287394263,7.980238838522365,0.9513043703672679,21.267358597154765,1723044458.5611644
6,1.025568080633457,57.248577487733165,3.0999558901788378,0,3,-0.18871041345533432,41,-0.16253500440717236,10.065692728091472,10.012204981238645,3,10.559454660992525,9.79912287394263,1.0053422544737203,21.34058377998383,1853948971.0092912
6,1.025568080633457,57.248577487733165,3.0999558901788378,0,3,-0.18871041345533432,42,0.16855291640160835,9.51734188834615,10.068266494571041,3,7.112963573875792,10.559454660992525,0.9452810862205566,21.29332746397151,1768376027.8296092
6,1.025568080633457,57.248577487733165,3.0999558901788378,0,3,-0.18871041345533432,43,-0.17951707731235617,10.807082890119041,11.234647835527475,3,6.66099532501514,7.112963573875792,0.9619422921245168,20.616493667513947,898730407.9258807
6,1.025568080633457,57.248577487733165,3.0999558901788378,0,3,-0.18871041345533432,44,-0.2419680411959665,9.167380773926988,9.009556260890411,3,9.17048841812486,6.66099532501514,1.0175174568498648,20.714974309366845,991742752.3255471
6,1.025568080633457,57.248577487733165,3.0999558901788378,0,3,-0.18871041345533432,45,0.2802631334986427,11.353733743959651,11.642153098107366,4,7.936587080694834,9.17048841812486,0.9752262874644207,20.995881244823135,1313395026.2975693
6,1.025568080633457,57.248577487733165,3.0999558901788378,0,3,-0.18871041345533432,46,0.035514301628569965,11.881964255861615,13.093360102219208,3,9.007284014647185,7.936587080694834,0.9074801397883899,20.587716378451685,873235972.9236698
6,1.025568080633457,57.248577487733165,3.0999558901788378,0,3,-0.18871041345533432,47,0.09425797907819627,9.00907608949578,8.849798588581546,4,7.569696933598854,9.007284014647185,1.0179978673322285,20.835353375042896,1118610777.417421
6,1.025568080633457,57.248577487733165,3.0999558901788378,0,3,-0.18871041345533432,48,0.12516814092890055,11.678560377545825,11.33233028989537,3,4.702887653357031,7.569696933598854,1.0305524176222762,20.387936292295755,715102389.3512682
6,1.025568080633457,57.248577487733165,3.0999558901788378,0,3,-0.18871041345533432,49,-0.11435942179986343,10.69035201150949,11.807907257988134,3,8.353606006427425,4.702887653357031,0.9053553502698278,20.98804187527446,1303139089.8846092
6,1.025568080633457,57.248577487733165,3.0999558901788378,0,3,-0.18871041345533432,50,-0.10657251720030408,11.64448459647518,11.572557816243737,3,12.529078430507322,8.353606006427425,1.0062152880437965,20.577751118256643,864577164.5372366
6,1.025568080633457,57.248577487733165,3.0999558901788378,0,3,-0.18871041345533432,51,0.12811633661312918,10.70447381185477,10.244575888606402,4,7.807535571068922,12.529078430507322,1.044891846011883,20.966585468747407,1275476241.7394872
