data_examples/final_simulated_panel.csv
store_id,store_size,area_income,manager_experience,manager_vacant,base_competitors,store_fe,week,week_fe,price,competitor_price,competitor_count,ad_spend,ad_spend_lag,relative_price,log_sales,sales
7,0.9367514815312835,74.94941311234396,4.321933848198875,0,2,0.18375430868664472,0,0.048845901334352015,9.311979403840018,8.319485305573632,2,10.269203736478962,0.0,1.1192975360628938,21.815416219883065,2980676782.4494267
7,0.9367514815312835,74.94941311234396,4.321933848198875,0,2,0.18375430868664472,1,0.13563566401577118,8.559297981093474,8.878537214684531,2,7.803267976524723,10.269203736478962,0.9640437128468577,22.00152952775059,3590400265.32337
7,0.9367514815312835,74.94941311234396,4.321933848198875,0,2,0.18375430868664472,2,-0.11710587627041394,9.06103393666298,9.198134146248549,2,7.343836979840075,7.803267976524723,0.9850947803754868,21.424404186727365,2016046367.6700292
7,0.9367514815312835,74.94941311234396,4.321933848198875,0,2,0.18375430868664472,3,-0.18173462462506965,9.690169398717986,8.814683771442484,2,9.292092251518019,7.343836979840075,1.0993212745886438,21.719421265136543,2707851262.148288
7,0.9367514815312835,74.94941311234396,4.321933848198875,0,2,0.18375430868664472,4,-0.39836764222427296,11.281252065913465,11.397635818920588,2,11.57001765746851,9.292092251518019,0.9897887812125108,21.18679792735623,1589678970.3556893
7,0.9367514815312835,74.94941311234396,4.321933848198875,0,2,0.18375430868664472,5,0.1943245963972403,10.866161837961023,9.951952852220732,2,10.727530799193904,11.57001765746851,1.0918622705830334,22.191519614469577,4341647036.090306
7,0.9367514815312835,74.94941311234396,4.321933848198875,0,2,0.18375430868664472,6,0.0033314601152094115,10.537990679592191,10.862673031303297,2,6.429680891356378,10.727530799193904,0.9701102711298168,21.671248219011797,2580497944.526101
7,0.9367514815312835,74.94941311234396,4.321933848198875,0,2,0.18375430868664472,7,0.04114626898936563,11.73103910788239,12.368815834083135,2,9.014332560180977,6.429680891356378,0.9484367190233922,22.086415866444177,3908485776.288968
7,0.9367514815312835,74.94941311234396,4.321933848198875,0,2,0.18375430868664472,8,-0.1567189753011227,8.38222103033712,8.455603148658943,4,7.911867483340768,9.014332560180977,0.9913214803211926,21.335371470663073,1844310756.0074792
7,0.9367514815312835,74.94941311234396,4.321933848198875,0,2,0.18375430868664472,9,0.24529960585719213,9.06858338363685,9.80763849657841,2,7.290328539736958,7.911867483340768,0.9246449475886175,21.972901693080665,3489072201.867501
7,0.9367514815312835,74.94941311234396,4.321933848198875,0,2,0.18375430868664472,10,0.18864011553560334,9.109921133766875,8.266647902735121,2,7.208739673615048,7.290328539736958,1.1020090901358877,22.138287147941906,4116574193.3325653
7,0.9367514815312835,74.94941311234396,4.321933848198875,0,2,0.18375430868664472,11,-0.024364776297538047,10.35052472591174,9.316148040747425,2,7.9232904751681925,7.208739673615048,1.1110305118209916,21.156007347599967,1541477713.631181
7,0.9367514815312835,74.94941311234396,4.321933848198875,0,2,0.18375430868664472,12,-0.11117269158045646,8.601476102064193,9.095046308122209,2,9.300194433944403,7.9232904751681925,0.9457319743806869,21.655073229201435,2539094172.06936
7,0.9367514815312835,74.94941311234396,4.321933848198875,0,2,0.18375430868664472,13,-0.07133827681171602,9.708914265880681,8.940607403183321,3,10.358622660471513,9.300194433944403,1.085934526374998,21.5870205372479,2372050332.395776
7,0.9367514815312835,74.94941311234396,4.321933848198875,0,2,0.18375430868664472,14,-0.15972510848492985,11.699778013316847,11.609315161549537,2,8.068132595869155,10.358622660471513,1.0077922642729975,21.30257814190315,1784810603.208021
7,0.9367514815312835,74.94941311234396,4.321933848198875,0,2,0.18375430868664472,15,0.005312829848108214,11.337085252046545,12.233199418595435,2,7.2600426732491155,8.068132595869155,0.9267473588972379,21.135891924102808,1510780020.2557034
7,0.9367514815312835,74.94941311234396,4.321933848198875,0,2,0.18375430868664472,16,-0.12323354394010944,11.904709601467317,12.230661772119928,3,11.478137869794645,7.2600426732491155,0.9733495883766792,21.480273323613652,2131886965.1318462
7,0.9367514815312835,74.94941311234396,4.321933848198875,0,2,0.18375430868664472,17,0.11710850410840844,9.769253984730355,9.64645087863182,2,7.206916195155015,11.478137869794645,1.0127303925188238,22.16112660850657,4211676435.1675925
7,0.9367514815312835,74.94941311234396,4.321933848198875,0,2,0.18375430868664472,18,-0.07189371493174873,9.309195403477169,9.204341338071313,2,9.400120705344902,7.206916195155015,1.0113918054051467,21.72712282377245,2728786450.733206
7,0.9367514815312835,74.94941311234396,4.321933848198875,0,2,0.18375430868664472,19,-0.07079141278787165,10.638727262322034,11.202883322039112,3,9.057639806503442,9.400120705344902,0.9496418874052512,21.98866194170667,3544496449.998318
7,0.9367514815312835,74.94941311234396,4.321933848198875,0,2,0.18375430868664472,20,0.3074506008403983,9.438664404686708,9.002171821629476,2,9.841028972428191,9.057639806503442,1.0484874752122009,22.130675453237437,4085359038.1717973
7,0.9367514815312835,74.94941311234396,4.321933848198875,0,2,0.18375430868664472,21,-0.14514390451041106,10.295610715363368,10.447477333113829,2,7.950535990033275,9.841028972428191,0.9854638002162387,21.65959815722094,2550609423.627069
7,0.9367514815312835,74.94941311234396,4.321933848198875,0,2,0.18375430868664472,22,-0.31358317758909293,10.259625062880037,10.323515002652911,2,7.191820257451841,7.950535990033275,0.9938112222671778,21.527455412471827,2234884559.554262
7,0.9367514815312835,74.94941311234396,4.321933848198875,0,2,0.18375430868664472,23,0.07324303848148955,10.949871934940962,11.069034757578514,2,7.649690841506202,7.191820257451841,0.9892345786920611,21.764858729242704,2833727243.5392714
7,0.9367514815312835,74.94941311234396,4.321933848198875,0,2,0.18375430868664472,24,-0.4155737022818746,11.877551995893205,11.764681304520115,2,8.395191869651825,7.649690841506202,1.0095940288097496,21.526309145831778,2232324253.616265
7,0.9367514815312835,74.94941311234396,4.321933848198875,0,2,0.18375430868664472,25,0.05287572716514413,11.835962526664385,11.43236529972454,3,6.470561512282687,8.395191869651825,1.0353030380291968,21.442555530158025,2052974450.9328763
7,0.9367514815312835,74.94941311234396,4.321933848198875,0,2,0.18375430868664472,26,0.19634402837852838,11.389640784749002,10.633785253918896,2,9.388703252306179,6.470561512282687,1.0710805712905993,22.07749898870247,3873789208.8868036
7,0.9367514815312835,74.94941311234396,4.321933848198875,0,2,0.18375430868664472,27,0.01402300615082264,10.242319176274613,10.746399367369339,2,5.0189831268788465,9.388703252306179,0.9530931083181844,21.28547436907148,1754543189.450841
7,0.9367514815312835,74.94941311234396,4.321933848198875,0,2,0.18375430868664472,28,0.0018550148592412774,11.131459259230875,10.965027271265905,2,9.480231999454206,5.0189831268788465,1.0151784381240079,21.775108983720234,2862923045.477657
7,0.9367514815312835,74.94941311234396,4.321933848198875,0,2,0.18375430868664472,29,-0.41012187044991083,10.086546855008022,10.613418174319841,2,6.713789623764421,9.480231999454206,0.9503579986524385,21.54867984342369,2282825674.332259
7,0.9367514815312835,74.94941311234396,4.321933848198875,0,2,0.18375430868664472,30,0.11106073711175773,9.556643655352122,9.844025343907123,2,7.58949974074703,6.713789623764421,0.9708064863188438,21.74205686850065,2769844084.841497
7,0.9367514815312835,74.94941311234396,4.321933848198875,0,2,0.18375430868664472,31,0.07925851344932232,8.948002363133375,7.838700742341609,2,13.248425944248094,7.58949974074703,1.1415160059370235,22.30214144245323,4849499993.479162
7,0.9367514815312835,74.94941311234396,4.321933848198875,0,2,0.18375430868664472,32,-0.2343995516749002,9.92071040034717,10.205441675855248,2,4.855180052623886,13.248425944248094,0.9721000536231847,21.73392908491475,2747422633.33754
7,0.9367514815312835,74.94941311234396,4.321933848198875,0,2,0.18375430868664472,33,0.3826341494492407,11.022988694238501,10.859926381085346,2,5.251077950209703,4.855180052623886,1.0150150477481283,21.962649731829067,3453485099.3392124
7,0.9367514815312835,74.94941311234396,4.321933848198875,0,2,0.18375430868664472,34,-0.2448032401480451,11.220301434066009,11.607872586925259,2,10.521288932419335,5.251077950209703,0.9666113536346188,21.51074214723485,2197842748.1922193
7,0.9367514815312835,74.94941311234396,4.321933848198875,0,2,0.18375430868664472,35,-0.33585807234342985,10.578978256251142,10.053170239030559,2,6.833734583840833,10.521288932419335,1.0523027069788573,21.46308728506115,2095561314.6649015
7,0.9367514815312835,74.94941311234396,4.321933848198875,0,2,0.18375430868664472,36,-0.36221155398213295,11.136834557380654,11.55753320833518,2,5.718596206199102,6.833734583840833,0.9635996156471243,21.07393799279,1420021703.7730584
7,0.9367514815312835,74.94941311234396,4.321933848198875,0,2,0.18375430868664472,37,0.005194181464211946,9.984789950537493,10.904899224626917,2,7.6358442059622815,5.718596206199102,0.9156242295195623,22.331234717377207,4992660232.480137
7,0.9367514815312835,74.94941311234396,4.321933848198875,0,2,0.18375430868664472,38,0.0675742500294194,12.258275845804652,11.280855904166046,2,8.119198874480238,7.6358442059622815,1.086644129660201,21.211359847918438,1629208006.2015746
7,0.9367514815312835,74.94941311234396,4.321933848198875,0,2,0.18375430868664472,39,0.08819478218692851,10.732953481579248,10.625720354393012,3,9.618373294108899,8.119198874480238,1.0100918454099823,21.272280610575557,1731546212.2198582
7,0.9367514815312835,74.94941311234396,4.321933848198875,0,2,0.18375430868664472,40,-0.06747199564309786,10.266349384918978,10.342698002632815,3,8.33476423614461,9.618373294108899,0.9926181139878201,21.45929120228269,2087621470.135224
7,0.9367514815312835,74.94941311234396,4.321933848198875,0,2,0.18375430868664472,41,-0.16253500440717236,11.275998032522951,11.68963687231183,2,7.763425987390665,8.33476423614461,0.9646149111125404,21.841491689705173,3059421521.277328
7,0.9367514815312835,74.94941311234396,4.321933848198875,0,2,0.18375430868664472,42,0.16855291640160835,10.4564470811182,10.857860126383224,2,7.536638222642683,7.763425987390665,0.9630301882145598,21.868349109475865,3142703046.7752514
7,0.9367514815312835,74.94941311234396,4.321933848198875,0,2,0.18375430868664472,43,-0.17951707731235617,10.964604654618109,10.600081030803066,2,8.156605102680132,7.536638222642683,1.0343887582326743,21.464570944370394,2098672721.2804434
7,0.9367514815312835,74.94941311234396,4.321933848198875,0,2,0.18375430868664472,44,-0.2419680411959665,12.14000167799645,12.219753123406106,2,8.990711293734538,8.156605102680132,0.9934735632868967,21.192630452010857,1598977903.9116635
7,0.9367514815312835,74.94941311234396,4.321933848198875,0,2,0.18375430868664472,45,0.2802631334986427,9.828658156159857,10.266718902537725,2,7.274304643832676,8.990711293734538,0.9573319625737889,22.482668197535393,5808964690.557321
7,0.9367514815312835,74.94941311234396,4.321933848198875,0,2,0.18375430868664472,46,0.035514301628569965,10.377847638601613,9.974012461448241,2,10.96977961938207,7.274304643832676,1.040488737979252,21.908068526729807,3270041545.202656
7,0.9367514815312835,74.94941311234396,4.321933848198875,0,2,0.18375430868664472,47,0.09425797907819627,10.490179942070556,10.523936186124827,2,8.346231886572303,10.96977961938207,0.9967924317045198,22.571265200121125,6347108552.719647
7,0.9367514815312835,74.94941311234396,4.321933848198875,0,2,0.18375430868664472,48,0.12516814092890055,10.731989464662732,10.59504979557003,2,10.404645167077932,8.346231886572303,1.0129248726277773,21.7157793433263,2698007415.71768
7,0.9367514815312835,74.94941311234396,4.321933848198875,0,2,0.18375430868664472,49,-0.11435942179986343,12.618230611637305,12.61678586821412,2,11.195762063859949,10.404645167077932,1.0001145096253734,20.863551936027395,1150602938.2149494
7,0.9367514815312835,74.94941311234396,4.321933848198875,0,2,0.18375430868664472,50,-0.10657251720030408,11.630122104276884,10.643876247574322,2,9.633094329701192,11.195762063859949,1.092658523432882,21.63316407533018,2484069737.5712495
7,0.9367514815312835,74.94941311234396,4.321933848198875,0,2,0.18375430868664472,51,0.12811633661312918,12.04791911276118,12.382705587900373,2,6.349076475716003,9.633094329701192,0.9729633824560663,21.806520712248158,2954279731.0266423
