data_examples/final_simulated_panel.csv
store_id,store_size,area_income,manager_experience,manager_vacant,base_competitors,store_fe,week,week_fe,price,competitor_price,competitor_count,ad_spend,ad_spend_lag,relative_price,log_sales,sales
8,0.9966397684991423,51.341688843067566,6.680616274914791,0,3,0.28078145048850806,0,0.048845901334352015,7.391505441895053,7.328059691436631,3,8.2391582833032,0.0,1.0086579194397889,21.552735437827437,2292102688.549707
8,0.9966397684991423,51.341688843067566,6.680616274914791,0,3,0.28078145048850806,1,0.13563566401577118,10.502288267491673,10.897723207141565,3,8.765127255447679,8.2391582833032,0.9637139857442192,21.153796800128955,1538073967.427013
8,0.9966397684991423,51.341688843067566,6.680616274914791,0,3,0.28078145048850806,2,-0.11710587627041394,10.292539635003099,10.762818359551913,3,8.092976149771738,8.765127255447679,0.9563052437718188,21.32453775108069,1824437853.5526688
8,0.9966397684991423,51.341688843067566,6.680616274914791,0,3,0.28078145048850806,3,-0.18173462462506965,10.570169478646775,10.981796288487725,3,10.738058354727066,8.092976149771738,0.9625173515308729,21.333112835923647,1840149832.4358146
8,0.9966397684991423,51.341688843067566,6.680616274914791,0,3,0.28078145048850806,4,-0.39836764222427296,10.055611085753066,10.483648604561141,3,11.299493242650762,10.738058354727066,0.9591709399128612,21.117410322077657,1483114821.2343788
8,0.9966397684991423,51.341688843067566,6.680616274914791,0,3,0.28078145048850806,5,0.1943245963972403,9.374902211551554,9.815374593922748,3,7.092277306756052,11.299493242650762,0.9551242412445557,21.660324138996366,2552461791.8962936
8,0.9966397684991423,51.341688843067566,6.680616274914791,0,3,0.28078145048850806,6,0.0033314601152094115,10.77758131726329,11.545262638292625,4,5.685957930485388,7.092277306756052,0.9335068118343939,20.528383569621518,822931538.2843541
8,0.9966397684991423,51.341688843067566,6.680616274914791,0,3,0.28078145048850806,7,0.04114626898936563,9.868692499145697,9.67494465555269,3,12.16416615336685,5.685957930485388,1.0200257314631573,21.684537335449715,2615019353.6510997
8,0.9966397684991423,51.341688843067566,6.680616274914791,0,3,0.28078145048850806,8,-0.1567189753011227,10.071338029477161,9.170293039271215,3,7.055788075683608,12.16416615336685,1.0982569462444958,20.72144385259763,998179674.4571106
8,0.9966397684991423,51.341688843067566,6.680616274914791,0,3,0.28078145048850806,9,0.24529960585719213,9.481732833893222,9.476645035226937,3,11.301281900845217,7.055788075683608,1.0005368776236074,21.45332248745928,2075198165.3846087
8,0.9966397684991423,51.341688843067566,6.680616274914791,0,3,0.28078145048850806,10,0.18864011553560334,9.889184851265362,9.941967698209497,3,7.770600295573328,11.301281900845217,0.9946909054076246,21.950597950347948,3412114248.5431447
8,0.9966397684991423,51.341688843067566,6.680616274914791,0,3,0.28078145048850806,11,-0.024364776297538047,10.640060089685695,11.040060352970002,3,9.054694515911205,7.770600295573328,0.9637682901636766,20.921489378691298,1219234913.2607098
8,0.9966397684991423,51.341688843067566,6.680616274914791,0,3,0.28078145048850806,12,-0.11117269158045646,10.940599294567662,11.098519079094514,3,12.402145292078657,9.054694515911205,0.9857710940170104,21.49584646798465,2165347011.455841
8,0.9966397684991423,51.341688843067566,6.680616274914791,0,3,0.28078145048850806,13,-0.07133827681171602,10.089178771223914,9.948364703143548,4,8.991985540893905,12.402145292078657,1.0141544939577727,21.240700510884366,1677718230.2283943
8,0.9966397684991423,51.341688843067566,6.680616274914791,0,3,0.28078145048850806,14,-0.15972510848492985,10.21961227575161,10.757155129680992,4,4.966049353042918,8.991985540893905,0.9500292737764652,20.648475147786815,927937693.4214715
8,0.9966397684991423,51.341688843067566,6.680616274914791,0,3,0.28078145048850806,15,0.005312829848108214,9.939349491761782,9.864316850414049,3,8.660109755188591,4.966049353042918,1.0076064711307995,21.226215590581106,1653591772.119068
8,0.9966397684991423,51.341688843067566,6.680616274914791,0,3,0.28078145048850806,16,-0.12323354394010944,11.05302730619482,10.383924640142675,4,5.58817813796966,8.660109755188591,1.064436394642686,20.916753203886284,1213474056.5639482
8,0.9966397684991423,51.341688843067566,6.680616274914791,0,3,0.28078145048850806,17,0.11710850410840844,9.723260434643365,8.690368809957887,3,11.096821708637385,5.58817813796966,1.1188547514234304,21.53715675534192,2256671451.119726
8,0.9966397684991423,51.341688843067566,6.680616274914791,0,3,0.28078145048850806,18,-0.07189371493174873,9.875551377670524,9.588226491155327,4,7.668233858427959,11.096821708637385,1.0299664267192938,20.72936625575187,1006119064.2559963
8,0.9966397684991423,51.341688843067566,6.680616274914791,0,3,0.28078145048850806,19,-0.07079141278787165,10.289030352254088,11.381868417886237,4,10.454906907882133,7.668233858427959,0.9039842998083873,21.31887930168176,1814143516.735871
8,0.9966397684991423,51.341688843067566,6.680616274914791,0,3,0.28078145048850806,20,0.3074506008403983,9.757520210905117,9.743442969665615,3,9.182362636672206,10.454906907882133,1.001444791259448,22.348842797841105,5081349931.795887
8,0.9966397684991423,51.341688843067566,6.680616274914791,0,3,0.28078145048850806,21,-0.14514390451041106,10.496023087918877,10.241820108500194,3,7.329758593552576,9.182362636672206,1.0248200980612525,21.258978202550896,1708665002.9912252
8,0.9966397684991423,51.341688843067566,6.680616274914791,0,3,0.28078145048850806,22,-0.31358317758909293,11.87197048604822,11.928147347559051,3,6.529285867340813,7.329758593552576,0.9952903950736048,20.902227156982416,1195974483.0232575
8,0.9966397684991423,51.341688843067566,6.680616274914791,0,3,0.28078145048850806,23,0.07324303848148955,10.212796643730744,9.399534007860122,3,8.165174378802265,6.529285867340813,1.0865215908778618,20.727815821794195,1004560351.7459545
8,0.9966397684991423,51.341688843067566,6.680616274914791,0,3,0.28078145048850806,24,-0.4155737022818746,11.719235167031671,12.54417623482902,3,8.826064691503372,8.165174378802265,0.9342371270656344,20.991180449938664,1307235514.3203232
8,0.9966397684991423,51.341688843067566,6.680616274914791,0,3,0.28078145048850806,25,0.05287572716514413,11.186775776324183,10.605720474179462,3,9.037279968614701,8.826064691503372,1.054786971197228,21.359502249163356,1889356721.6424036
8,0.9966397684991423,51.341688843067566,6.680616274914791,0,3,0.28078145048850806,26,0.19634402837852838,10.442822566100558,9.929144231939722,3,8.870116983904406,9.037279968614701,1.0517344014913645,21.528664647244206,2237588694.3133073
8,0.9966397684991423,51.341688843067566,6.680616274914791,0,3,0.28078145048850806,27,0.01402300615082264,10.97225573222906,10.735155109005035,4,8.209620780977053,8.870116983904406,1.0220863714419122,21.23256494839861,1664124420.355835
8,0.9966397684991423,51.341688843067566,6.680616274914791,0,3,0.28078145048850806,28,0.0018550148592412774,11.742188492815227,12.415096214683452,4,9.01098328787643,8.209620780977053,0.9457992342361092,21.203749454245884,1616856152.7498386
8,0.9966397684991423,51.341688843067566,6.680616274914791,0,3,0.28078145048850806,29,-0.41012187044991083,9.439319691316204,9.983521429849867,3,6.880265051199702,9.01098328787643,0.9454900014631563,20.57457389967928,861834573.1218424
8,0.9966397684991423,51.341688843067566,6.680616274914791,0,3,0.28078145048850806,30,0.11106073711175773,11.019396750208418,11.36099915877188,3,10.36169049686486,6.880265051199702,0.9699320100468708,21.418586407141436,2004351506.3166168
8,0.9966397684991423,51.341688843067566,6.680616274914791,0,3,0.28078145048850806,31,0.07925851344932232,11.57148751873195,11.84667898068563,3,7.032760524074968,10.36169049686486,0.9767705816623932,21.5621269870538,2313730484.068018
8,0.9966397684991423,51.341688843067566,6.680616274914791,0,3,0.28078145048850806,32,-0.2343995516749002,9.58276187517996,8.6180845190451,3,10.900097679562364,7.032760524074968,1.1119364000205638,20.78264838054118,1061181111.1406039
8,0.9966397684991423,51.341688843067566,6.680616274914791,0,3,0.28078145048850806,33,0.3826341494492407,11.696068912443435,12.459122271763068,3,8.528097010727421,10.900097679562364,0.9387554482028809,21.769409411429752,2846652021.6034393
8,0.9966397684991423,51.341688843067566,6.680616274914791,0,3,0.28078145048850806,34,-0.2448032401480451,11.018158505309115,11.249166270890683,3,6.826201768467849,8.528097010727421,0.9794644545187902,20.890841812795472,1182435123.2847562
8,0.9966397684991423,51.341688843067566,6.680616274914791,0,3,0.28078145048850806,35,-0.33585807234342985,9.545921324539067,9.296316866234298,3,5.701750013533883,6.826201768467849,1.0268498225583695,20.790188038511268,1069212291.8956153
8,0.9966397684991423,51.341688843067566,6.680616274914791,0,3,0.28078145048850806,36,-0.36221155398213295,10.835254309244364,10.330788884940821,3,7.986748609565445,5.701750013533883,1.0488312586697905,20.119635811515963,546823047.3959011
8,0.9966397684991423,51.341688843067566,6.680616274914791,0,3,0.28078145048850806,37,0.005194181464211946,8.950901103349842,9.220254398497872,3,9.19766147568273,7.986748609565445,0.970786782716981,21.79869532771282,2931251575.7054605
8,0.9966397684991423,51.341688843067566,6.680616274914791,0,3,0.28078145048850806,38,0.0675742500294194,9.153963137410486,8.57259287387738,3,9.271804299816674,9.19766147568273,1.06781731876066,21.360798257112435,1891806930.3743408
8,0.9966397684991423,51.341688843067566,6.680616274914791,0,3,0.28078145048850806,39,0.08819478218692851,8.872799484211239,8.676697961259341,3,11.860006748468354,9.271804299816674,1.02260093918533,21.263680267661886,1716718175.5213807
8,0.9966397684991423,51.341688843067566,6.680616274914791,0,3,0.28078145048850806,40,-0.06747199564309786,10.660161842758749,11.630207495787065,3,8.166338575787327,11.860006748468354,0.9165925755512353,20.93885212089852,1240589021.2289002
8,0.9966397684991423,51.341688843067566,6.680616274914791,0,3,0.28078145048850806,41,-0.16253500440717236,10.02367010666796,9.77742710352486,3,11.098808800907033,8.166338575787327,1.0251848467429974,21.167576791341347,1559415317.2841797
8,0.9966397684991423,51.341688843067566,6.680616274914791,0,3,0.28078145048850806,42,0.16855291640160835,9.642968549570702,9.764150652091928,4,9.078848601184678,11.098808800907033,0.9875890789850458,21.717847002336814,2703591746.317446
8,0.9966397684991423,51.341688843067566,6.680616274914791,0,3,0.28078145048850806,43,-0.17951707731235617,9.880942859167167,9.840449725280353,3,10.046717762007162,9.078848601184678,1.004114967813187,21.361489015477158,1893114163.274989
8,0.9966397684991423,51.341688843067566,6.680616274914791,0,3,0.28078145048850806,44,-0.2419680411959665,10.33314069836129,11.014180494924265,3,3.6866856604289158,10.046717762007162,0.9381670023587482,21.486941101795384,2146149411.095429
8,0.9966397684991423,51.341688843067566,6.680616274914791,0,3,0.28078145048850806,45,0.2802631334986427,10.089167455421231,9.822506182106379,3,11.534667920397629,3.6866856604289158,1.0271479873232991,21.888444466665202,3206495607.4571705
8,0.9966397684991423,51.341688843067566,6.680616274914791,0,3,0.28078145048850806,46,0.035514301628569965,9.930254612731053,10.445179271785573,3,7.827712173241417,11.534667920397629,0.9507021712451188,21.21616440730722,1637054467.1239667
8,0.9966397684991423,51.341688843067566,6.680616274914791,0,3,0.28078145048850806,47,0.09425797907819627,10.602718111893438,11.183530454551072,3,8.389297382783907,7.827712173241417,0.948065385522219,21.39081599346528,1949455604.694761
8,0.9966397684991423,51.341688843067566,6.680616274914791,0,3,0.28078145048850806,48,0.12516814092890055,9.490627352052009,9.818793258252214,3,5.400658210177723,8.389297382783907,0.9665777761514229,21.38352551646104,1935294825.5768483
8,0.9966397684991423,51.341688843067566,6.680616274914791,0,3,0.28078145048850806,49,-0.11435942179986343,9.914194865607259,9.814765822830921,3,3.9979675058415856,5.400658210177723,1.0101305568131893,21.671965356337168,2582349179.635721
8,0.9966397684991423,51.341688843067566,6.680616274914791,0,3,0.28078145048850806,50,-0.10657251720030408,11.636809428320243,12.091407997837551,3,7.622361024296323,3.9979675058415856,0.962403173427064,21.20289883769989,1615481412.924931
8,0.9966397684991423,51.341688843067566,6.680616274914791,0,3,0.28078145048850806,51,0.12811633661312918,10.82917732338854,10.473349732725776,3,5.658586784164632,7.622361024296323,1.0339745735360026,21.07057568277108,1415255168.3468094
