data_examples/final_simulated_panel.csv
store_id,store_size,area_income,manager_experience,manager_vacant,base_competitors,store_fe,week,week_fe,price,competitor_price,competitor_count,ad_spend,ad_spend_lag,relative_price,log_sales,sales
9,0.829391214485284,69.68278354591482,1.5453591536153026,1,4,0.05529657282347277,0,0.048845901334352015,8.331364220484428,7.227041370788923,4,12.070901378923804,0.0,1.1528042795159694,20.97707318055097,1288923460.998118
9,0.829391214485284,69.68278354591482,1.5453591536153026,1,4,0.05529657282347277,1,0.13563566401577118,11.72344505212038,12.067574091626337,4,10.384860546526772,12.070901378923804,0.9714831633190678,20.87990524497097,1169573798.9273582
9,0.829391214485284,69.68278354591482,1.5453591536153026,1,4,0.05529657282347277,2,-0.11710587627041394,9.311300939971746,8.878634329162265,4,10.591033042171023,10.384860546526772,1.048731211892393,21.179025237523202,1577370784.606368
9,0.829391214485284,69.68278354591482,1.5453591536153026,1,4,0.05529657282347277,3,-0.18173462462506965,11.847037260841082,11.852141624397452,4,10.476632919741746,10.591033042171023,0.9995693298546262,21.041050217830435,1374079951.3792782
9,0.829391214485284,69.68278354591482,1.5453591536153026,1,4,0.05529657282347277,4,-0.39836764222427296,10.291283285753451,10.449203896184567,4,7.95396561611462,10.476632919741746,0.9848868285086504,20.468019810866632,774725871.7434038
9,0.829391214485284,69.68278354591482,1.5453591536153026,1,4,0.05529657282347277,5,0.1943245963972403,11.176334456640767,11.908829205806896,5,4.8476027179171135,7.95396561611462,0.9384914556664432,20.69063406970884,967894904.5905104
9,0.829391214485284,69.68278354591482,1.5453591536153026,1,4,0.05529657282347277,6,0.0033314601152094115,8.423872202082217,7.797001492507144,4,8.245938249423219,4.8476027179171135,1.080398946976923,21.00470954650691,1325041407.0590484
9,0.829391214485284,69.68278354591482,1.5453591536153026,1,4,0.05529657282347277,7,0.04114626898936563,9.43493662934707,10.064047720926968,4,7.4914313120231455,8.245938249423219,0.9374892578985154,21.638555178409355,2497497777.0321145
9,0.829391214485284,69.68278354591482,1.5453591536153026,1,4,0.05529657282347277,8,-0.1567189753011227,9.571783366028425,9.768861043994061,4,8.592169619869182,7.4914313120231455,0.9798259308758619,20.708831096748284,985668941.1933385
9,0.829391214485284,69.68278354591482,1.5453591536153026,1,4,0.05529657282347277,9,0.24529960585719213,9.660943246446337,9.491003029210827,4,7.399457265635854,8.592169619869182,1.017905401221818,21.37655279916071,1921847498.5528793
9,0.829391214485284,69.68278354591482,1.5453591536153026,1,4,0.05529657282347277,10,0.18864011553560334,9.445735400447617,9.319400485264106,4,8.767472816520796,7.399457265635854,1.0135561204160366,20.99258439329046,1309072087.8508189
9,0.829391214485284,69.68278354591482,1.5453591536153026,1,4,0.05529657282347277,11,-0.024364776297538047,9.606287880149745,9.656017542146245,4,10.28997553105483,8.767472816520796,0.9948498786606962,21.43427612741878,2036047219.019957
9,0.829391214485284,69.68278354591482,1.5453591536153026,1,4,0.05529657282347277,12,-0.11117269158045646,10.126875240007605,10.639988148629142,4,8.437375152924774,10.28997553105483,0.951775048857771,21.514379760125216,2205852208.1294813
9,0.829391214485284,69.68278354591482,1.5453591536153026,1,4,0.05529657282347277,13,-0.07133827681171602,9.642665290117613,9.868359707830498,5,13.509464356822786,8.437375152924774,0.9771294901690908,20.826798421217536,1109081931.4026508
9,0.829391214485284,69.68278354591482,1.5453591536153026,1,4,0.05529657282347277,14,-0.15972510848492985,10.116378587623018,9.688672202576084,4,9.190927916831885,13.509464356822786,1.0441449949078896,20.948419885098108,1252515649.0517154
9,0.829391214485284,69.68278354591482,1.5453591536153026,1,4,0.05529657282347277,15,0.005312829848108214,10.607281358242894,10.173781752916868,4,10.888206648587254,9.190927916831885,1.0426094854257846,21.0103746232347,1332569170.84483
9,0.829391214485284,69.68278354591482,1.5453591536153026,1,4,0.05529657282347277,16,-0.12323354394010944,8.505461003094819,8.511149549703168,4,9.980827609271714,10.888206648587254,0.999331635923546,21.62611427461376,2466619124.9006467
9,0.829391214485284,69.68278354591482,1.5453591536153026,1,4,0.05529657282347277,17,0.11710850410840844,10.054585438828596,9.392671161904328,4,10.153348763440635,9.980827609271714,1.0704713563920902,21.17290117388408,1567740384.2296553
9,0.829391214485284,69.68278354591482,1.5453591536153026,1,4,0.05529657282347277,18,-0.07189371493174873,9.327211944976755,10.359897663919577,4,12.860666548267435,10.153348763440635,0.9003189266493087,21.874826577986546,3163125879.519459
9,0.829391214485284,69.68278354591482,1.5453591536153026,1,4,0.05529657282347277,19,-0.07079141278787165,10.211149634693932,11.117618917092408,4,9.518107365741754,12.860666548267435,0.9184655195363051,21.591186827772844,2381953598.8378515
9,0.829391214485284,69.68278354591482,1.5453591536153026,1,4,0.05529657282347277,20,0.3074506008403983,10.929030092078957,10.87536024986223,4,8.699194752989651,9.518107365741754,1.004934994426268,21.61116934128049,2430029760.3475785
9,0.829391214485284,69.68278354591482,1.5453591536153026,1,4,0.05529657282347277,21,-0.14514390451041106,8.927937780273233,9.316296768416052,4,8.785275369773426,8.699194752989651,0.9583140170610035,20.89625042982234,1188847788.2175543
9,0.829391214485284,69.68278354591482,1.5453591536153026,1,4,0.05529657282347277,22,-0.31358317758909293,9.950646774894016,9.063024554683102,5,7.967053065151162,8.785275369773426,1.0979388519644093,20.466769660791922,773757953.2846916
9,0.829391214485284,69.68278354591482,1.5453591536153026,1,4,0.05529657282347277,23,0.07324303848148955,11.268276575242643,12.67445694933897,4,10.058627926989749,7.967053065151162,0.8890539942092222,21.256304871030608,1704103275.2032318
9,0.829391214485284,69.68278354591482,1.5453591536153026,1,4,0.05529657282347277,24,-0.4155737022818746,11.405496675492593,10.857814292425756,5,6.511944361839355,10.058627926989749,1.0504413105912938,20.371724536875092,703602790.516495
9,0.829391214485284,69.68278354591482,1.5453591536153026,1,4,0.05529657282347277,25,0.05287572716514413,9.840709011271874,9.18968669917623,4,8.960363274273606,6.511944361839355,1.070842710247565,21.38856988857617,1945081836.739547
9,0.829391214485284,69.68278354591482,1.5453591536153026,1,4,0.05529657282347277,26,0.19634402837852838,11.271901082170233,12.747278067048837,5,7.226936875753537,8.960363274273606,0.8842594491844977,20.80641713150935,1086706208.8523984
9,0.829391214485284,69.68278354591482,1.5453591536153026,1,4,0.05529657282347277,27,0.01402300615082264,10.684306179092308,10.566245297388013,4,7.935399743750473,7.226936875753537,1.0111733996686108,21.830773536232748,3026805277.073331
9,0.829391214485284,69.68278354591482,1.5453591536153026,1,4,0.05529657282347277,28,0.0018550148592412774,10.454269432069784,10.930833214573804,6,7.241476124474513,7.935399743750473,0.956401879605241,20.596326164818326,880786806.9880743
9,0.829391214485284,69.68278354591482,1.5453591536153026,1,4,0.05529657282347277,29,-0.41012187044991083,9.906903410365608,9.469528304112046,5,7.61904568273985,7.241476124474513,1.0461876338722844,20.41377001862099,733816839.9753627
9,0.829391214485284,69.68278354591482,1.5453591536153026,1,4,0.05529657282347277,30,0.11106073711175773,10.691095146716505,10.786457708081041,4,5.945418900263566,7.61904568273985,0.9911590473957829,20.82551587948347,1107660399.3210957
9,0.829391214485284,69.68278354591482,1.5453591536153026,1,4,0.05529657282347277,31,0.07925851344932232,11.10776552825298,11.536832191648026,4,6.762904584165771,5.945418900263566,0.9628089707583972,21.244430217342252,1683987310.3932998
9,0.829391214485284,69.68278354591482,1.5453591536153026,1,4,0.05529657282347277,32,-0.2343995516749002,9.775827393150513,10.099333251253423,4,9.829990786698104,6.762904584165771,0.9679676024095194,21.17441168266121,1570110259.248199
9,0.829391214485284,69.68278354591482,1.5453591536153026,1,4,0.05529657282347277,33,0.3826341494492407,10.917194311483605,11.047559960117397,4,8.497513182989675,9.829990786698104,0.9881995980013304,21.300606494648363,1781295053.1330774
9,0.829391214485284,69.68278354591482,1.5453591536153026,1,4,0.05529657282347277,34,-0.2448032401480451,9.30717140266688,9.453348830779058,4,3.998735981760687,8.497513182989675,0.9845369687791229,20.910972239241513,1206479243.808505
9,0.829391214485284,69.68278354591482,1.5453591536153026,1,4,0.05529657282347277,35,-0.33585807234342985,9.290115217542175,9.51823139576299,4,9.253148310628992,3.998735981760687,0.9760337641799336,20.485084494314247,788059769.3023871
9,0.829391214485284,69.68278354591482,1.5453591536153026,1,4,0.05529657282347277,36,-0.36221155398213295,11.026106377086746,11.441969088400228,4,10.436504724588575,9.253148310628992,0.9636546202755364,21.052456691324267,1389843087.9142907
9,0.829391214485284,69.68278354591482,1.5453591536153026,1,4,0.05529657282347277,37,0.005194181464211946,10.268676334802262,11.122772647218788,4,10.064710870872002,10.436504724588575,0.923211923905494,21.334306883468663,1842348371.1443574
9,0.829391214485284,69.68278354591482,1.5453591536153026,1,4,0.05529657282347277,38,0.0675742500294194,9.690005380521079,9.53156128701898,4,8.458782492801587,10.064710870872002,1.0166230996927947,21.222145252194927,1646874773.5562284
9,0.829391214485284,69.68278354591482,1.5453591536153026,1,4,0.05529657282347277,39,0.08819478218692851,10.854906097406184,10.81388080554056,4,9.324298482186608,8.458782492801587,1.0037937621658086,21.058745936307236,1398611696.6430814
9,0.829391214485284,69.68278354591482,1.5453591536153026,1,4,0.05529657282347277,40,-0.06747199564309786,11.224568833727625,10.979556546449103,4,12.231485089338559,9.324298482186608,1.0223153172208728,21.034110018203265,1364576578.0123827
9,0.829391214485284,69.68278354591482,1.5453591536153026,1,4,0.05529657282347277,41,-0.16253500440717236,10.577709300240219,10.520624067357526,4,9.285076547870808,12.231485089338559,1.0054260310526457,20.89311582685944,1185127056.9723372
9,0.829391214485284,69.68278354591482,1.5453591536153026,1,4,0.05529657282347277,42,0.16855291640160835,12.004463328184132,11.973122753653175,4,6.8099517194916706,9.285076547870808,1.0026175773167776,20.850082958021865,1135209392.924047
9,0.829391214485284,69.68278354591482,1.5453591536153026,1,4,0.05529657282347277,43,-0.17951707731235617,9.8649317779333,10.103042101914435,5,9.258296829590085,6.8099517194916706,0.9764318190917947,21.295664438012995,1772513509.412704
9,0.829391214485284,69.68278354591482,1.5453591536153026,1,4,0.05529657282347277,44,-0.2419680411959665,9.908562728768498,9.806021038022507,4,8.439588817322186,9.258296829590085,1.01045701312983,20.529273034921683,823663832.9591416
9,0.829391214485284,69.68278354591482,1.5453591536153026,1,4,0.05529657282347277,45,0.2802631334986427,11.486353316541015,12.598815374584634,4,11.98644807014486,8.439588817322186,0.9117010587925776,21.175701103022575,1572136097.1837254
9,0.829391214485284,69.68278354591482,1.5453591536153026,1,4,0.05529657282347277,46,0.035514301628569965,9.578662844548735,9.994806312008965,4,7.570291621020333,11.98644807014486,0.9583640288296307,21.440730560010746,2049231250.5002189
9,0.829391214485284,69.68278354591482,1.5453591536153026,1,4,0.05529657282347277,47,0.09425797907819627,11.298904401626995,11.582115998761878,4,2.409151172320554,7.570291621020333,0.9755475081440077,20.60859267600804,891657524.7956083
9,0.829391214485284,69.68278354591482,1.5453591536153026,1,4,0.05529657282347277,48,0.12516814092890055,8.994516931138453,9.49181068230793,5,7.7064071130986465,2.409151172320554,0.9476081258029726,21.264540727613216,1718195978.4630811
9,0.829391214485284,69.68278354591482,1.5453591536153026,1,4,0.05529657282347277,49,-0.11435942179986343,9.619495480833042,9.611103821463667,4,9.369226050851907,7.7064071130986465,1.0008731212902553,20.891839370216484,1183615258.7454333
9,0.829391214485284,69.68278354591482,1.5453591536153026,1,4,0.05529657282347277,50,-0.10657251720030408,10.44410495518265,11.296098566162822,4,8.275880784776527,9.369226050851907,0.9245762945507313,21.2960469053834,1773191567.6529648
9,0.829391214485284,69.68278354591482,1.5453591536153026,1,4,0.05529657282347277,51,0.12811633661312918,10.223213891238258,9.78361892321962,4,8.57141293192286,8.275880784776527,1.044931734511382,20.938867398572796,1240607974.6886587
