data_examples/final_simulated_panel.csv
store_id,store_size,area_income,manager_experience,manager_vacant,base_competitors,store_fe,week,week_fe,price,competitor_price,competitor_count,ad_spend,ad_spend_lag,relative_price,log_sales,sales
10,1.1758795949725658,43.17130228384195,5.8688472870917145,0,3,0.3040532341503415,0,0.048845901334352015,11.371110168449238,10.90198919691867,3,4.076781586197743,0.0,1.0430307683356685,20.569461384292065,857439674.6712496
10,1.1758795949725658,43.17130228384195,5.8688472870917145,0,3,0.3040532341503415,1,0.13563566401577118,8.911465754282613,9.217698623384498,3,11.70819932160399,4.076781586197743,0.9667777303626527,21.434130382306243,2035750496.712329
10,1.1758795949725658,43.17130228384195,5.8688472870917145,0,3,0.3040532341503415,2,-0.11710587627041394,9.839848923188304,9.998236116641086,3,5.54364549066239,11.70819932160399,0.9841584863964993,20.78449358193295,1063141011.6532938
10,1.1758795949725658,43.17130228384195,5.8688472870917145,0,3,0.3040532341503415,3,-0.18173462462506965,10.037830851562592,9.946365488656179,3,6.197191133183473,5.54364549066239,1.009195857824723,20.70174770198614,978711728.4098967
10,1.1758795949725658,43.17130228384195,5.8688472870917145,0,3,0.3040532341503415,4,-0.39836764222427296,9.78671424479685,9.468676368643214,3,7.2246139178201005,6.197191133183473,1.0335884197295897,20.8669816448678,1154555946.2423253
10,1.1758795949725658,43.17130228384195,5.8688472870917145,0,3,0.3040532341503415,5,0.1943245963972403,11.031536304234677,10.771184933930861,3,5.829770022872415,7.2246139178201005,1.0241710983425483,20.63283966031155,913541772.1394776
10,1.1758795949725658,43.17130228384195,5.8688472870917145,0,3,0.3040532341503415,6,0.0033314601152094115,9.346902823134483,10.448567265335633,3,4.720353991273364,5.829770022872415,0.8945631095417212,21.599559585882172,2401980844.794061
10,1.1758795949725658,43.17130228384195,5.8688472870917145,0,3,0.3040532341503415,7,0.04114626898936563,9.408922408726452,9.846761888325553,3,7.458780194760752,4.720353991273364,0.9555346737775584,21.23686759417037,1671299984.141396
10,1.1758795949725658,43.17130228384195,5.8688472870917145,0,3,0.3040532341503415,8,-0.1567189753011227,8.952176656606213,7.758333437613256,4,5.385730573583347,7.458780194760752,1.1538788231509969,20.349241364484758,687960075.5464
10,1.1758795949725658,43.17130228384195,5.8688472870917145,0,3,0.3040532341503415,9,0.24529960585719213,10.81528634887311,11.197671773933434,3,11.209054642867432,5.385730573583347,0.9658513454600034,21.08479724596305,1435526109.7397027
10,1.1758795949725658,43.17130228384195,5.8688472870917145,0,3,0.3040532341503415,10,0.18864011553560334,10.212134535229008,10.717353968632235,3,9.9308613585402,11.209054642867432,0.9528596858065981,21.842307983257783,3061919926.9173403
10,1.1758795949725658,43.17130228384195,5.8688472870917145,0,3,0.3040532341503415,11,-0.024364776297538047,10.237340072081079,10.742895554922345,3,7.5319708320991605,9.9308613585402,0.9529404823628185,21.157283694071733,1543446429.386721
10,1.1758795949725658,43.17130228384195,5.8688472870917145,0,3,0.3040532341503415,12,-0.11117269158045646,10.186156536647754,9.944751754391222,4,4.742852013192746,7.5319708320991605,1.024274591082672,20.713990372525377,990767420.0056636
10,1.1758795949725658,43.17130228384195,5.8688472870917145,0,3,0.3040532341503415,13,-0.07133827681171602,8.88125847086994,9.13993571963584,4,8.80287239687728,4.742852013192746,0.9716981326017239,21.128576832459284,1499768848.9191673
10,1.1758795949725658,43.17130228384195,5.8688472870917145,0,3,0.3040532341503415,14,-0.15972510848492985,10.489141920550976,11.180792661324366,3,7.194824132536487,8.80287239687728,0.9381393822670652,21.231648506048735,1662600044.8693738
10,1.1758795949725658,43.17130228384195,5.8688472870917145,0,3,0.3040532341503415,15,0.005312829848108214,10.32209881924802,10.482238812108697,3,11.778649399186698,7.194824132536487,0.9847227299691274,20.968211743787545,1277552204.5013921
10,1.1758795949725658,43.17130228384195,5.8688472870917145,0,3,0.3040532341503415,16,-0.12323354394010944,11.43574986228729,11.250612669400248,3,9.833615844778521,11.778649399186698,1.0164557431961536,21.21199839437713,1630248663.4230392
10,1.1758795949725658,43.17130228384195,5.8688472870917145,0,3,0.3040532341503415,17,0.11710850410840844,10.44636436169232,10.449553493476195,3,8.243709079806457,9.833615844778521,0.999694806884728,21.834640078058747,3038531201.055368
10,1.1758795949725658,43.17130228384195,5.8688472870917145,0,3,0.3040532341503415,18,-0.07189371493174873,9.26066327350574,9.708139883474374,3,5.296961242942709,8.243709079806457,0.953907070217401,21.025763568986935,1353234607.3364413
10,1.1758795949725658,43.17130228384195,5.8688472870917145,0,3,0.3040532341503415,19,-0.07079141278787165,9.745986910805197,9.25225222905319,3,10.87021378067592,5.296961242942709,1.0533637291255011,20.92239839808969,1220343725.337552
10,1.1758795949725658,43.17130228384195,5.8688472870917145,0,3,0.3040532341503415,20,0.3074506008403983,11.83753049900834,12.275112984994568,3,9.036004172213158,10.87021378067592,0.9643520604233019,21.141246618931323,1518891484.0422926
10,1.1758795949725658,43.17130228384195,5.8688472870917145,0,3,0.3040532341503415,21,-0.14514390451041106,8.882625656268194,8.481443295795085,3,7.279032424346582,9.036004172213158,1.0473011899604407,20.653793199090583,932885658.7872306
10,1.1758795949725658,43.17130228384195,5.8688472870917145,0,3,0.3040532341503415,22,-0.31358317758909293,8.735178815629794,8.795059788294145,4,7.630180582657376,7.279032424346582,0.9931915218195504,20.924121154422096,1222447892.1810546
10,1.1758795949725658,43.17130228384195,5.8688472870917145,0,3,0.3040532341503415,23,0.07324303848148955,10.326161819317397,10.084078308128124,3,9.781571451529011,7.630180582657376,1.024006508457411,21.124361341767838,1493459894.309639
10,1.1758795949725658,43.17130228384195,5.8688472870917145,0,3,0.3040532341503415,24,-0.4155737022818746,11.528599841741087,11.613456824839833,3,10.961782290911493,9.781571451529011,0.9926932192215804,20.849083078357946,1134074887.4167848
10,1.1758795949725658,43.17130228384195,5.8688472870917145,0,3,0.3040532341503415,25,0.05287572716514413,10.182391120411232,9.676955152216536,3,5.790104492050957,10.961782290911493,1.052230888770723,21.565524909340674,2321605732.609697
10,1.1758795949725658,43.17130228384195,5.8688472870917145,0,3,0.3040532341503415,26,0.19634402837852838,8.965338019013483,8.760018177352244,3,5.869826298814394,5.790104492050957,1.0234382894537895,20.824411293688826,1106437568.8636258
10,1.1758795949725658,43.17130228384195,5.8688472870917145,0,3,0.3040532341503415,27,0.01402300615082264,12.296580859198317,12.294509487300422,3,8.698162140334443,5.869826298814394,1.000168479425717,20.635770177583623,916222848.6332377
10,1.1758795949725658,43.17130228384195,5.8688472870917145,0,3,0.3040532341503415,28,0.0018550148592412774,9.389069328849505,8.828980576330714,3,4.998638929185141,8.698162140334443,1.063437533662755,21.100711971694224,1458554876.2520778
10,1.1758795949725658,43.17130228384195,5.8688472870917145,0,3,0.3040532341503415,29,-0.41012187044991083,10.965432818474724,10.45468428796265,3,4.065938237550104,4.998638929185141,1.048853558504884,20.19043830995424,586943023.9443326
10,1.1758795949725658,43.17130228384195,5.8688472870917145,0,3,0.3040532341503415,30,0.11106073711175773,11.590779081603236,12.295464291862826,3,10.09981880763025,4.065938237550104,0.9426873850769545,20.528452078943793,822987918.6975911
10,1.1758795949725658,43.17130228384195,5.8688472870917145,0,3,0.3040532341503415,31,0.07925851344932232,10.267240918989526,10.552072000652345,3,7.4354223040127145,10.09981880763025,0.9730070945644409,21.308490130398944,1795393635.5195124
10,1.1758795949725658,43.17130228384195,5.8688472870917145,0,3,0.3040532341503415,32,-0.2343995516749002,10.780719205193828,10.799830583751207,4,8.029069942261787,7.4354223040127145,0.99823040015219,20.645822940555263,925479871.128314
10,1.1758795949725658,43.17130228384195,5.8688472870917145,0,3,0.3040532341503415,33,0.3826341494492407,11.654930858692849,11.740469772818466,3,4.094237068815191,8.029069942261787,0.9927141830113427,21.54879163736716,2283080894.682421
10,1.1758795949725658,43.17130228384195,5.8688472870917145,0,3,0.3040532341503415,34,-0.2448032401480451,8.935539108672426,8.752969064873545,3,9.586854045904843,4.094237068815191,1.020858070266871,21.38623846319289,1940552305.756271
10,1.1758795949725658,43.17130228384195,5.8688472870917145,0,3,0.3040532341503415,35,-0.33585807234342985,10.991240108367489,11.312909935357016,3,7.1028901639994935,9.586854045904843,0.971566128535666,20.195975046086737,590201785.7198622
10,1.1758795949725658,43.17130228384195,5.8688472870917145,0,3,0.3040532341503415,36,-0.36221155398213295,11.392596705020676,11.555860199169146,3,8.361941500526799,7.1028901639994935,0.9858718008582166,20.50193517577879,801451627.5403302
10,1.1758795949725658,43.17130228384195,5.8688472870917145,0,3,0.3040532341503415,37,0.005194181464211946,11.47688216231206,11.10643451137613,3,8.214364841638726,8.361941500526799,1.033354327219639,20.860154376689238,1146700329.8835118
10,1.1758795949725658,43.17130228384195,5.8688472870917145,0,3,0.3040532341503415,38,0.0675742500294194,9.833040858576464,9.752570841048593,3,7.745909217327207,8.214364841638726,1.0082511594982906,21.59631185809705,2394192518.892072
10,1.1758795949725658,43.17130228384195,5.8688472870917145,0,3,0.3040532341503415,39,0.08819478218692851,10.702454864796065,10.719896450810506,3,3.0293132785314834,7.745909217327207,0.9983729706630589,21.130366663723578,1502455585.7797463
10,1.1758795949725658,43.17130228384195,5.8688472870917145,0,3,0.3040532341503415,40,-0.06747199564309786,9.697200231912351,9.806456757667156,3,8.088306432598477,3.0293132785314834,0.9888587153897983,21.20297955417008,1615611814.144933
10,1.1758795949725658,43.17130228384195,5.8688472870917145,0,3,0.3040532341503415,41,-0.16253500440717236,9.682169381960767,9.003268376870457,3,9.276301231166846,8.088306432598477,1.0754060610738227,21.191156223993694,1596622382.6012626
10,1.1758795949725658,43.17130228384195,5.8688472870917145,0,3,0.3040532341503415,42,0.16855291640160835,9.361748434809144,9.723201478829498,3,6.405804444906483,9.276301231166846,0.9628257169403152,21.475027014889328,2120731715.475385
10,1.1758795949725658,43.17130228384195,5.8688472870917145,0,3,0.3040532341503415,43,-0.17951707731235617,10.913884541447446,10.84889762997595,3,9.602850121098763,6.405804444906483,1.0059901857025488,20.769094289726443,1046894803.6586443
10,1.1758795949725658,43.17130228384195,5.8688472870917145,0,3,0.3040532341503415,44,-0.2419680411959665,10.498635373815421,10.797030381271465,3,9.73486430123975,9.602850121098763,0.9723632335078319,20.93979875849095,1241763965.4686048
10,1.1758795949725658,43.17130228384195,5.8688472870917145,0,3,0.3040532341503415,45,0.2802631334986427,11.435906718537108,11.218831083905123,3,7.413055962025717,9.73486430123975,1.019349220342876,20.94064354987717,1242813440.2015405
10,1.1758795949725658,43.17130228384195,5.8688472870917145,0,3,0.3040532341503415,46,0.035514301628569965,7.972515867890842,7.347332602561273,4,6.665442418500935,7.413055962025717,1.085089827716746,21.162619380906055,1551703785.923498
10,1.1758795949725658,43.17130228384195,5.8688472870917145,0,3,0.3040532341503415,47,0.09425797907819627,9.45474052022392,8.67212037951006,3,8.063654675627244,6.665442418500935,1.0902455347094795,20.886210719960527,1176971816.7616727
10,1.1758795949725658,43.17130228384195,5.8688472870917145,0,3,0.3040532341503415,48,0.12516814092890055,10.66977539916392,9.635346541050492,3,6.595558944475266,8.063654675627244,1.1073577222891091,21.143961925920564,1523021345.0876744
10,1.1758795949725658,43.17130228384195,5.8688472870917145,0,3,0.3040532341503415,49,-0.11435942179986343,12.070974387639458,11.639954531244845,3,7.055775467889861,6.595558944475266,1.0370293419306438,21.008222200249392,1329704002.9647675
10,1.1758795949725658,43.17130228384195,5.8688472870917145,0,3,0.3040532341503415,50,-0.10657251720030408,9.661682809205052,9.873900674626528,3,10.18018292913538,7.055775467889861,0.9785071905810413,21.72584859559168,2725311568.5049696
10,1.1758795949725658,43.17130228384195,5.8688472870917145,0,3,0.3040532341503415,51,0.12811633661312918,8.632570927852845,9.456533742529071,3,9.092734867136059,10.18018292913538,0.9128684106555237,21.939464711893127,3374337048.4703407
