data_examples/final_simulated_panel.csv
store_id,store_size,area_income,manager_experience,manager_vacant,base_competitors,store_fe,week,week_fe,price,competitor_price,competitor_count,ad_spend,ad_spend_lag,relative_price,log_sales,sales
11,1.1555583870857897,56.65114970014225,5.475471204664556,0,5,0.09168454964602737,0,0.048845901334352015,9.43155709784607,9.361880867312237,5,7.227540963306516,0.0,1.007442546163679,20.160351983803704,569547067.1061293
11,1.1555583870857897,56.65114970014225,5.475471204664556,0,5,0.09168454964602737,1,0.13563566401577118,9.94557976446344,9.312042137547254,5,7.961463051670694,7.227540963306516,1.068034231112603,20.85759200791409,1143765822.0150318
11,1.1555583870857897,56.65114970014225,5.475471204664556,0,5,0.09168454964602737,2,-0.11710587627041394,10.84037015754007,10.942778540634228,5,8.553762607782875,7.961463051670694,0.990641464348942,21.019093778118407,1344238848.772449
11,1.1555583870857897,56.65114970014225,5.475471204664556,0,5,0.09168454964602737,3,-0.18173462462506965,11.164518195722124,11.109562526019982,5,9.02604485655993,8.553762607782875,1.0049466997078804,20.39300395174224,718735482.5943439
11,1.1555583870857897,56.65114970014225,5.475471204664556,0,5,0.09168454964602737,4,-0.39836764222427296,10.765908558567345,11.017326329509944,5,7.763347031209805,9.02604485655993,0.9771797836041967,20.943579439163777,1246467564.2930562
11,1.1555583870857897,56.65114970014225,5.475471204664556,0,5,0.09168454964602737,5,0.1943245963972403,9.979189857402618,9.380966497216658,5,13.050858703978221,7.763347031209805,1.063769906902818,21.25520082252923,1702222900.7393563
11,1.1555583870857897,56.65114970014225,5.475471204664556,0,5,0.09168454964602737,6,0.0033314601152094115,12.15194872225456,12.247519207513758,5,5.359539748454405,13.050858703978221,0.9921967474686166,20.471119851596967,777131280.0060645
11,1.1555583870857897,56.65114970014225,5.475471204664556,0,5,0.09168454964602737,7,0.04114626898936563,9.412783718938366,9.079951093834648,5,10.464848224583399,5.359539748454405,1.036655772885133,20.892342954431555,1184211458.8123267
11,1.1555583870857897,56.65114970014225,5.475471204664556,0,5,0.09168454964602737,8,-0.1567189753011227,10.105928262133432,10.56530999358088,5,11.05912050368266,10.464848224583399,0.9565198056917825,21.153647637321626,1537844561.1060228
11,1.1555583870857897,56.65114970014225,5.475471204664556,0,5,0.09168454964602737,9,0.24529960585719213,10.70255254304878,10.394319205508221,6,9.677492713825568,11.05912050368266,1.029654018839177,20.6791432021241,956836608.7901752
11,1.1555583870857897,56.65114970014225,5.475471204664556,0,5,0.09168454964602737,10,0.18864011553560334,9.622841971076497,9.763923871321667,5,7.801997151764191,9.677492713825568,0.9855506964101234,21.44996841617859,2068249462.552944
11,1.1555583870857897,56.65114970014225,5.475471204664556,0,5,0.09168454964602737,11,-0.024364776297538047,9.914551078464578,10.130399849201359,5,6.864991525726124,7.801997151764191,0.9786929663241479,20.758940583307048,1036318725.2320156
11,1.1555583870857897,56.65114970014225,5.475471204664556,0,5,0.09168454964602737,12,-0.11117269158045646,10.785984324728558,11.474395104866296,5,5.7415288789138454,6.864991525726124,0.9400046125441694,20.60884489243458,891882443.8331541
11,1.1555583870857897,56.65114970014225,5.475471204664556,0,5,0.09168454964602737,13,-0.07133827681171602,9.271389154446295,9.137670226927483,5,11.811655971628632,5.7415288789138454,1.0146338097346477,21.231898961040105,1663016503.4991581
11,1.1555583870857897,56.65114970014225,5.475471204664556,0,5,0.09168454964602737,14,-0.15972510848492985,9.99015816892441,9.776715112352784,5,9.635418562989152,11.811655971628632,1.0218317762273692,20.826556919034672,1108814118.035301
11,1.1555583870857897,56.65114970014225,5.475471204664556,0,5,0.09168454964602737,15,0.005312829848108214,10.032889931530487,9.518664491833427,5,8.854866367375143,9.635418562989152,1.0540228558468725,20.915675308412013,1212166763.0596824
11,1.1555583870857897,56.65114970014225,5.475471204664556,0,5,0.09168454964602737,16,-0.12323354394010944,12.437698746958487,11.600604691059683,6,6.763687322310126,8.854866367375143,1.07215951911058,20.074400959850404,522638699.3354824
11,1.1555583870857897,56.65114970014225,5.475471204664556,0,5,0.09168454964602737,17,0.11710850410840844,11.023287784406834,11.148462556066441,5,7.199107029254305,6.763687322310126,0.9887720148827613,20.775593055157174,1053720482.6386381
11,1.1555583870857897,56.65114970014225,5.475471204664556,0,5,0.09168454964602737,18,-0.07189371493174873,9.550234139839242,9.888257203712515,5,8.115654307468569,7.199107029254305,0.9658157087837114,20.632623159827485,913344011.3120259
11,1.1555583870857897,56.65114970014225,5.475471204664556,0,5,0.09168454964602737,19,-0.07079141278787165,10.984131494065931,11.497068078853786,6,5.143372871964855,8.115654307468569,0.9553854442480615,20.38459716616097,712718554.4515768
11,1.1555583870857897,56.65114970014225,5.475471204664556,0,5,0.09168454964602737,20,0.3074506008403983,9.213771665305655,9.448558355353976,6,11.952628869688887,5.143372871964855,0.9751510567836754,20.98472503389211,1298823944.5067675
11,1.1555583870857897,56.65114970014225,5.475471204664556,0,5,0.09168454964602737,21,-0.14514390451041106,10.684851500877246,12.046560232227755,7,6.627688813822332,11.952628869688887,0.8869628586832965,20.46982231655279,776123578.8414983
11,1.1555583870857897,56.65114970014225,5.475471204664556,0,5,0.09168454964602737,22,-0.31358317758909293,8.660384893073784,9.457607608954532,5,8.017995067769261,6.627688813822332,0.9157056679824682,20.653007044800358,932152554.9284151
11,1.1555583870857897,56.65114970014225,5.475471204664556,0,5,0.09168454964602737,23,0.07324303848148955,11.009343170141209,11.390896823942624,6,6.111102941423059,8.017995067769261,0.966503633585775,20.612012207171823,894711794.5982742
11,1.1555583870857897,56.65114970014225,5.475471204664556,0,5,0.09168454964602737,24,-0.4155737022818746,10.144591539329738,10.439520099413942,5,7.635452295774755,6.111102941423059,0.9717488392880473,20.46607362764352,773219579.4851071
11,1.1555583870857897,56.65114970014225,5.475471204664556,0,5,0.09168454964602737,25,0.05287572716514413,9.008167135242797,9.424464322158155,5,8.78320694984472,7.635452295774755,0.9558280266458659,21.324183122589407,1823790970.6175616
11,1.1555583870857897,56.65114970014225,5.475471204664556,0,5,0.09168454964602737,26,0.19634402837852838,10.739165277550441,10.188968391543606,5,4.233614962671459,8.78320694984472,1.0539992730238985,20.81818037467226,1099564879.7952826
11,1.1555583870857897,56.65114970014225,5.475471204664556,0,5,0.09168454964602737,27,0.01402300615082264,11.169984604944128,11.333731156417645,6,8.46881041348619,4.233614962671459,0.9855522820143129,20.233796219427077,612951406.6739314
11,1.1555583870857897,56.65114970014225,5.475471204664556,0,5,0.09168454964602737,28,0.0018550148592412774,10.732015814963438,10.5740597795152,5,9.977500755240548,8.46881041348619,1.0149380690805476,20.607267195138327,890476432.7345436
11,1.1555583870857897,56.65114970014225,5.475471204664556,0,5,0.09168454964602737,29,-0.41012187044991083,10.533728730577858,10.472886143268134,5,6.980306906864267,9.977500755240548,1.0058095339219202,20.858907295348654,1145271192.6093047
11,1.1555583870857897,56.65114970014225,5.475471204664556,0,5,0.09168454964602737,30,0.11106073711175773,9.082805867724604,9.076523800472945,5,7.945691095855333,6.980306906864267,1.0006921225999905,21.21709039144053,1638571055.6459706
11,1.1555583870857897,56.65114970014225,5.475471204664556,0,5,0.09168454964602737,31,0.07925851344932232,11.175273121035794,11.343822501720094,5,11.419831822547623,7.945691095855333,0.9851417473555547,21.141945946151363,1519954057.7014074
11,1.1555583870857897,56.65114970014225,5.475471204664556,0,5,0.09168454964602737,32,-0.2343995516749002,8.262958773911151,7.880335846612807,5,11.341502955611043,11.419831822547623,1.04855413966434,21.172369415442567,1566906946.6596086
11,1.1555583870857897,56.65114970014225,5.475471204664556,0,5,0.09168454964602737,33,0.3826341494492407,9.841787193864011,9.402852222567597,5,9.223488526037592,11.341502955611043,1.0466810453792876,21.141070456730816,1518623936.34272
11,1.1555583870857897,56.65114970014225,5.475471204664556,0,5,0.09168454964602737,34,-0.2448032401480451,12.349754220519262,11.939560930210996,5,9.049380796628146,9.223488526037592,1.0343558102936887,20.260674460352813,629649869.6225966
11,1.1555583870857897,56.65114970014225,5.475471204664556,0,5,0.09168454964602737,35,-0.33585807234342985,9.060488173423366,9.576378498593785,5,8.917239908215498,9.049380796628146,0.9461288706115601,20.325968237064384,672133968.875856
11,1.1555583870857897,56.65114970014225,5.475471204664556,0,5,0.09168454964602737,36,-0.36221155398213295,8.681966977159405,8.508514988456591,5,10.145181976496382,8.917239908215498,1.0203856946762313,20.304466520899478,657836199.1907634
11,1.1555583870857897,56.65114970014225,5.475471204664556,0,5,0.09168454964602737,37,0.005194181464211946,9.525445524644976,9.076004713266379,5,6.799699089427393,10.145181976496382,1.0495196758460967,21.269974871900434,1727558318.4378235
11,1.1555583870857897,56.65114970014225,5.475471204664556,0,5,0.09168454964602737,38,0.0675742500294194,10.811386027637617,11.35562214509998,5,8.125058763708374,6.799699089427393,0.9520734213847364,20.830951222848604,1113697305.3897114
11,1.1555583870857897,56.65114970014225,5.475471204664556,0,5,0.09168454964602737,39,0.08819478218692851,10.368262292334355,10.518906983625355,5,6.740175752473114,8.125058763708374,0.9856786744549119,21.006111634266453,1326900534.422071
11,1.1555583870857897,56.65114970014225,5.475471204664556,0,5,0.09168454964602737,40,-0.06747199564309786,11.434610588441863,11.509357775144485,5,10.344975650579462,6.740175752473114,0.9935055293125004,20.58352477958958,869583378.466454
11,1.1555583870857897,56.65114970014225,5.475471204664556,0,5,0.09168454964602737,41,-0.16253500440717236,10.513973313216297,10.590812566826292,5,7.530982114342922,10.344975650579462,0.9927447253810648,20.115195557990035,544400397.0030006
11,1.1555583870857897,56.65114970014225,5.475471204664556,0,5,0.09168454964602737,42,0.16855291640160835,9.447288981224816,8.605206133328167,5,7.380793329262872,7.530982114342922,1.0978573708577697,21.202568093243404,1614947189.7535937
11,1.1555583870857897,56.65114970014225,5.475471204664556,0,5,0.09168454964602737,43,-0.17951707731235617,11.390678255036825,11.003966137645051,5,8.377620834938709,7.380793329262872,1.0351429759556252,21.245012112992466,1684967500.4407377
11,1.1555583870857897,56.65114970014225,5.475471204664556,0,5,0.09168454964602737,44,-0.2419680411959665,9.940501271900954,9.342779736239157,5,4.929897606218937,8.377620834938709,1.0639768412117574,20.820831616301646,1102483959.8622332
11,1.1555583870857897,56.65114970014225,5.475471204664556,0,5,0.09168454964602737,45,0.2802631334986427,11.156278582988186,10.667089718889512,5,6.552872700898289,4.929897606218937,1.0458596371634905,21.134772815362954,1509090238.8319762
11,1.1555583870857897,56.65114970014225,5.475471204664556,0,5,0.09168454964602737,46,0.035514301628569965,11.872945441456128,11.984963081493898,5,6.926385417558544,6.552872700898289,0.9906534847645265,20.89638494806097,1189007720.684698
11,1.1555583870857897,56.65114970014225,5.475471204664556,0,5,0.09168454964602737,47,0.09425797907819627,11.020091066383786,12.3227911178401,5,9.744763415425112,6.926385417558544,0.8942853093102947,21.374556184469935,1918014137.7495522
11,1.1555583870857897,56.65114970014225,5.475471204664556,0,5,0.09168454964602737,48,0.12516814092890055,11.807388680657828,12.458735756150842,5,8.503473505518102,9.744763415425112,0.9477196492291406,21.18215576864627,1582316530.3064961
11,1.1555583870857897,56.65114970014225,5.475471204664556,0,5,0.09168454964602737,49,-0.11435942179986343,9.362332770200334,10.117120375138366,6,13.797826972090512,8.503473505518102,0.9253950158789418,21.745118411379277,2778337075.46807
11,1.1555583870857897,56.65114970014225,5.475471204664556,0,5,0.09168454964602737,50,-0.10657251720030408,10.145029162773591,9.560807268687153,5,6.875983088806151,13.797826972090512,1.061105916861209,20.80302437890996,1083025530.8830357
11,1.1555583870857897,56.65114970014225,5.475471204664556,0,5,0.09168454964602737,51,0.12811633661312918,10.751935117507351,11.29367361117656,6,6.031415456916262,6.875983088806151,0.952031684966255,20.68195754016893,959533263.3298099
