data_examples/final_simulated_panel.csv
store_id,store_size,area_income,manager_experience,manager_vacant,base_competitors,store_fe,week,week_fe,price,competitor_price,competitor_count,ad_spend,ad_spend_lag,relative_price,log_sales,sales
13,1.2254482413936065,65.86222331359278,2.107884291223091,0,3,-0.281869305147953,0,0.048845901334352015,11.093188454433404,10.022128298068518,4,5.358892239994719,0.0,1.1068695315516268,20.282297411207065,643413021.5426894
13,1.2254482413936065,65.86222331359278,2.107884291223091,0,3,-0.281869305147953,1,0.13563566401577118,9.617367890383507,9.999477579995633,3,6.306179096708954,5.358892239994719,0.9617870347170384,21.227918557070783,1656410182.642793
13,1.2254482413936065,65.86222331359278,2.107884291223091,0,3,-0.281869305147953,2,-0.11710587627041394,11.107456376012305,10.916593793905172,3,6.955361747125105,6.306179096708954,1.017483712017726,21.133603141916723,1507326127.9695923
13,1.2254482413936065,65.86222331359278,2.107884291223091,0,3,-0.281869305147953,3,-0.18173462462506965,10.819431434064466,10.528867783428382,3,8.150401849586176,6.955361747125105,1.027596856244449,20.99503277476558,1312281122.5678198
13,1.2254482413936065,65.86222331359278,2.107884291223091,0,3,-0.281869305147953,4,-0.39836764222427296,10.668120029769414,10.88269075107968,3,9.40668829155018,8.150401849586176,0.9802833025197395,21.057938280433344,1397482555.7310174
13,1.2254482413936065,65.86222331359278,2.107884291223091,0,3,-0.281869305147953,5,0.1943245963972403,10.101120139587143,10.590927009495884,3,7.410298945646049,9.40668829155018,0.9537522192845275,21.111103181239503,1473790044.4296317
13,1.2254482413936065,65.86222331359278,2.107884291223091,0,3,-0.281869305147953,6,0.0033314601152094115,10.029889792342143,9.997494422710401,5,4.041131595408593,7.410298945646049,1.003240348857625,19.945709205431577,459527435.5751037
13,1.2254482413936065,65.86222331359278,2.107884291223091,0,3,-0.281869305147953,7,0.04114626898936563,10.343755379790382,10.445916256321498,3,8.080657198973107,4.041131595408593,0.9902200176581646,20.820296672082605,1101894350.1595314
13,1.2254482413936065,65.86222331359278,2.107884291223091,0,3,-0.281869305147953,8,-0.1567189753011227,7.91137232902598,6.979457882304963,3,6.296601183551001,8.080657198973107,1.1335224687126062,21.292907008013522,1767632659.880435
13,1.2254482413936065,65.86222331359278,2.107884291223091,0,3,-0.281869305147953,9,0.24529960585719213,11.27334419133871,11.215290708977898,3,9.503089202890287,6.296601183551001,1.005176279765476,21.46745036794608,2104724397.480062
13,1.2254482413936065,65.86222331359278,2.107884291223091,0,3,-0.281869305147953,10,0.18864011553560334,10.23545416106302,10.001882145843945,3,10.196212025136724,9.503089202890287,1.0233528061831973,21.22787017346942,1656330041.4915957
13,1.2254482413936065,65.86222331359278,2.107884291223091,0,3,-0.281869305147953,11,-0.024364776297538047,10.538190329939193,10.460502582016147,5,9.828123306706816,10.196212025136724,1.007426770111085,20.649258729178726,928665093.0820899
13,1.2254482413936065,65.86222331359278,2.107884291223091,0,3,-0.281869305147953,12,-0.11117269158045646,9.411288721149933,9.883598353483963,4,11.690205821944287,9.828123306706816,0.9522127857241851,21.174394014085813,1570082517.88178
13,1.2254482413936065,65.86222331359278,2.107884291223091,0,3,-0.281869305147953,13,-0.07133827681171602,10.642929506707835,10.936871790662309,4,7.259474098139987,11.690205821944287,0.9731237332227451,21.007748815658264,1329074690.544156
13,1.2254482413936065,65.86222331359278,2.107884291223091,0,3,-0.281869305147953,14,-0.15972510848492985,9.891329896365955,10.44557775452948,3,12.395835752700949,7.259474098139987,0.9469394732212693,21.004503860731962,1324768892.9175022
13,1.2254482413936065,65.86222331359278,2.107884291223091,0,3,-0.281869305147953,15,0.005312829848108214,11.932657231273348,11.44144824932992,4,7.442854390750345,12.395835752700949,1.0429324130336557,20.741839833295735,1018747565.9813536
13,1.2254482413936065,65.86222331359278,2.107884291223091,0,3,-0.281869305147953,16,-0.12323354394010944,8.972031115773277,8.434138615717302,3,10.565672985651009,7.442854390750345,1.063775629565015,21.167006675947658,1558526523.9880853
13,1.2254482413936065,65.86222331359278,2.107884291223091,0,3,-0.281869305147953,17,0.11710850410840844,11.616881282448771,11.976454589033521,3,11.75683118712589,10.565672985651009,0.969976648438679,20.810439816470755,1091086489.9147882
13,1.2254482413936065,65.86222331359278,2.107884291223091,0,3,-0.281869305147953,18,-0.07189371493174873,9.593163878545093,9.238640073555786,3,7.2953645935294515,11.75683118712589,1.0383740249827547,20.570317517570153,858174071.636672
13,1.2254482413936065,65.86222331359278,2.107884291223091,0,3,-0.281869305147953,19,-0.07079141278787165,10.75887071892572,11.359432833655823,4,11.020848102165036,7.2953645935294515,0.9471309770897406,20.54972595064879,840683618.7361202
13,1.2254482413936065,65.86222331359278,2.107884291223091,0,3,-0.281869305147953,20,0.3074506008403983,10.152928922782147,9.525429404230891,3,8.469688349345772,11.020848102165036,1.0658762447257801,21.65430758324249,2537150868.913168
13,1.2254482413936065,65.86222331359278,2.107884291223091,0,3,-0.281869305147953,21,-0.14514390451041106,9.451377257147405,9.614135965800225,3,11.557608930271671,8.469688349345772,0.9830708958941509,20.491049365489154,792774491.6811893
13,1.2254482413936065,65.86222331359278,2.107884291223091,0,3,-0.281869305147953,22,-0.31358317758909293,8.37684965235941,8.497500399855362,4,9.938137912131973,11.557608930271671,0.9858016190857718,20.549039966289463,840107120.6794583
13,1.2254482413936065,65.86222331359278,2.107884291223091,0,3,-0.281869305147953,23,0.07324303848148955,11.169461879485931,9.84237992648464,3,7.876861359494785,9.938137912131973,1.1348334409882184,21.277762428814665,1741064298.2014067
13,1.2254482413936065,65.86222331359278,2.107884291223091,0,3,-0.281869305147953,24,-0.4155737022818746,8.72903651254731,8.761143528694998,3,8.608043695815125,7.876861359494785,0.9963352938982761,21.020414796181587,1346015785.9975822
13,1.2254482413936065,65.86222331359278,2.107884291223091,0,3,-0.281869305147953,25,0.05287572716514413,9.985802479298771,10.578102223501098,3,8.023283756671633,8.608043695815125,0.9440069937227086,20.882293788247104,1172370715.5091424
13,1.2254482413936065,65.86222331359278,2.107884291223091,0,3,-0.281869305147953,26,0.19634402837852838,11.760573759585176,11.842001634210717,3,9.057343200749042,8.023283756671633,0.993123808192164,20.683883206943694,961382784.8638363
13,1.2254482413936065,65.86222331359278,2.107884291223091,0,3,-0.281869305147953,27,0.01402300615082264,11.7997559092489,11.95269575773055,3,6.563953586353846,9.057343200749042,0.9872045727941552,20.630608784018627,911506045.0293761
13,1.2254482413936065,65.86222331359278,2.107884291223091,0,3,-0.281869305147953,28,0.0018550148592412774,10.76343440538194,10.913032219123954,3,10.089734572632807,6.563953586353846,0.9862918196576146,20.959104733085177,1265970341.027065
13,1.2254482413936065,65.86222331359278,2.107884291223091,0,3,-0.281869305147953,29,-0.41012187044991083,8.869386190604342,8.818123492585366,4,8.979292629170102,10.089734572632807,1.0058133341024402,20.884774450721498,1175282581.7345963
13,1.2254482413936065,65.86222331359278,2.107884291223091,0,3,-0.281869305147953,30,0.11106073711175773,10.362426028386732,10.456090511081207,3,7.419589086360338,8.979292629170102,0.9910421124802611,20.93576040274235,1236759392.7441087
13,1.2254482413936065,65.86222331359278,2.107884291223091,0,3,-0.281869305147953,31,0.07925851344932232,10.5721676539179,10.134750742209384,3,8.324678978378042,7.419589086360338,1.0431601055452457,20.679811451062626,957476227.5268124
13,1.2254482413936065,65.86222331359278,2.107884291223091,0,3,-0.281869305147953,32,-0.2343995516749002,9.707857219073079,10.048186035019793,3,6.080895304451164,8.324678978378042,0.9661303229497737,20.715587835543392,992351399.1557891
13,1.2254482413936065,65.86222331359278,2.107884291223091,0,3,-0.281869305147953,33,0.3826341494492407,11.853840245876638,11.901153218219282,3,10.190704106962604,6.080895304451164,0.9960245052328027,21.548830053777,2283168604.1384997
13,1.2254482413936065,65.86222331359278,2.107884291223091,0,3,-0.281869305147953,34,-0.2448032401480451,10.7627733734759,10.469561948043193,3,4.9324536330338,10.190704106962604,1.0280060834338451,20.584196313381103,870167529.2061682
13,1.2254482413936065,65.86222331359278,2.107884291223091,0,3,-0.281869305147953,35,-0.33585807234342985,10.85099022026479,10.4698811616249,3,6.4495911248575055,4.9324536330338,1.0364005142710468,20.50382981872961,802971531.5999657
13,1.2254482413936065,65.86222331359278,2.107884291223091,0,3,-0.281869305147953,36,-0.36221155398213295,10.440404035365674,10.35896973267272,3,11.129770005436622,6.4495911248575055,1.0078612357014718,20.943445925418715,1246301154.84967
13,1.2254482413936065,65.86222331359278,2.107884291223091,0,3,-0.281869305147953,37,0.005194181464211946,9.196275795159758,9.194404388341324,3,11.319292721057355,11.129770005436622,1.0002035375799663,21.444300316000415,2056559578.4199848
13,1.2254482413936065,65.86222331359278,2.107884291223091,0,3,-0.281869305147953,38,0.0675742500294194,9.635840862373394,9.005048953496829,3,7.67975014417548,11.319292721057355,1.0700486929203885,20.506954195316702,805484240.3335352
13,1.2254482413936065,65.86222331359278,2.107884291223091,0,3,-0.281869305147953,39,0.08819478218692851,9.598091277732303,9.294703062919716,3,9.1557707191556,7.67975014417548,1.0326409797880391,21.95210604328892,3417263916.067779
13,1.2254482413936065,65.86222331359278,2.107884291223091,0,3,-0.281869305147953,40,-0.06747199564309786,11.794290029927184,13.13943892459844,3,10.164775420037932,9.1557707191556,0.897625088682212,21.071579417286642,1416676421.968943
13,1.2254482413936065,65.86222331359278,2.107884291223091,0,3,-0.281869305147953,41,-0.16253500440717236,10.6321682476562,10.925820438857315,3,9.321788653014089,10.164775420037932,0.9731230992817024,21.196389936342257,1605000550.2163503
13,1.2254482413936065,65.86222331359278,2.107884291223091,0,3,-0.281869305147953,42,0.16855291640160835,11.054378036891558,10.788534743067519,3,10.849352600255589,9.321788653014089,1.024641278927601,21.196550419518797,1605258146.472377
13,1.2254482413936065,65.86222331359278,2.107884291223091,0,3,-0.281869305147953,43,-0.17951707731235617,11.025308137018637,10.689042305812833,3,8.417052130076344,10.849352600255589,1.0314589297698764,20.646030046144222,925671563.0316412
13,1.2254482413936065,65.86222331359278,2.107884291223091,0,3,-0.281869305147953,44,-0.2419680411959665,11.025855506282104,10.541909662922599,4,7.771033383486802,8.417052130076344,1.0459068478893925,20.197199109064847,590924672.214414
13,1.2254482413936065,65.86222331359278,2.107884291223091,0,3,-0.281869305147953,45,0.2802631334986427,12.300265364794516,12.13165972829472,3,7.091329247312241,7.771033383486802,1.0138979859537731,21.439139144617094,2045972665.9115844
13,1.2254482413936065,65.86222331359278,2.107884291223091,0,3,-0.281869305147953,46,0.035514301628569965,11.490813070073116,11.537774755291002,3,9.613513531606548,7.091329247312241,0.9959297450146225,20.688655849126995,965982087.5799721
13,1.2254482413936065,65.86222331359278,2.107884291223091,0,3,-0.281869305147953,47,0.09425797907819627,10.954003522288467,11.210497079550368,3,10.086731805217088,9.613513531606548,0.9771202333454255,20.935530403482492,1236474971.7087226
13,1.2254482413936065,65.86222331359278,2.107884291223091,0,3,-0.281869305147953,48,0.12516814092890055,10.815451962111176,11.616710306783432,3,7.756963617795862,10.086731805217088,0.9310253657436588,21.216684675454243,1637906396.0146656
13,1.2254482413936065,65.86222331359278,2.107884291223091,0,3,-0.281869305147953,49,-0.11435942179986343,12.130107372433365,12.478423957124305,3,11.667610751537033,7.756963617795862,0.9720864921814044,20.833123256147,1116118921.985249
13,1.2254482413936065,65.86222331359278,2.107884291223091,0,3,-0.281869305147953,50,-0.10657251720030408,8.88893245122915,7.839466360341913,5,10.756627152179245,11.667610751537033,1.1338695827813292,21.222148669607133,1646880401.6157975
13,1.2254482413936065,65.86222331359278,2.107884291223091,0,3,-0.281869305147953,51,0.12811633661312918,12.032973471549493,11.238673490498899,3,8.131684445003808,10.756627152179245,1.0706755990128274,21.33425636714135,1842255304.82172
