data_examples/final_simulated_panel.csv
store_id,store_size,area_income,manager_experience,manager_vacant,base_competitors,store_fe,week,week_fe,price,competitor_price,competitor_count,ad_spend,ad_spend_lag,relative_price,log_sales,sales
14,1.0935018684504092,67.11226579792854,5.144259015427739,0,1,-0.07184456553258342,0,0.048845901334352015,9.678839316386643,8.717730724846474,1,9.165113316726197,0.0,1.110247565780038,20.936061663163372,1237132035.5279121
14,1.0935018684504092,67.11226579792854,5.144259015427739,0,1,-0.07184456553258342,1,0.13563566401577118,10.697124790727738,10.39419098937019,1,6.523516428647705,9.165113316726197,1.0291445290612178,21.17393848292901,1569367459.2542405
14,1.0935018684504092,67.11226579792854,5.144259015427739,0,1,-0.07184456553258342,2,-0.11710587627041394,9.949334112966618,10.049745332936162,1,5.597030723544085,6.523516428647705,0.9900085806512464,21.313207549827638,1803883269.175188
14,1.0935018684504092,67.11226579792854,5.144259015427739,0,1,-0.07184456553258342,3,-0.18173462462506965,10.262774353378724,10.298257567953994,1,10.9915590459748,5.597030723544085,0.9965544448329117,21.44501642628644,2058032829.3300202
14,1.0935018684504092,67.11226579792854,5.144259015427739,0,1,-0.07184456553258342,4,-0.39836764222427296,9.992938204366032,8.914654006969869,2,11.630762227174687,10.9915590459748,1.1209563709991563,21.180299747557864,1579382441.1656601
14,1.0935018684504092,67.11226579792854,5.144259015427739,0,1,-0.07184456553258342,5,0.1943245963972403,6.625306779667291,6.713297925501187,2,7.113232549649454,11.630762227174687,0.9868930074591726,22.318125748299952,4927638717.526656
14,1.0935018684504092,67.11226579792854,5.144259015427739,0,1,-0.07184456553258342,6,0.0033314601152094115,9.113348146554952,8.009513638453354,1,5.236621611835442,7.113232549649454,1.1378154227495327,21.188323120434053,1592105387.6242812
14,1.0935018684504092,67.11226579792854,5.144259015427739,0,1,-0.07184456553258342,7,0.04114626898936563,9.425312660038662,9.44660379086909,1,6.477153083849288,5.236621611835442,0.9977461602813269,21.27933849211737,1743810489.2664733
14,1.0935018684504092,67.11226579792854,5.144259015427739,0,1,-0.07184456553258342,8,-0.1567189753011227,8.917004437485701,9.220744212005346,1,12.019021762161993,6.477153083849288,0.9670590824844508,21.94536626267557,3394309746.8980885
14,1.0935018684504092,67.11226579792854,5.144259015427739,0,1,-0.07184456553258342,9,0.24529960585719213,8.375728266165325,8.48841042820056,2,5.767595839586237,12.019021762161993,0.9867251751092434,21.26131426731692,1712661220.9963436
14,1.0935018684504092,67.11226579792854,5.144259015427739,0,1,-0.07184456553258342,10,0.18864011553560334,10.769183645512564,11.220050216706078,1,8.617879805519632,5.767595839586237,0.959815993468354,21.563081685485894,2315940453.6928544
14,1.0935018684504092,67.11226579792854,5.144259015427739,0,1,-0.07184456553258342,11,-0.024364776297538047,9.229318208833877,8.836348950565663,1,7.128337443284677,8.617879805519632,1.044471903550511,21.504002512128753,2183079894.0544877
14,1.0935018684504092,67.11226579792854,5.144259015427739,0,1,-0.07184456553258342,12,-0.11117269158045646,10.364781997916879,10.077697261714755,2,8.32008855886464,7.128337443284677,1.0284871363711987,21.33870892706643,1850476345.7203221
14,1.0935018684504092,67.11226579792854,5.144259015427739,0,1,-0.07184456553258342,13,-0.07133827681171602,11.462263893792391,11.179248303724702,1,5.667573150807145,8.32008855886464,1.0253161556464754,21.06390765446453,1405849599.9710112
14,1.0935018684504092,67.11226579792854,5.144259015427739,0,1,-0.07184456553258342,14,-0.15972510848492985,9.194530357984336,9.114275734541653,1,7.434778977611193,5.667573150807145,1.008805375849946,20.873199813268023,1161757536.6901364
14,1.0935018684504092,67.11226579792854,5.144259015427739,0,1,-0.07184456553258342,15,0.005312829848108214,10.10320790783982,9.29505203940315,1,8.219176766224889,7.434778977611193,1.0869447384490991,20.900323748635888,1193700220.3219705
14,1.0935018684504092,67.11226579792854,5.144259015427739,0,1,-0.07184456553258342,16,-0.12323354394010944,11.427539337273162,11.709045075019167,1,10.701628681294991,8.219176766224889,0.9759582667978118,21.498793250251953,2171737228.296462
14,1.0935018684504092,67.11226579792854,5.144259015427739,0,1,-0.07184456553258342,17,0.11710850410840844,9.988968963597156,10.72923796316587,1,8.69582565994942,10.701628681294991,0.9310045128917727,22.025884717959148,3678918712.9887013
14,1.0935018684504092,67.11226579792854,5.144259015427739,0,1,-0.07184456553258342,18,-0.07189371493174873,9.93155933525159,9.980288577009903,2,8.571576290200321,8.69582565994942,0.9951174516265429,21.234459577446096,1667280307.4949553
14,1.0935018684504092,67.11226579792854,5.144259015427739,0,1,-0.07184456553258342,19,-0.07079141278787165,8.186201323551323,7.7329990449168395,1,8.832507523712009,8.571576290200321,1.058606276297472,21.224470172427036,1650708080.3766441
14,1.0935018684504092,67.11226579792854,5.144259015427739,0,1,-0.07184456553258342,20,0.3074506008403983,11.66463493913485,11.529769364084785,1,5.674976697175168,8.832507523712009,1.0116971615642347,21.48032763285525,2132002749.440146
14,1.0935018684504092,67.11226579792854,5.144259015427739,0,1,-0.07184456553258342,21,-0.14514390451041106,10.075968088306277,9.492524085705336,1,7.5268144805725115,5.674976697175168,1.0614635261741967,21.318566911909457,1813576885.365281
14,1.0935018684504092,67.11226579792854,5.144259015427739,0,1,-0.07184456553258342,22,-0.31358317758909293,8.985257178046579,8.962469402236014,2,9.266607076448375,7.5268144805725115,1.0025425778083974,21.5134150145358,2203725148.1416297
14,1.0935018684504092,67.11226579792854,5.144259015427739,0,1,-0.07184456553258342,23,0.07324303848148955,11.17921104011773,10.510769572269965,2,7.452546305524954,9.266607076448375,1.0635958635808438,21.50067298040955,2175823347.456421
14,1.0935018684504092,67.11226579792854,5.144259015427739,0,1,-0.07184456553258342,24,-0.4155737022818746,9.9180966385427,9.781102414096873,1,9.850153732449044,7.452546305524954,1.014006010636223,21.865625919900207,3134156512.7965918
14,1.0935018684504092,67.11226579792854,5.144259015427739,0,1,-0.07184456553258342,25,0.05287572716514413,10.274721532247518,10.111253236367215,2,7.054615846339769,9.850153732449044,1.0161669668496043,21.461539880009926,2092321140.0792413
14,1.0935018684504092,67.11226579792854,5.144259015427739,0,1,-0.07184456553258342,26,0.19634402837852838,9.699599204003302,8.41588070204211,2,8.030283254663004,7.054615846339769,1.1525352541712834,21.444359716518868,2056681742.7534478
14,1.0935018684504092,67.11226579792854,5.144259015427739,0,1,-0.07184456553258342,27,0.01402300615082264,11.098023903279323,11.911750565078336,1,8.87379588193909,8.030283254663004,0.9316870633452807,21.77438054823219,2860838350.1070223
14,1.0935018684504092,67.11226579792854,5.144259015427739,0,1,-0.07184456553258342,28,0.0018550148592412774,11.041992293054419,11.907416994127514,3,9.095347467354403,8.87379588193909,0.9273205346298106,21.287475413480696,1758057623.3873076
14,1.0935018684504092,67.11226579792854,5.144259015427739,0,1,-0.07184456553258342,29,-0.41012187044991083,9.916494993202411,9.758424332310236,1,9.333423352105468,9.095347467354403,1.0161983795241207,20.578287588310285,865041108.73003
14,1.0935018684504092,67.11226579792854,5.144259015427739,0,1,-0.07184456553258342,30,0.11106073711175773,10.411769907855193,11.09451713731063,1,6.894602885609714,9.333423352105468,0.9384608432250402,21.693935463623,2639711488.894525
14,1.0935018684504092,67.11226579792854,5.144259015427739,0,1,-0.07184456553258342,31,0.07925851344932232,11.948900711738467,12.108489975782776,2,7.968633697884935,6.894602885609714,0.9868200523464535,21.176710715708378,1573724147.2541044
14,1.0935018684504092,67.11226579792854,5.144259015427739,0,1,-0.07184456553258342,32,-0.2343995516749002,10.565697669945854,10.869702451742947,1,5.433890954468037,7.968633697884935,0.9720319131874353,21.32337001077849,1822308627.3757787
14,1.0935018684504092,67.11226579792854,5.144259015427739,0,1,-0.07184456553258342,33,0.3826341494492407,9.964930842070038,10.307017804856423,1,8.284184864526797,5.433890954468037,0.9668102870041417,22.194122265093217,4352961543.925005
14,1.0935018684504092,67.11226579792854,5.144259015427739,0,1,-0.07184456553258342,34,-0.2448032401480451,11.834538163103497,11.02157653642814,2,12.92307665494998,8.284184864526797,1.0737609201359155,20.681824823927496,959405926.1316131
14,1.0935018684504092,67.11226579792854,5.144259015427739,0,1,-0.07184456553258342,35,-0.33585807234342985,9.793121421890135,10.036177858279872,1,11.496720622296529,12.92307665494998,0.9757819719995082,20.842984220695385,1127179374.8483918
14,1.0935018684504092,67.11226579792854,5.144259015427739,0,1,-0.07184456553258342,36,-0.36221155398213295,10.5246245397485,10.523469623580525,1,7.962085467842586,11.496720622296529,1.0001097467099052,21.198349238543628,1608148314.0308895
14,1.0935018684504092,67.11226579792854,5.144259015427739,0,1,-0.07184456553258342,37,0.005194181464211946,9.25166133081037,9.767663244976719,1,8.458235994422909,7.962085467842586,0.947172429963562,21.30553063511852,1790088031.356404
14,1.0935018684504092,67.11226579792854,5.144259015427739,0,1,-0.07184456553258342,38,0.0675742500294194,9.593777795608835,10.326795183352043,1,7.385041176236017,8.458235994422909,0.929017921365874,21.53577664982139,2253559154.534863
14,1.0935018684504092,67.11226579792854,5.144259015427739,0,1,-0.07184456553258342,39,0.08819478218692851,9.92457263033597,9.643157965174208,1,7.575471348615052,7.385041176236017,1.0291828326548291,21.905889820770124,3262924841.6170774
14,1.0935018684504092,67.11226579792854,5.144259015427739,0,1,-0.07184456553258342,40,-0.06747199564309786,11.042619378272017,10.097900627908054,2,11.17159585240741,7.575471348615052,1.093555956349283,20.711797955434484,988597623.9989966
14,1.0935018684504092,67.11226579792854,5.144259015427739,0,1,-0.07184456553258342,41,-0.16253500440717236,11.53761565446032,11.333853384284687,1,10.798745868903836,11.17159585240741,1.0179781988761356,21.14801006484213,1529199243.1312068
14,1.0935018684504092,67.11226579792854,5.144259015427739,0,1,-0.07184456553258342,42,0.16855291640160835,10.06717867163645,9.108461416937132,1,9.752950445392786,10.798745868903836,1.1052556750052855,21.765271977204126,2834898517.5425186
14,1.0935018684504092,67.11226579792854,5.144259015427739,0,1,-0.07184456553258342,43,-0.17951707731235617,11.270418193349785,11.649160770410134,2,6.737271709044871,9.752950445392786,0.9674875654542955,21.592678611670934,2385509610.603672
14,1.0935018684504092,67.11226579792854,5.144259015427739,0,1,-0.07184456553258342,44,-0.2419680411959665,10.43801276823338,10.271968437431621,1,6.411661049575897,6.737271709044871,1.0161648014996507,21.207035623369208,1622178155.2266521
14,1.0935018684504092,67.11226579792854,5.144259015427739,0,1,-0.07184456553258342,45,0.2802631334986427,11.242479675284244,11.879530601605929,1,6.475485808821865,6.411661049575897,0.9463740658039498,21.32554084688348,1826268857.6887715
14,1.0935018684504092,67.11226579792854,5.144259015427739,0,1,-0.07184456553258342,46,0.035514301628569965,9.76508928684026,9.548465609436008,1,12.745243498224484,6.475485808821865,1.0226867526432917,21.551687904486084,2289702891.714691
14,1.0935018684504092,67.11226579792854,5.144259015427739,0,1,-0.07184456553258342,47,0.09425797907819627,10.834798466804006,11.747736979630334,1,7.414886608293679,12.745243498224484,0.9222881381827588,21.42550172883276,2018260278.1527221
14,1.0935018684504092,67.11226579792854,5.144259015427739,0,1,-0.07184456553258342,48,0.12516814092890055,10.420520509583925,9.344862378779254,2,6.993995732156851,7.414886608293679,1.1151068990857826,20.705753278575166,982639895.230981
14,1.0935018684504092,67.11226579792854,5.144259015427739,0,1,-0.07184456553258342,49,-0.11435942179986343,10.718444481346044,10.89468895931474,1,7.981065630583705,6.993995732156851,0.9838228995222474,21.447863178407687,2063899885.7179031
14,1.0935018684504092,67.11226579792854,5.144259015427739,0,1,-0.07184456553258342,50,-0.10657251720030408,13.090551691659153,12.734216025604608,1,8.004574013130394,7.981065630583705,1.0279825366035933,20.96553399127436,1274135812.0432036
14,1.0935018684504092,67.11226579792854,5.144259015427739,0,1,-0.07184456553258342,51,0.12811633661312918,10.90050400502991,10.78549740035552,1,9.411155074452747,8.004574013130394,1.0106630784288724,21.82831114796274,3019361276.035189
