data_examples/final_simulated_panel.csv
store_id,store_size,area_income,manager_experience,manager_vacant,base_competitors,store_fe,week,week_fe,price,competitor_price,competitor_count,ad_spend,ad_spend_lag,relative_price,log_sales,sales
15,0.8281415074233524,67.93347235199926,3.941014581872395,0,2,0.0787104386627829,0,0.048845901334352015,11.515090780579479,12.408678033791455,3,7.635482996470022,0.0,0.9279869095822658,20.94753977830597,1251413786.4712203
15,0.8281415074233524,67.93347235199926,3.941014581872395,0,2,0.0787104386627829,1,0.13563566401577118,11.197958591166062,10.838905154301372,3,8.785122792824493,7.635482996470022,1.0331263565603026,21.330780758923826,1835863461.3517246
15,0.8281415074233524,67.93347235199926,3.941014581872395,0,2,0.0787104386627829,2,-0.11710587627041394,8.609818904422871,8.649422258958975,2,8.39048735968192,8.785122792824493,0.9954212716930217,20.817887760252507,1099243178.325541
15,0.8281415074233524,67.93347235199926,3.941014581872395,0,2,0.0787104386627829,3,-0.18173462462506965,10.555833696600173,10.555191863177473,2,7.062307314914239,8.39048735968192,1.000060807366746,20.956555098136356,1262746690.1142426
15,0.8281415074233524,67.93347235199926,3.941014581872395,0,2,0.0787104386627829,4,-0.39836764222427296,11.231653085715548,11.753162128231939,2,4.2341550934321175,7.062307314914239,0.9556281929214873,20.00415319865065,487184372.9650482
15,0.8281415074233524,67.93347235199926,3.941014581872395,0,2,0.0787104386627829,5,0.1943245963972403,8.620553536255525,8.345342851873779,2,7.7013548898516815,4.2341550934321175,1.032977756488453,21.00841559625681,1329961187.278397
15,0.8281415074233524,67.93347235199926,3.941014581872395,0,2,0.0787104386627829,6,0.0033314601152094115,9.378159976120568,9.076792330668512,2,8.479198686474254,7.7013548898516815,1.0332019985115006,22.396248807801783,5328037496.556829
15,0.8281415074233524,67.93347235199926,3.941014581872395,0,2,0.0787104386627829,7,0.04114626898936563,13.630732187125473,12.970864132023184,2,8.418157780266817,8.479198686474254,1.0508730989998707,21.176336394649997,1573135179.4041164
15,0.8281415074233524,67.93347235199926,3.941014581872395,0,2,0.0787104386627829,8,-0.1567189753011227,10.298960989207552,10.53844554650188,2,8.672105936181314,8.418157780266817,0.9772751535093502,21.124082938554135,1493044168.1479626
15,0.8281415074233524,67.93347235199926,3.941014581872395,0,2,0.0787104386627829,9,0.24529960585719213,9.78274504424449,10.076169943818698,2,9.713131464139968,8.672105936181314,0.9708793220826717,22.314224465462082,4908452055.798894
15,0.8281415074233524,67.93347235199926,3.941014581872395,0,2,0.0787104386627829,10,0.18864011553560334,10.267759879682275,8.959339013531364,2,7.737846793088474,9.713131464139968,1.1460398880067817,21.57762625280352,2349870959.6404285
15,0.8281415074233524,67.93347235199926,3.941014581872395,0,2,0.0787104386627829,11,-0.024364776297538047,9.392732381983198,9.081515202683004,3,7.70934149807759,7.737846793088474,1.034269301141317,21.176707412450313,1573718948.8457081
15,0.8281415074233524,67.93347235199926,3.941014581872395,0,2,0.0787104386627829,12,-0.11117269158045646,10.362521725289653,10.539883863767908,2,3.659816694055479,7.70934149807759,0.9831722872120101,21.15550852741551,1540708985.1783042
15,0.8281415074233524,67.93347235199926,3.941014581872395,0,2,0.0787104386627829,13,-0.07133827681171602,10.49060876818076,10.300296551246038,4,6.229195297063166,3.659816694055479,1.0184763823049054,21.02778071851414,1355967038.8197677
15,0.8281415074233524,67.93347235199926,3.941014581872395,0,2,0.0787104386627829,14,-0.15972510848492985,9.991123580978241,9.87504745242107,2,9.218535871417266,6.229195297063166,1.011754488180076,21.060809683313764,1401501057.7750213
15,0.8281415074233524,67.93347235199926,3.941014581872395,0,2,0.0787104386627829,15,0.005312829848108214,11.702834606120444,11.256937660867477,2,6.352960412143306,9.218535871417266,1.0396108567610745,21.738492169059306,2759988000.6054726
15,0.8281415074233524,67.93347235199926,3.941014581872395,0,2,0.0787104386627829,16,-0.12323354394010944,12.005390129773888,12.477765108799543,2,6.598557471135933,6.352960412143306,0.9621426613735077,21.089092670493102,1441705565.9977493
15,0.8281415074233524,67.93347235199926,3.941014581872395,0,2,0.0787104386627829,17,0.11710850410840844,11.347422451444102,12.867235266592376,2,8.919405626202252,6.598557471135933,0.8818850527203607,21.77030759381883,2849209982.90301
15,0.8281415074233524,67.93347235199926,3.941014581872395,0,2,0.0787104386627829,18,-0.07189371493174873,9.54663142838057,9.173689362658365,2,9.426003962847965,8.919405626202252,1.0406534438848858,21.22685986183607,1654657477.0299442
15,0.8281415074233524,67.93347235199926,3.941014581872395,0,2,0.0787104386627829,19,-0.07079141278787165,9.80772272578573,9.4575339937378,2,6.965927661365011,9.426003962847965,1.037027488590557,21.309854946066704,1797845689.8034935
15,0.8281415074233524,67.93347235199926,3.941014581872395,0,2,0.0787104386627829,20,0.3074506008403983,8.993434499242689,8.853458255033544,2,8.045136541499675,6.965927661365011,1.0158103466664636,22.030814128851688,3697098385.6911526
15,0.8281415074233524,67.93347235199926,3.941014581872395,0,2,0.0787104386627829,21,-0.14514390451041106,10.74111884317524,11.252662706788318,2,7.93200376284133,8.045136541499675,0.9545401940018622,21.90522999959283,3260772604.830449
15,0.8281415074233524,67.93347235199926,3.941014581872395,0,2,0.0787104386627829,22,-0.31358317758909293,9.882194121754065,10.606899520918459,2,6.801972384940621,7.93200376284133,0.9316760380604,20.92633678898114,1225159392.715508
15,0.8281415074233524,67.93347235199926,3.941014581872395,0,2,0.0787104386627829,23,0.07324303848148955,9.806034420723543,9.965830528740815,2,5.424771700643655,6.801972384940621,0.9839656005029958,21.678554804955738,2599421624.0929737
15,0.8281415074233524,67.93347235199926,3.941014581872395,0,2,0.0787104386627829,24,-0.4155737022818746,9.690711237534613,9.777183919245415,2,6.632477516123688,5.424771700643655,0.9911556658415119,21.459655172817243,2088381441.1327913
15,0.8281415074233524,67.93347235199926,3.941014581872395,0,2,0.0787104386627829,25,0.05287572716514413,10.617993383781785,11.169588054713056,2,8.463186712604267,6.632477516123688,0.9506163818907786,21.81749658951327,2986884146.4721274
15,0.8281415074233524,67.93347235199926,3.941014581872395,0,2,0.0787104386627829,26,0.19634402837852838,10.545055896481271,10.189242553214214,3,5.219072886737672,8.463186712604267,1.0349204900569193,21.339769492278936,1852439937.6337404
15,0.8281415074233524,67.93347235199926,3.941014581872395,0,2,0.0787104386627829,27,0.01402300615082264,9.247622998443072,9.59229301608677,2,9.859780285162946,5.219072886737672,0.9640680265849189,21.507414237605044,2190540683.1911125
15,0.8281415074233524,67.93347235199926,3.941014581872395,0,2,0.0787104386627829,28,0.0018550148592412774,11.93114344769285,11.440430286425174,2,6.048497693451532,9.859780285162946,1.0428928937970052,21.205319942017574,1619397400.5432894
15,0.8281415074233524,67.93347235199926,3.941014581872395,0,2,0.0787104386627829,29,-0.41012187044991083,10.592064603263477,10.49177919033914,2,11.058950973826018,6.048497693451532,1.0095584753648534,21.184447936361387,1585947625.1216924
15,0.8281415074233524,67.93347235199926,3.941014581872395,0,2,0.0787104386627829,30,0.11106073711175773,9.065350181269489,9.681215326084919,2,8.196958163076667,11.058950973826018,0.9363855544916915,22.203345587634924,4393296035.331728
15,0.8281415074233524,67.93347235199926,3.941014581872395,0,2,0.0787104386627829,31,0.07925851344932232,11.289043016229158,10.933975229670104,2,13.092903120206113,8.196958163076667,1.0324738056471496,21.228146013914298,1656786987.3262799
15,0.8281415074233524,67.93347235199926,3.941014581872395,0,2,0.0787104386627829,32,-0.2343995516749002,9.590644814994974,9.36269348099331,2,9.822115707278721,13.092903120206113,1.0243467688506962,21.343818789639148,1859956225.3549063
15,0.8281415074233524,67.93347235199926,3.941014581872395,0,2,0.0787104386627829,33,0.3826341494492407,12.279096009780286,11.634438717136957,2,4.892264425689014,9.822115707278721,1.0554094020619817,21.438378475578357,2044416949.6181457
15,0.8281415074233524,67.93347235199926,3.941014581872395,0,2,0.0787104386627829,34,-0.2448032401480451,11.813561965043196,10.93711410483791,2,7.919524008365537,4.892264425689014,1.0801352031078837,21.037898370853682,1369755879.624611
15,0.8281415074233524,67.93347235199926,3.941014581872395,0,2,0.0787104386627829,35,-0.33585807234342985,11.025938007585351,11.418444585981767,2,9.478238311052493,7.919524008365537,0.9656252149370423,21.794528590557317,2919063231.3007774
15,0.8281415074233524,67.93347235199926,3.941014581872395,0,2,0.0787104386627829,36,-0.36221155398213295,12.832452304948758,12.45399878107491,2,12.013125824304407,9.478238311052493,1.030388113129491,20.984085537553124,1297993616.8733046
15,0.8281415074233524,67.93347235199926,3.941014581872395,0,2,0.0787104386627829,37,0.005194181464211946,9.610394017812958,9.873881702521347,2,4.907057676290949,12.013125824304407,0.9733146808269836,21.603115013581217,2410536113.83016
15,0.8281415074233524,67.93347235199926,3.941014581872395,0,2,0.0787104386627829,38,0.0675742500294194,10.819732288654697,10.657791436398089,2,12.775937875805168,4.907057676290949,1.0151945976071133,21.31054990379505,1799095550.809975
15,0.8281415074233524,67.93347235199926,3.941014581872395,0,2,0.0787104386627829,39,0.08819478218692851,10.260858780538541,9.929729391761303,2,10.679712938348652,12.775937875805168,1.0333472721876968,21.318074582854283,1812684228.5293033
15,0.8281415074233524,67.93347235199926,3.941014581872395,0,2,0.0787104386627829,40,-0.06747199564309786,9.63671716064999,10.250992468676367,2,6.157351678483369,10.679712938348652,0.9400765038211277,21.09860478569336,1455484665.7237086
15,0.8281415074233524,67.93347235199926,3.941014581872395,0,2,0.0787104386627829,41,-0.16253500440717236,9.257397248614103,8.804960101118613,2,7.737233459953113,6.157351678483369,1.0513843495370307,21.58949188722588,2377919748.6360364
15,0.8281415074233524,67.93347235199926,3.941014581872395,0,2,0.0787104386627829,42,0.16855291640160835,11.671492112085343,11.93906494149554,4,7.286209154161271,7.737233459953113,0.977588460174949,20.695500806253108,972616875.0667971
15,0.8281415074233524,67.93347235199926,3.941014581872395,0,2,0.0787104386627829,43,-0.17951707731235617,10.321669755129395,9.607549597413781,2,6.883632354336274,7.286209154161271,1.074329062834903,21.545092604876533,2274651304.549881
15,0.8281415074233524,67.93347235199926,3.941014581872395,0,2,0.0787104386627829,44,-0.2419680411959665,9.615657529994365,9.530560649977014,2,5.2807449156699375,6.883632354336274,1.0089288430285113,21.359481471961082,1889317466.5034387
15,0.8281415074233524,67.93347235199926,3.941014581872395,0,2,0.0787104386627829,45,0.2802631334986427,10.054295315904197,10.118189427126046,2,7.084495616173948,5.2807449156699375,0.993685222866993,21.667693918399475,2571342359.590927
15,0.8281415074233524,67.93347235199926,3.941014581872395,0,2,0.0787104386627829,46,0.035514301628569965,13.69981863164004,14.273728647198379,2,11.432023868924427,7.084495616173948,0.9597925650862794,21.73071828117701,2738615345.2803583
15,0.8281415074233524,67.93347235199926,3.941014581872395,0,2,0.0787104386627829,47,0.09425797907819627,10.629169080321786,10.582795576109888,2,10.235853345882251,11.432023868924427,1.0043819710848978,21.81945537358059,2992740541.383187
15,0.8281415074233524,67.93347235199926,3.941014581872395,0,2,0.0787104386627829,48,0.12516814092890055,9.906780058281004,9.948365182092141,2,8.957976237197046,10.235853345882251,0.9958199037681092,21.865315312282465,3133183171.080024
15,0.8281415074233524,67.93347235199926,3.941014581872395,0,2,0.0787104386627829,49,-0.11435942179986343,10.395112359460187,11.076705747555526,3,12.49991607775382,8.957976237197046,0.9384660562779907,21.874388543130916,3161740623.548832
15,0.8281415074233524,67.93347235199926,3.941014581872395,0,2,0.0787104386627829,50,-0.10657251720030408,11.81812491627276,11.605652490569861,2,12.017372510482843,12.49991607775382,1.0183076673953095,21.514857271035794,2206905778.151557
15,0.8281415074233524,67.93347235199926,3.941014581872395,0,2,0.0787104386627829,51,0.12811633661312918,10.525560989982436,11.077173410706171,2,8.04747634842127,12.017372510482843,0.9502027818585382,21.84135368509312,3058999336.129603
