data_examples/final_simulated_panel.csv
store_id,store_size,area_income,manager_experience,manager_vacant,base_competitors,store_fe,week,week_fe,price,competitor_price,competitor_count,ad_spend,ad_spend_lag,relative_price,log_sales,sales
16,1.0737501568164998,56.512749277515624,5.465352422709408,0,2,0.32821139016696754,0,0.048845901334352015,9.82305857961357,10.583559841295777,2,5.6609181013020535,0.0,0.9281431509731892,21.4574706781727,2083824362.3282022
16,1.0737501568164998,56.512749277515624,5.465352422709408,0,2,0.32821139016696754,1,0.13563566401577118,9.951550369598978,10.280366214239544,2,9.990784351578753,5.6609181013020535,0.9680151623212492,21.836035582413352,3042774444.6218615
16,1.0737501568164998,56.512749277515624,5.465352422709408,0,2,0.32821139016696754,2,-0.11710587627041394,9.504980867721937,9.678812526439195,2,8.481338295500137,9.990784351578753,0.9820399808093803,21.22802420008122,1656585180.044467
16,1.0737501568164998,56.512749277515624,5.465352422709408,0,2,0.32821139016696754,3,-0.18173462462506965,9.780050742722738,9.876163270263538,3,9.357962149109868,8.481338295500137,0.9902682322162303,21.61651866678874,2443063610.6036367
16,1.0737501568164998,56.512749277515624,5.465352422709408,0,2,0.32821139016696754,4,-0.39836764222427296,11.43015829972601,11.86836525131348,2,8.601673836101012,9.357962149109868,0.9630777329220659,20.76688414399762,1044583568.6037681
16,1.0737501568164998,56.512749277515624,5.465352422709408,0,2,0.32821139016696754,5,0.1943245963972403,9.835845096007564,9.463095977321304,2,6.99695179016616,8.601673836101012,1.039389764151137,21.478785650388335,2128717771.9208589
16,1.0737501568164998,56.512749277515624,5.465352422709408,0,2,0.32821139016696754,6,0.0033314601152094115,9.980944049120843,9.585108173744208,2,7.4148734441919775,6.99695179016616,1.0412969648543895,22.029590166801963,3692576045.723786
16,1.0737501568164998,56.512749277515624,5.465352422709408,0,2,0.32821139016696754,7,0.04114626898936563,7.172993546013302,6.607922007564688,2,8.05550085024305,7.4148734441919775,1.0855142566455425,21.412224003617705,1991639495.5829847
16,1.0737501568164998,56.512749277515624,5.465352422709408,0,2,0.32821139016696754,8,-0.1567189753011227,10.78128585894307,10.42749095863477,2,5.655326831099325,8.05550085024305,1.0339290536632237,21.635035680469752,2488723288.7058444
16,1.0737501568164998,56.512749277515624,5.465352422709408,0,2,0.32821139016696754,9,0.24529960585719213,11.331770336186938,11.111774425553818,3,6.443673602569991,5.655326831099325,1.019798450023175,21.024790128654747,1351917955.1358943
16,1.0737501568164998,56.512749277515624,5.465352422709408,0,2,0.32821139016696754,10,0.18864011553560334,9.417040199067491,10.292113247875166,2,9.114598558076704,6.443673602569991,0.9149763486144756,22.29494507127378,4814726463.177116
16,1.0737501568164998,56.512749277515624,5.465352422709408,0,2,0.32821139016696754,11,-0.024364776297538047,10.585262692527994,10.851768060401497,3,7.53521756241885,9.114598558076704,0.9754412952442293,21.347575465197494,1866956618.3160422
16,1.0737501568164998,56.512749277515624,5.465352422709408,0,2,0.32821139016696754,12,-0.11117269158045646,9.031316596709386,9.26434964961205,2,8.790699092329586,7.53521756241885,0.9748462588615249,22.007663216529487,3612490340.7100105
16,1.0737501568164998,56.512749277515624,5.465352422709408,0,2,0.32821139016696754,13,-0.07133827681171602,10.447083715557474,10.130229530233407,2,9.812864457393548,8.790699092329586,1.0312780854943537,21.02500195770313,1352204360.9632876
16,1.0737501568164998,56.512749277515624,5.465352422709408,0,2,0.32821139016696754,14,-0.15972510848492985,10.496528434298131,11.006205672976892,2,8.005357090026111,9.812864457393548,0.9536918304252526,21.028776637530353,1357318144.8635108
16,1.0737501568164998,56.512749277515624,5.465352422709408,0,2,0.32821139016696754,15,0.005312829848108214,7.909405173399303,8.182159716133608,2,9.851700056343969,8.005357090026111,0.9666647251829507,22.12273411167735,4053044287.7165275
16,1.0737501568164998,56.512749277515624,5.465352422709408,0,2,0.32821139016696754,16,-0.12323354394010944,11.24542003930634,11.319751145555246,2,7.246999986306103,9.851700056343969,0.9934335035025843,20.895030415068835,1187398260.7784798
16,1.0737501568164998,56.512749277515624,5.465352422709408,0,2,0.32821139016696754,17,0.11710850410840844,11.483141504119212,11.264566282202964,2,11.145000304856547,7.246999986306103,1.0194037849696511,21.63834537329396,2496973844.1866193
16,1.0737501568164998,56.512749277515624,5.465352422709408,0,2,0.32821139016696754,18,-0.07189371493174873,10.028882197895856,9.520646039015107,2,5.795120069476523,11.145000304856547,1.053382528538297,21.455854298582466,2080458831.8794196
16,1.0737501568164998,56.512749277515624,5.465352422709408,0,2,0.32821139016696754,19,-0.07079141278787165,9.08853053116424,9.220323126828442,2,11.836746553534594,5.795120069476523,0.9857062931687586,21.84451301128332,3068678995.3972187
16,1.0737501568164998,56.512749277515624,5.465352422709408,0,2,0.32821139016696754,20,0.3074506008403983,10.185541111583031,10.164683214645043,2,10.181799651815293,11.836746553534594,1.0020519967516486,22.003314343256264,3596814189.521506
16,1.0737501568164998,56.512749277515624,5.465352422709408,0,2,0.32821139016696754,21,-0.14514390451041106,10.055356391252882,9.599555430127001,2,9.901477445194061,10.181799651815293,1.0474814656203149,21.811973063996223,2970431495.82041
16,1.0737501568164998,56.512749277515624,5.465352422709408,0,2,0.32821139016696754,22,-0.31358317758909293,11.147938836714653,11.160263188921737,2,8.293333783654512,9.901477445194061,0.9988956934080804,20.988515624397838,1303756597.146292
16,1.0737501568164998,56.512749277515624,5.465352422709408,0,2,0.32821139016696754,23,0.07324303848148955,10.169063202885823,10.092188478747497,2,9.437145654719659,8.293333783654512,1.0076172501435354,21.41135740376652,1989914288.732465
16,1.0737501568164998,56.512749277515624,5.465352422709408,0,2,0.32821139016696754,24,-0.4155737022818746,10.107086469151279,10.572162922108093,3,11.957287164794353,9.437145654719659,0.9560093373150479,21.440065183231457,2047868193.1343925
16,1.0737501568164998,56.512749277515624,5.465352422709408,0,2,0.32821139016696754,25,0.05287572716514413,11.251985352963146,10.820183572580888,2,5.10176698370484,11.957287164794353,1.0399070660387384,21.12121154704511,1488763202.9059064
16,1.0737501568164998,56.512749277515624,5.465352422709408,0,2,0.32821139016696754,26,0.19634402837852838,10.920655606654671,10.651498433136029,2,10.322635193519385,5.10176698370484,1.0252694186839773,22.314213374934255,4908397618.776647
16,1.0737501568164998,56.512749277515624,5.465352422709408,0,2,0.32821139016696754,27,0.01402300615082264,10.370460035301495,10.031356339354126,2,8.419826331029478,10.322635193519385,1.0338043714604204,21.137867436824592,1513767535.3709931
16,1.0737501568164998,56.512749277515624,5.465352422709408,0,2,0.32821139016696754,28,0.0018550148592412774,9.599269774622243,9.829209159690608,2,7.0975446313682635,8.419826331029478,0.9766065223221273,21.536409347841264,2254985428.1022587
16,1.0737501568164998,56.512749277515624,5.465352422709408,0,2,0.32821139016696754,29,-0.41012187044991083,9.541028933350509,9.787173306986542,2,7.270462915433251,7.0975446313682635,0.9748503101032937,21.880118089275996,3179907957.941308
16,1.0737501568164998,56.512749277515624,5.465352422709408,0,2,0.32821139016696754,30,0.11106073711175773,9.633722824657127,8.992206204168712,2,9.481060187836508,7.270462915433251,1.0713414045366323,21.418637200922497,2004453317.493862
16,1.0737501568164998,56.512749277515624,5.465352422709408,0,2,0.32821139016696754,31,0.07925851344932232,9.516546037791713,9.43081304902065,2,11.0966080547696,9.481060187836508,1.0090907314486492,21.947059611882306,3400062367.838864
16,1.0737501568164998,56.512749277515624,5.465352422709408,0,2,0.32821139016696754,32,-0.2343995516749002,9.958909314903751,9.77929474062729,2,7.918690020769966,11.0966080547696,1.0183668228681428,21.412080033717658,1991352780.0835705
16,1.0737501568164998,56.512749277515624,5.465352422709408,0,2,0.32821139016696754,33,0.3826341494492407,11.527146151583201,11.688408946542575,2,5.867561666071324,7.918690020769966,0.9862031867898432,21.44531012849861,2058637366.8973746
16,1.0737501568164998,56.512749277515624,5.465352422709408,0,2,0.32821139016696754,34,-0.2448032401480451,10.01570775156326,9.498390821935436,2,4.936971637797237,5.867561666071324,1.0544636390864377,21.068578822404245,1412431921.145532
16,1.0737501568164998,56.512749277515624,5.465352422709408,0,2,0.32821139016696754,35,-0.33585807234342985,10.117422604537918,10.32306954736993,2,11.255099185564546,4.936971637797237,0.9800788959244777,20.967587389977247,1276754808.8690603
16,1.0737501568164998,56.512749277515624,5.465352422709408,0,2,0.32821139016696754,36,-0.36221155398213295,8.323254463464634,8.520533478912231,2,8.209517097519013,11.255099185564546,0.9768466357258205,21.494513357824843,2162462288.6092553
16,1.0737501568164998,56.512749277515624,5.465352422709408,0,2,0.32821139016696754,37,0.005194181464211946,11.43227788997672,11.021741554534554,2,10.496990702681455,8.209517097519013,1.0372478644514456,21.812615925091258,2972341684.591775
16,1.0737501568164998,56.512749277515624,5.465352422709408,0,2,0.32821139016696754,38,0.0675742500294194,10.028081860230765,10.882219560476102,2,4.988424788360802,10.496990702681455,0.921510708776035,22.014295309972738,3636528337.2234397
16,1.0737501568164998,56.512749277515624,5.465352422709408,0,2,0.32821139016696754,39,0.08819478218692851,11.052082755135688,10.647290673264248,3,9.678503820748832,4.988424788360802,1.0380183179264457,21.155533991314552,1540748218.1358669
16,1.0737501568164998,56.512749277515624,5.465352422709408,0,2,0.32821139016696754,40,-0.06747199564309786,10.925978592965501,10.889849944073193,3,7.957681358302116,9.678503820748832,1.0033176443273188,21.551062317617326,2288270931.6066995
16,1.0737501568164998,56.512749277515624,5.465352422709408,0,2,0.32821139016696754,41,-0.16253500440717236,9.780182220442512,10.134917470674159,2,7.451329053044054,7.957681358302116,0.9649987036146975,21.725022371339982,2723060779.949728
16,1.0737501568164998,56.512749277515624,5.465352422709408,0,2,0.32821139016696754,42,0.16855291640160835,10.939403007908217,11.17462330564362,2,7.670628098432908,7.451329053044054,0.9789504942312814,21.761338314068293,2823768886.211859
16,1.0737501568164998,56.512749277515624,5.465352422709408,0,2,0.32821139016696754,43,-0.17951707731235617,8.965153284795973,8.384267867739318,3,10.940545860090573,7.670628098432908,1.0692827836872631,21.722557633137523,2716357412.4343114
16,1.0737501568164998,56.512749277515624,5.465352422709408,0,2,0.32821139016696754,44,-0.2419680411959665,9.76934342331174,9.828291876982002,2,3.86159893783803,10.940545860090573,0.9940021669677598,20.92170233035874,1219494579.0156398
16,1.0737501568164998,56.512749277515624,5.465352422709408,0,2,0.32821139016696754,45,0.2802631334986427,11.981817907409805,11.40169011472559,3,5.966276637629621,3.86159893783803,1.0508808594907315,21.101541589482995,1459765421.3987775
16,1.0737501568164998,56.512749277515624,5.465352422709408,0,2,0.32821139016696754,46,0.035514301628569965,9.548357697340109,9.439769268152133,2,10.74052097086764,5.966276637629621,1.0115032927292333,21.704130281922726,2666760513.5568886
16,1.0737501568164998,56.512749277515624,5.465352422709408,0,2,0.32821139016696754,47,0.09425797907819627,10.930487271917528,10.20736501277224,2,5.489807071481918,10.74052097086764,1.0708431860955754,20.890882478600993,1182483208.9392354
16,1.0737501568164998,56.512749277515624,5.465352422709408,0,2,0.32821139016696754,48,0.12516814092890055,10.527869106638024,11.4733935928179,2,7.5151289660840765,5.489807071481918,0.9175898152076162,21.534867794186145,2251511925.05685
16,1.0737501568164998,56.512749277515624,5.465352422709408,0,2,0.32821139016696754,49,-0.11435942179986343,9.721570551528071,10.550199949227677,3,6.131097273155785,7.5151289660840765,0.9214584176899637,20.628286852883992,909392045.9938825
16,1.0737501568164998,56.512749277515624,5.465352422709408,0,2,0.32821139016696754,50,-0.10657251720030408,12.016215957971829,12.204204263966702,2,10.666426127070888,6.131097273155785,0.9845964307111842,20.905212964886758,1199550769.4833524
16,1.0737501568164998,56.512749277515624,5.465352422709408,0,2,0.32821139016696754,51,0.12811633661312918,10.409008252673749,9.859147465791995,3,10.868216925474979,10.666426127070888,1.0557716363194272,21.73678369529443,2755276659.262596
