data_examples/final_simulated_panel.csv
store_id,store_size,area_income,manager_experience,manager_vacant,base_competitors,store_fe,week,week_fe,price,competitor_price,competitor_count,ad_spend,ad_spend_lag,relative_price,log_sales,sales
17,0.8082234798342002,55.376482073354325,5.043704291046886,1,1,-0.15749646888982885,0,0.048845901334352015,10.779518178486626,10.440729926153004,1,10.869922416547656,0.0,1.0324487133303766,21.526740337537312,2233287020.872197
17,0.8082234798342002,55.376482073354325,5.043704291046886,1,1,-0.15749646888982885,1,0.13563566401577118,12.102459325525672,13.479339682121589,1,10.921996308254215,10.869922416547656,0.8978525366177876,21.184251697702567,1585636431.4218962
17,0.8082234798342002,55.376482073354325,5.043704291046886,1,1,-0.15749646888982885,2,-0.11710587627041394,8.526098364477134,8.36444222445933,1,6.241586572285242,10.921996308254215,1.0193265893504637,21.001350415711258,1320597887.023879
17,0.8082234798342002,55.376482073354325,5.043704291046886,1,1,-0.15749646888982885,3,-0.18173462462506965,9.952016341776266,9.670693993631607,1,8.393122468943712,6.241586572285242,1.0290901923202116,20.552509981710326,843027369.0666338
17,0.8082234798342002,55.376482073354325,5.043704291046886,1,1,-0.15749646888982885,4,-0.39836764222427296,10.969263676864779,11.604228190012666,2,8.296702042446391,8.393122468943712,0.9452816247017292,20.49603265551878,796734976.8284483
17,0.8082234798342002,55.376482073354325,5.043704291046886,1,1,-0.15749646888982885,5,0.1943245963972403,9.958038079980366,9.11188762583585,1,9.611381181649012,8.296702042446391,1.0928622574037612,21.45757702356908,2084045979.239758
17,0.8082234798342002,55.376482073354325,5.043704291046886,1,1,-0.15749646888982885,6,0.0033314601152094115,11.245246889977738,10.191073811466438,1,10.54023605142385,9.611381181649012,1.1034408245895737,21.12329822114809,1491873009.9754224
17,0.8082234798342002,55.376482073354325,5.043704291046886,1,1,-0.15749646888982885,7,0.04114626898936563,10.711408489653952,11.043373491878329,2,8.788483990214534,10.54023605142385,0.9699398917850134,21.236040924119276,1669918941.410094
17,0.8082234798342002,55.376482073354325,5.043704291046886,1,1,-0.15749646888982885,8,-0.1567189753011227,10.312366384695883,9.530308816243778,1,5.507120100150274,8.788483990214534,1.0820600448034947,19.965695199255734,468803939.3563856
17,0.8082234798342002,55.376482073354325,5.043704291046886,1,1,-0.15749646888982885,9,0.24529960585719213,10.571895041103145,10.791204963643976,2,6.6723520707541475,5.507120100150274,0.9796769755296378,21.154062984848302,1538483433.7087836
17,0.8082234798342002,55.376482073354325,5.043704291046886,1,1,-0.15749646888982885,10,0.18864011553560334,9.295970836778661,9.838192803870113,1,8.264603690702515,6.6723520707541475,0.9448860194244054,21.191706683510397,1597501500.523561
17,0.8082234798342002,55.376482073354325,5.043704291046886,1,1,-0.15749646888982885,11,-0.024364776297538047,8.540233951649938,8.398058183574157,1,6.483632138924668,8.264603690702515,1.0169296002680552,21.318491895315383,1813440842.1070638
17,0.8082234798342002,55.376482073354325,5.043704291046886,1,1,-0.15749646888982885,12,-0.11117269158045646,8.276326150734393,9.07781614749899,1,6.327386459503167,6.483632138924668,0.911708941474276,20.89295045205585,1184931083.0230846
17,0.8082234798342002,55.376482073354325,5.043704291046886,1,1,-0.15749646888982885,13,-0.07133827681171602,10.399607697345367,10.05287798881986,1,6.187976996502866,6.327386459503167,1.0344905915411602,21.004326134027973,1324533467.029971
17,0.8082234798342002,55.376482073354325,5.043704291046886,1,1,-0.15749646888982885,14,-0.15972510848492985,9.117729644392123,8.438515315800615,1,3.9981674287179993,6.187976996502866,1.080489790344958,20.768627520534086,1046406259.4442219
17,0.8082234798342002,55.376482073354325,5.043704291046886,1,1,-0.15749646888982885,15,0.005312829848108214,11.49950354842353,11.418379330091835,1,6.494790321763194,3.9981674287179993,1.0071047051412894,20.621664279757045,903389428.9920342
17,0.8082234798342002,55.376482073354325,5.043704291046886,1,1,-0.15749646888982885,16,-0.12323354394010944,8.926542325466924,8.948450288450646,2,8.429531734105176,6.494790321763194,0.9975517589887047,21.38736460940211,1942738882.3505774
17,0.8082234798342002,55.376482073354325,5.043704291046886,1,1,-0.15749646888982885,17,0.11710850410840844,8.390684490515389,7.915742422710372,1,9.979956084934557,8.429531734105176,1.0599996870088144,21.496084624332397,2165862764.0041313
17,0.8082234798342002,55.376482073354325,5.043704291046886,1,1,-0.15749646888982885,18,-0.07189371493174873,8.12741452911661,8.701794472118777,1,8.861595772466007,9.979956084934557,0.9339929315910039,21.502122388745356,2178979290.526064
17,0.8082234798342002,55.376482073354325,5.043704291046886,1,1,-0.15749646888982885,19,-0.07079141278787165,11.58626318892141,10.885029000729617,1,10.442725048599348,8.861595772466007,1.0644218943417414,20.625893373129696,907218037.3038324
17,0.8082234798342002,55.376482073354325,5.043704291046886,1,1,-0.15749646888982885,20,0.3074506008403983,10.232617261847096,10.380858335034223,1,8.48318251855751,10.442725048599348,0.9857197672482603,21.413830421499743,1994841472.0508094
17,0.8082234798342002,55.376482073354325,5.043704291046886,1,1,-0.15749646888982885,21,-0.14514390451041106,10.752240675107634,11.65546856760794,1,11.515173432497953,8.48318251855751,0.9225060848252388,20.908994790364233,1204095850.078651
17,0.8082234798342002,55.376482073354325,5.043704291046886,1,1,-0.15749646888982885,22,-0.31358317758909293,8.952837420998954,9.514867385358542,1,5.81694427711377,11.515173432497953,0.9409313927775348,21.48447154132966,2140855904.3640318
17,0.8082234798342002,55.376482073354325,5.043704291046886,1,1,-0.15749646888982885,23,0.07324303848148955,11.764989789795465,12.456543401097894,2,7.388474980872862,5.81694427711377,0.9444827036654906,20.666630085635678,944938199.1887926
17,0.8082234798342002,55.376482073354325,5.043704291046886,1,1,-0.15749646888982885,24,-0.4155737022818746,8.703617045123398,9.368194298368763,1,10.659317832807957,7.388474980872862,0.9290602615531699,20.64830643842348,927781154.8491312
17,0.8082234798342002,55.376482073354325,5.043704291046886,1,1,-0.15749646888982885,25,0.05287572716514413,10.182909663007287,10.44780325023578,1,4.340980732349026,10.659317832807957,0.9746460015676008,20.646559891462594,926162155.7333095
17,0.8082234798342002,55.376482073354325,5.043704291046886,1,1,-0.15749646888982885,26,0.19634402837852838,9.77923306405889,10.257252783434167,1,7.48852884954401,4.340980732349026,0.9533969056366344,21.471544823078087,2113359763.5863154
17,0.8082234798342002,55.376482073354325,5.043704291046886,1,1,-0.15749646888982885,27,0.01402300615082264,11.290218346843334,11.349766340214135,1,7.278461737210735,7.48852884954401,0.9947533727491982,21.38490719747906,1937970633.8326666
17,0.8082234798342002,55.376482073354325,5.043704291046886,1,1,-0.15749646888982885,28,0.0018550148592412774,9.098959278011028,7.6184389826850305,1,6.437387594604999,7.278461737210735,1.1943338128310645,21.069899747374976,1414298870.518192
17,0.8082234798342002,55.376482073354325,5.043704291046886,1,1,-0.15749646888982885,29,-0.41012187044991083,9.839115210311055,9.92997865856554,1,4.954126008275507,6.437387594604999,0.9908495827253258,21.016498428832044,1340754602.8089995
17,0.8082234798342002,55.376482073354325,5.043704291046886,1,1,-0.15749646888982885,30,0.11106073711175773,9.951629411182376,8.68471479307413,1,9.872312259743618,4.954126008275507,1.1458786670943508,21.06834251063061,1412098186.2874002
17,0.8082234798342002,55.376482073354325,5.043704291046886,1,1,-0.15749646888982885,31,0.07925851344932232,10.208044553734707,9.38294645958689,2,5.731185493471372,9.872312259743618,1.0879359269182214,20.604648810411938,888147872.7072386
17,0.8082234798342002,55.376482073354325,5.043704291046886,1,1,-0.15749646888982885,32,-0.2343995516749002,10.301162273992094,10.252699264279409,1,10.545867745484948,5.731185493471372,1.0047268537253922,21.214788756955976,1634804000.8535175
17,0.8082234798342002,55.376482073354325,5.043704291046886,1,1,-0.15749646888982885,33,0.3826341494492407,11.035263375956857,11.554261413661497,1,6.134540497661575,10.545867745484948,0.9550816777357151,21.36084019123009,1891886263.2921038
17,0.8082234798342002,55.376482073354325,5.043704291046886,1,1,-0.15749646888982885,34,-0.2448032401480451,11.267934660767956,10.561714570831315,1,5.83040617733844,6.134540497661575,1.0668660457731964,20.270159213055827,635650354.4991933
17,0.8082234798342002,55.376482073354325,5.043704291046886,1,1,-0.15749646888982885,35,-0.33585807234342985,9.998853430774032,8.82578733836926,3,12.035536292496651,5.83040617733844,1.132913478132991,20.579624619870202,866198469.5345751
17,0.8082234798342002,55.376482073354325,5.043704291046886,1,1,-0.15749646888982885,36,-0.36221155398213295,10.193353160892928,9.570612791255975,2,10.354731941941374,12.035536292496651,1.0650679724715129,20.530903469145386,825007858.0357287
17,0.8082234798342002,55.376482073354325,5.043704291046886,1,1,-0.15749646888982885,37,0.005194181464211946,10.522090901501132,9.679780609704393,2,15.094398322267656,10.354731941941374,1.08701749820159,20.62828475683071,909390139.8616967
17,0.8082234798342002,55.376482073354325,5.043704291046886,1,1,-0.15749646888982885,38,0.0675742500294194,10.758538551742225,10.822677879800775,1,10.94876117811171,15.094398322267656,0.9940736175675838,21.371436426842692,1912039722.723264
17,0.8082234798342002,55.376482073354325,5.043704291046886,1,1,-0.15749646888982885,39,0.08819478218692851,10.2705770105205,9.45548054839674,1,8.311099330800829,10.94876117811171,1.0862035999071424,20.79516688387007,1074549008.8726964
17,0.8082234798342002,55.376482073354325,5.043704291046886,1,1,-0.15749646888982885,40,-0.06747199564309786,10.930823173577682,11.051141584896696,1,9.5072802604981,8.311099330800829,0.9891125807777679,21.327532245087546,1829909309.8039477
17,0.8082234798342002,55.376482073354325,5.043704291046886,1,1,-0.15749646888982885,41,-0.16253500440717236,10.69914706129938,11.284940052503385,1,6.015733119185912,9.5072802604981,0.9480907307900093,20.48118197865441,784990346.8419179
17,0.8082234798342002,55.376482073354325,5.043704291046886,1,1,-0.15749646888982885,42,0.16855291640160835,11.226503983945546,11.380325962687076,1,9.696126069696108,6.015733119185912,0.9864835173222746,21.10534760334736,1465331895.1499403
17,0.8082234798342002,55.376482073354325,5.043704291046886,1,1,-0.15749646888982885,43,-0.17951707731235617,9.79408201934803,9.789835811060698,2,9.306208549275606,9.696126069696108,1.0004337364149187,21.210118006387784,1627186043.7757082
17,0.8082234798342002,55.376482073354325,5.043704291046886,1,1,-0.15749646888982885,44,-0.2419680411959665,10.647485055814421,11.31978318529683,1,9.91566551761627,9.306208549275606,0.9406085683376294,20.560202953593446,849537764.9517542
17,0.8082234798342002,55.376482073354325,5.043704291046886,1,1,-0.15749646888982885,45,0.2802631334986427,9.86926641885723,10.083096664714231,1,11.324021261765386,9.91566551761627,0.9787931968751921,21.469320871604268,2108664976.4497814
17,0.8082234798342002,55.376482073354325,5.043704291046886,1,1,-0.15749646888982885,46,0.035514301628569965,8.662010486574871,8.952750428001245,2,11.132919478277099,11.324021261765386,0.9675250702267948,21.471198988463644,2112629016.9933133
17,0.8082234798342002,55.376482073354325,5.043704291046886,1,1,-0.15749646888982885,47,0.09425797907819627,9.755113280422211,9.988008795635272,1,4.8198888011905066,11.132919478277099,0.9766824879734952,22.021436212855917,3662589371.8270507
17,0.8082234798342002,55.376482073354325,5.043704291046886,1,1,-0.15749646888982885,48,0.12516814092890055,10.632676627607138,9.260480392797781,1,7.459683552983588,4.8198888011905066,1.148177651331843,21.029923389618556,1358875545.085798
17,0.8082234798342002,55.376482073354325,5.043704291046886,1,1,-0.15749646888982885,49,-0.11435942179986343,9.970292280247891,9.585085107525611,1,10.096222220669164,7.459683552983588,1.0401881849144814,21.253081872104346,1698619793.55149
17,0.8082234798342002,55.376482073354325,5.043704291046886,1,1,-0.15749646888982885,50,-0.10657251720030408,9.496425427858533,10.284525922256899,1,9.370364367239,10.096222220669164,0.923370265157986,21.61229793755031,2432773831.05337
17,0.8082234798342002,55.376482073354325,5.043704291046886,1,1,-0.15749646888982885,51,0.12811633661312918,11.181097127676301,10.688583647011951,1,5.404826445259449,9.370364367239,1.046078460620181,20.97550779783211,1286907380.8665218
