data_examples/final_simulated_panel.csv
store_id,store_size,area_income,manager_experience,manager_vacant,base_competitors,store_fe,week,week_fe,price,competitor_price,competitor_count,ad_spend,ad_spend_lag,relative_price,log_sales,sales
18,1.1756900602614544,68.57975881257154,8.20355778264183,0,1,0.20846690229284506,0,0.048845901334352015,11.356069740358063,11.714161391449538,1,9.485763560087744,0.0,0.9694308760887608,21.3131731640585,1803821242.3279707
18,1.1756900602614544,68.57975881257154,8.20355778264183,0,1,0.20846690229284506,1,0.13563566401577118,10.815374628632886,10.48856257622628,1,6.230325398210552,9.485763560087744,1.0311588980884157,21.220507146497397,1644179227.0043957
18,1.1756900602614544,68.57975881257154,8.20355778264183,0,1,0.20846690229284506,2,-0.11710587627041394,10.841046024835116,10.865719344557464,1,7.54701332190634,6.230325398210552,0.9977292511485025,21.510522871815926,2197360868.1370354
18,1.1756900602614544,68.57975881257154,8.20355778264183,0,1,0.20846690229284506,3,-0.18173462462506965,8.828061325720059,7.986405720041191,1,9.29758763542646,7.54701332190634,1.1053860316120439,21.891972565740847,3217828421.535922
18,1.1756900602614544,68.57975881257154,8.20355778264183,0,1,0.20846690229284506,4,-0.39836764222427296,10.71297303075322,10.16097131800667,2,9.67589823265841,9.29758763542646,1.0543256835858128,21.52074024234911,2219927206.3245697
18,1.1756900602614544,68.57975881257154,8.20355778264183,0,1,0.20846690229284506,5,0.1943245963972403,11.831633809386831,11.81963862019424,1,8.089410507405283,9.67589823265841,1.0010148524483733,21.798647464311884,2931111279.393602
18,1.1756900602614544,68.57975881257154,8.20355778264183,0,1,0.20846690229284506,6,0.0033314601152094115,11.510302248889145,11.603894314783913,1,11.119331520743646,8.089410507405283,0.9919344262059051,21.980005518685964,3513946208.010636
18,1.1756900602614544,68.57975881257154,8.20355778264183,0,1,0.20846690229284506,7,0.04114626898936563,10.29484849118289,9.609309090190298,1,8.455766322304664,11.119331520743646,1.0713411749542356,21.95962418777586,3443052218.562733
18,1.1756900602614544,68.57975881257154,8.20355778264183,0,1,0.20846690229284506,8,-0.1567189753011227,11.3921803960804,10.498381218292181,1,7.591399229660052,8.455766322304664,1.0851368567404354,21.521814059698666,2222312283.0126553
18,1.1756900602614544,68.57975881257154,8.20355778264183,0,1,0.20846690229284506,9,0.24529960585719213,9.981946634116094,10.325248948628891,1,8.254512668404418,7.591399229660052,0.966751182831443,21.965624543188703,3463773862.019573
18,1.1756900602614544,68.57975881257154,8.20355778264183,0,1,0.20846690229284506,10,0.18864011553560334,9.89948330432874,10.224490039990702,1,7.670954800608341,8.254512668404418,0.9682129148357743,22.00290040426391,3595325635.9866467
18,1.1756900602614544,68.57975881257154,8.20355778264183,0,1,0.20846690229284506,11,-0.024364776297538047,10.716330118001332,11.082807777533137,1,10.073636439375433,7.670954800608341,0.9669327785081032,22.359853956347187,5137610660.775938
18,1.1756900602614544,68.57975881257154,8.20355778264183,0,1,0.20846690229284506,12,-0.11117269158045646,10.691875387723892,11.45977137372878,1,9.80558219437303,10.073636439375433,0.932992032653874,21.82612711552456,3012774088.999231
18,1.1756900602614544,68.57975881257154,8.20355778264183,0,1,0.20846690229284506,13,-0.07133827681171602,9.65088588234374,10.210668750510061,1,7.4834234640079424,9.80558219437303,0.9451766694381935,21.86544823248697,3133599662.1072936
18,1.1756900602614544,68.57975881257154,8.20355778264183,0,1,0.20846690229284506,14,-0.15972510848492985,10.087610837446329,10.457679156462197,2,6.857123436520784,7.4834234640079424,0.9646127679498382,21.087350817638153,1439196512.8766751
18,1.1756900602614544,68.57975881257154,8.20355778264183,0,1,0.20846690229284506,15,0.005312829848108214,11.365411311605886,11.766574798155006,1,10.848650039336182,6.857123436520784,0.965906519660078,21.972998171260407,3489408837.4412584
18,1.1756900602614544,68.57975881257154,8.20355778264183,0,1,0.20846690229284506,16,-0.12323354394010944,9.808417947241669,9.816840352199362,1,7.737982178655419,10.848650039336182,0.9991420452349715,21.99262327756294,3558565238.0779657
18,1.1756900602614544,68.57975881257154,8.20355778264183,0,1,0.20846690229284506,17,0.11710850410840844,10.468198609101922,10.50063226618217,1,7.203131617170111,7.737982178655419,0.9969112662687273,21.465147930747715,2099883976.2562857
18,1.1756900602614544,68.57975881257154,8.20355778264183,0,1,0.20846690229284506,18,-0.07189371493174873,10.647049692113224,10.960916333980293,1,8.304987532298835,7.203131617170111,0.9713649267722224,21.448897076294347,2066034850.9258544
18,1.1756900602614544,68.57975881257154,8.20355778264183,0,1,0.20846690229284506,19,-0.07079141278787165,11.311496837746228,11.792951989280345,1,10.811352493562964,8.304987532298835,0.9591743312470232,21.529943390498016,2240451825.975965
18,1.1756900602614544,68.57975881257154,8.20355778264183,0,1,0.20846690229284506,20,0.3074506008403983,10.267555260334532,11.225920916816108,1,8.476315425332992,10.811352493562964,0.914629217185561,22.439112191728082,5561380421.982027
18,1.1756900602614544,68.57975881257154,8.20355778264183,0,1,0.20846690229284506,21,-0.14514390451041106,10.64413329262964,10.862320233485578,1,10.338780653892236,8.476315425332992,0.9799134129572679,22.204619180707443,4398894871.290401
18,1.1756900602614544,68.57975881257154,8.20355778264183,0,1,0.20846690229284506,22,-0.31358317758909293,11.564113922661301,11.870617388183602,1,9.278152652330967,10.338780653892236,0.9741796525404479,21.225608654700444,1652588452.4467564
18,1.1756900602614544,68.57975881257154,8.20355778264183,0,1,0.20846690229284506,23,0.07324303848148955,9.89954155742564,10.52551007957806,1,8.989572932300883,9.278152652330967,0.9405284382970717,22.806356072156884,8029242864.928709
18,1.1756900602614544,68.57975881257154,8.20355778264183,0,1,0.20846690229284506,24,-0.4155737022818746,9.740555877838808,9.896894479289548,1,11.974681210073609,8.989572932300883,0.9842032668148684,22.034260406918158,3709861594.9191446
18,1.1756900602614544,68.57975881257154,8.20355778264183,0,1,0.20846690229284506,25,0.05287572716514413,8.988962432934882,8.664977078451004,1,7.197005578041218,11.974681210073609,1.0373902148327199,22.130660098804555,4085296310.282222
18,1.1756900602614544,68.57975881257154,8.20355778264183,0,1,0.20846690229284506,26,0.19634402837852838,11.141396760221394,11.079597417551616,1,8.998750712566105,7.197005578041218,1.0055777606659135,22.344114685425527,5057381445.595432
18,1.1756900602614544,68.57975881257154,8.20355778264183,0,1,0.20846690229284506,27,0.01402300615082264,9.939976098932636,9.946448887619978,2,8.274014240432262,8.998750712566105,0.999349236218828,21.348913482923706,1869456311.309254
18,1.1756900602614544,68.57975881257154,8.20355778264183,0,1,0.20846690229284506,28,0.0018550148592412774,9.871556781405031,9.6296278382186,1,8.362123925129945,8.274014240432262,1.0251233949277097,21.658999971579586,2549084141.9394355
18,1.1756900602614544,68.57975881257154,8.20355778264183,0,1,0.20846690229284506,29,-0.41012187044991083,8.635353657361255,8.17744238444568,1,9.541550561805886,8.362123925129945,1.0559968815905776,21.344194118010392,1860654450.7192533
18,1.1756900602614544,68.57975881257154,8.20355778264183,0,1,0.20846690229284506,30,0.11106073711175773,9.994181814974834,10.52702059986375,1,6.240632254580258,9.541550561805886,0.9493837045501922,21.64166489041529,2505276364.1686034
18,1.1756900602614544,68.57975881257154,8.20355778264183,0,1,0.20846690229284506,31,0.07925851344932232,9.481668779082,10.251045997675957,1,9.657438973838474,6.240632254580258,0.9249464670465448,22.022342120503257,3665908842.888149
18,1.1756900602614544,68.57975881257154,8.20355778264183,0,1,0.20846690229284506,32,-0.2343995516749002,10.140353297099743,9.695700926999423,1,11.254569816696074,9.657438973838474,1.045860776177832,21.38845392271535,1944856286.7282844
18,1.1756900602614544,68.57975881257154,8.20355778264183,0,1,0.20846690229284506,33,0.3826341494492407,10.117865266729147,11.162610492603093,1,9.897913060115439,11.254569816696074,0.9064067292712358,22.67820532035483,7063491552.333382
18,1.1756900602614544,68.57975881257154,8.20355778264183,0,1,0.20846690229284506,34,-0.2448032401480451,10.498893927685804,9.734548775086006,2,7.418083761836957,9.897913060115439,1.0785188065990297,21.872233132337083,3154933112.808125
18,1.1756900602614544,68.57975881257154,8.20355778264183,0,1,0.20846690229284506,35,-0.33585807234342985,12.102295865721388,12.363778661800243,1,6.671514574894043,7.418083761836957,0.9788508996131785,20.941344664535098,1243685100.4527197
18,1.1756900602614544,68.57975881257154,8.20355778264183,0,1,0.20846690229284506,36,-0.36221155398213295,9.40027560063023,9.660298651360415,2,11.305375802272566,6.671514574894043,0.9730833320879198,22.410026442742144,5401953275.199593
18,1.1756900602614544,68.57975881257154,8.20355778264183,0,1,0.20846690229284506,37,0.005194181464211946,10.419478146279335,10.023946302126777,1,10.482604579356108,11.305375802272566,1.0394586954310239,21.732319747361142,2743004658.87772
18,1.1756900602614544,68.57975881257154,8.20355778264183,0,1,0.20846690229284506,38,0.0675742500294194,9.949879161724125,10.558784735748072,1,8.118289674949033,10.482604579356108,0.942331850751496,22.006837637058688,3609509173.6107635
18,1.1756900602614544,68.57975881257154,8.20355778264183,0,1,0.20846690229284506,39,0.08819478218692851,10.229562573617406,10.219635869475567,1,8.314812160804893,8.118289674949033,1.0009713363830788,21.668804429282957,2574199449.3874464
18,1.1756900602614544,68.57975881257154,8.20355778264183,0,1,0.20846690229284506,40,-0.06747199564309786,10.70208650193592,10.74201414269756,1,9.094346671050255,8.314812160804893,0.9962830396393787,21.9836310145144,3526709127.3045793
18,1.1756900602614544,68.57975881257154,8.20355778264183,0,1,0.20846690229284506,41,-0.16253500440717236,11.431567524030246,10.902255376132661,1,8.901094889293926,9.094346671050255,1.048550701633385,21.714325652779085,2694088197.1967716
18,1.1756900602614544,68.57975881257154,8.20355778264183,0,1,0.20846690229284506,42,0.16855291640160835,10.675380254548863,9.576217718381523,2,8.513810187735752,8.901094889293926,1.1147804455257424,22.272415411190877,4707465130.24225
18,1.1756900602614544,68.57975881257154,8.20355778264183,0,1,0.20846690229284506,43,-0.17951707731235617,10.79616658352396,10.236563344389447,1,10.761486776526494,8.513810187735752,1.0546671006965658,21.83495149898981,3039477610.629289
18,1.1756900602614544,68.57975881257154,8.20355778264183,0,1,0.20846690229284506,44,-0.2419680411959665,11.254298091304937,11.819599329886724,1,12.231676939379739,10.761486776526494,0.9521725548553595,22.19194599315982,4343498616.57623
18,1.1756900602614544,68.57975881257154,8.20355778264183,0,1,0.20846690229284506,45,0.2802631334986427,10.759651833307194,9.949411028787205,1,10.097332298443185,12.231676939379739,1.0814360570867634,21.923175600936204,3319817342.1487017
18,1.1756900602614544,68.57975881257154,8.20355778264183,0,1,0.20846690229284506,46,0.035514301628569965,10.202157318129222,9.898816376295791,1,11.72253831319703,10.097332298443185,1.030644162928391,22.36605049479108,5169544901.438396
18,1.1756900602614544,68.57975881257154,8.20355778264183,0,1,0.20846690229284506,47,0.09425797907819627,10.631416961506561,10.350306104348652,1,9.526352244762474,11.72253831319703,1.027159666035365,22.48302833111528,5811057070.552294
18,1.1756900602614544,68.57975881257154,8.20355778264183,0,1,0.20846690229284506,48,0.12516814092890055,10.785905370958822,10.08454892633763,1,7.096677149255896,9.526352244762474,1.0695476267450568,22.299669609824956,4837527644.082282
18,1.1756900602614544,68.57975881257154,8.20355778264183,0,1,0.20846690229284506,49,-0.11435942179986343,9.100488804675239,8.998433705949632,1,11.888641904175097,7.096677149255896,1.0113414291931861,21.655249370974694,2539541452.0104856
18,1.1756900602614544,68.57975881257154,8.20355778264183,0,1,0.20846690229284506,50,-0.10657251720030408,11.446945340047547,11.48587601902147,1,7.637924414433676,11.888641904175097,0.9966105607522273,21.469866036525108,2109814860.034364
18,1.1756900602614544,68.57975881257154,8.20355778264183,0,1,0.20846690229284506,51,0.12811633661312918,10.874527462657246,10.900473062976637,2,8.890867545361013,7.637924414433676,0.9976197729979707,21.434473091019044,2036448285.7069943
