data_examples/final_simulated_panel.csv
store_id,store_size,area_income,manager_experience,manager_vacant,base_competitors,store_fe,week,week_fe,price,competitor_price,competitor_count,ad_spend,ad_spend_lag,relative_price,log_sales,sales
19,0.9900148178027495,58.08695675118385,4.521288745053951,0,1,-0.1063355167661516,0,0.048845901334352015,10.79240024928675,11.271168925255514,1,7.21316584257413,0.0,0.9575227131148768,20.68332819386808,960849352.892118
19,0.9900148178027495,58.08695675118385,4.521288745053951,0,1,-0.1063355167661516,1,0.13563566401577118,10.326954518697141,10.57235424399378,1,8.830726941484933,7.21316584257413,0.9767885449509931,21.68108603413401,2606009690.389789
19,0.9900148178027495,58.08695675118385,4.521288745053951,0,1,-0.1063355167661516,2,-0.11710587627041394,8.903368046026289,9.939734696073687,1,8.33699140536805,8.830726941484933,0.8957349786753589,21.21112141013455,1628819587.7637384
19,0.9900148178027495,58.08695675118385,4.521288745053951,0,1,-0.1063355167661516,3,-0.18173462462506965,9.481192320139167,10.279012188728222,1,7.9172158542875755,8.33699140536805,0.9223836051616,21.219487103194343,1642502948.078761
19,0.9900148178027495,58.08695675118385,4.521288745053951,0,1,-0.1063355167661516,4,-0.39836764222427296,10.129794545560454,10.279073142588565,1,7.778380377938665,7.9172158542875755,0.9854774263245958,20.832150488197726,1115033725.1782737
19,0.9900148178027495,58.08695675118385,4.521288745053951,0,1,-0.1063355167661516,5,0.1943245963972403,8.951543487832595,9.138450325240115,2,8.098824457065463,7.778380377938665,0.979547206500506,21.06305166790672,1404646726.5063393
19,0.9900148178027495,58.08695675118385,4.521288745053951,0,1,-0.1063355167661516,6,0.0033314601152094115,11.332749620413907,11.300300059577205,1,10.543731189878505,8.098824457065463,1.0028715663005072,21.150188696244562,1532534436.3820546
19,0.9900148178027495,58.08695675118385,4.521288745053951,0,1,-0.1063355167661516,7,0.04114626898936563,8.99725090725269,9.338079739845783,1,9.933662442155462,10.543731189878505,0.9635011863157722,21.65097367515401,2528706325.596957
19,0.9900148178027495,58.08695675118385,4.521288745053951,0,1,-0.1063355167661516,8,-0.1567189753011227,11.797879001926086,11.624734582113641,2,8.210452065612955,9.933662442155462,1.0148944837053615,20.91740850889079,1214269512.7908113
19,0.9900148178027495,58.08695675118385,4.521288745053951,0,1,-0.1063355167661516,9,0.24529960585719213,10.47784504306816,10.585468226589972,1,9.502785884292152,8.210452065612955,0.9898329312206076,21.640307595326828,2501878271.4932075
19,0.9900148178027495,58.08695675118385,4.521288745053951,0,1,-0.1063355167661516,10,0.18864011553560334,10.76493171793203,11.297368084340773,1,7.908067078377297,9.502785884292152,0.9528707604785621,21.50627137138271,2188038618.270724
19,0.9900148178027495,58.08695675118385,4.521288745053951,0,1,-0.1063355167661516,11,-0.024364776297538047,9.055486528126192,9.712519821888455,1,8.572557696092664,7.908067078377297,0.932351922486526,21.00725299799773,1328415875.180056
19,0.9900148178027495,58.08695675118385,4.521288745053951,0,1,-0.1063355167661516,12,-0.11117269158045646,9.947589604512897,10.461780390036774,1,8.826364061149947,8.572557696092664,0.9508505468138517,21.46055017673836,2090251387.3911834
19,0.9900148178027495,58.08695675118385,4.521288745053951,0,1,-0.1063355167661516,13,-0.07133827681171602,9.883629033922364,9.753674979880055,1,7.919205464961629,8.826364061149947,1.0133235989829865,21.359404001544455,1889171105.9615464
19,0.9900148178027495,58.08695675118385,4.521288745053951,0,1,-0.1063355167661516,14,-0.15972510848492985,11.617771026020709,11.719338356062792,1,9.313087691122169,7.919205464961629,0.9913333562905845,21.02164296520496,1347669936.4711764
19,0.9900148178027495,58.08695675118385,4.521288745053951,0,1,-0.1063355167661516,15,0.005312829848108214,12.226918923495411,11.610267371778324,1,6.969244784843347,9.313087691122169,1.0531126055904634,20.85665031222297,1142689249.6501286
19,0.9900148178027495,58.08695675118385,4.521288745053951,0,1,-0.1063355167661516,16,-0.12323354394010944,12.067834999589609,11.150957603041649,1,8.857557779083661,6.969244784843347,1.082224094933144,20.82008787463757,1101664301.4521444
19,0.9900148178027495,58.08695675118385,4.521288745053951,0,1,-0.1063355167661516,17,0.11710850410840844,7.930005991243277,8.011482330774095,1,6.961000298397152,8.857557779083661,0.9898300543935737,22.067075124969506,3833619085.717715
19,0.9900148178027495,58.08695675118385,4.521288745053951,0,1,-0.1063355167661516,18,-0.07189371493174873,10.382534009331001,11.197816032597702,1,6.394687542392781,6.961000298397152,0.9271927650094133,21.340786800891888,1854325399.6230226
19,0.9900148178027495,58.08695675118385,4.521288745053951,0,1,-0.1063355167661516,19,-0.07079141278787165,9.11383267362214,7.8928184902625755,1,8.416983036284316,6.394687542392781,1.1546993871537699,21.013027353767523,1336108810.550893
19,0.9900148178027495,58.08695675118385,4.521288745053951,0,1,-0.1063355167661516,20,0.3074506008403983,10.285400913588303,9.74164153019445,1,7.887741032454164,8.416983036284316,1.0558180448036871,21.307329582663197,1793311204.1152916
19,0.9900148178027495,58.08695675118385,4.521288745053951,0,1,-0.1063355167661516,21,-0.14514390451041106,9.943537188504093,10.498905238205031,1,7.2662936882721185,7.887741032454164,0.9471022895149125,20.967927862916795,1277189583.34219
19,0.9900148178027495,58.08695675118385,4.521288745053951,0,1,-0.1063355167661516,22,-0.31358317758909293,8.77401916422122,9.075648316119011,1,11.17921376249851,7.2662936882721185,0.9667650021914054,21.59079159685475,2381012363.1450996
19,0.9900148178027495,58.08695675118385,4.521288745053951,0,1,-0.1063355167661516,23,0.07324303848148955,9.233427401405473,9.481533134636773,1,8.85711205363417,11.17921376249851,0.9738327410020906,21.954991338027128,3427137967.5882587
19,0.9900148178027495,58.08695675118385,4.521288745053951,0,1,-0.1063355167661516,24,-0.4155737022818746,11.027749561713504,11.17213812007606,1,10.413737540970637,8.85711205363417,0.9870760138470637,20.68487382090137,962335615.9351517
19,0.9900148178027495,58.08695675118385,4.521288745053951,0,1,-0.1063355167661516,25,0.05287572716514413,10.275821666933778,11.022077673404048,1,12.167241286494512,10.413737540970637,0.9322944340819731,21.81386914709918,2976069023.709839
19,0.9900148178027495,58.08695675118385,4.521288745053951,0,1,-0.1063355167661516,26,0.19634402837852838,9.809904916287758,9.66110836851022,1,14.981321037869515,12.167241286494512,1.0154016021870256,22.193174742591452,4348838968.337825
19,0.9900148178027495,58.08695675118385,4.521288745053951,0,1,-0.1063355167661516,27,0.01402300615082264,10.53651825414383,10.51669500223299,2,5.517070760295628,14.981321037869515,1.0018849317115912,21.191161732691306,1596631177.935394
19,0.9900148178027495,58.08695675118385,4.521288745053951,0,1,-0.1063355167661516,28,0.0018550148592412774,9.398603684355573,9.12735792293058,1,9.687410717341576,5.517070760295628,1.0297178837200571,21.42102615684939,2009247592.5025969
19,0.9900148178027495,58.08695675118385,4.521288745053951,0,1,-0.1063355167661516,29,-0.41012187044991083,11.046990675465288,10.451927206987136,1,7.3532889425936085,9.687410717341576,1.0569333728310268,20.75670982424218,1034009524.4345205
19,0.9900148178027495,58.08695675118385,4.521288745053951,0,1,-0.1063355167661516,30,0.11106073711175773,10.10381691937514,11.16786964954607,1,7.713576564860545,7.3532889425936085,0.904721960090734,21.722882632252798,2717240369.6625104
19,0.9900148178027495,58.08695675118385,4.521288745053951,0,1,-0.1063355167661516,31,0.07925851344932232,11.494655636399514,11.191281304126445,1,7.32940052543626,7.713576564860545,1.0271080963858186,21.152150193090108,1535543447.9633138
19,0.9900148178027495,58.08695675118385,4.521288745053951,0,1,-0.1063355167661516,32,-0.2343995516749002,8.542273267993622,7.761470164333251,1,8.818533007750542,7.32940052543626,1.100599897587501,21.13373097415216,1507518825.1542597
19,0.9900148178027495,58.08695675118385,4.521288745053951,0,1,-0.1063355167661516,33,0.3826341494492407,10.814336442188662,11.144682275978612,1,10.184999276937667,8.818533007750542,0.9703584341294339,22.13737923936475,4112838416.442502
19,0.9900148178027495,58.08695675118385,4.521288745053951,0,1,-0.1063355167661516,34,-0.2448032401480451,10.083141028415673,8.962007507767936,1,7.624692341910955,10.184999276937667,1.12509848041033,21.394214588248353,1956092285.6492896
19,0.9900148178027495,58.08695675118385,4.521288745053951,0,1,-0.1063355167661516,35,-0.33585807234342985,9.16937514931106,9.25984712480276,1,7.583318885887967,7.624692341910955,0.9902296469615174,21.424963743637758,2017174776.0216334
19,0.9900148178027495,58.08695675118385,4.521288745053951,0,1,-0.1063355167661516,36,-0.36221155398213295,9.5613318336528,8.640644906526624,1,4.764379071584477,7.583318885887967,1.1065530336087233,20.13677804780347,556277622.0353521
19,0.9900148178027495,58.08695675118385,4.521288745053951,0,1,-0.1063355167661516,37,0.005194181464211946,10.581276924949337,10.527883756231219,1,5.674069303152324,4.764379071584477,1.00507159557936,20.940784653475994,1242988818.0235505
19,0.9900148178027495,58.08695675118385,4.521288745053951,0,1,-0.1063355167661516,38,0.0675742500294194,11.114608137507654,11.20851452803486,1,10.040219064820588,5.674069303152324,0.991621870115587,21.959467786462145,3442513762.7812595
19,0.9900148178027495,58.08695675118385,4.521288745053951,0,1,-0.1063355167661516,39,0.08819478218692851,10.118792760470697,9.322003800497994,1,7.49877360636367,10.040219064820588,1.085474000764743,21.25595842130604,1703512991.3506467
19,0.9900148178027495,58.08695675118385,4.521288745053951,0,1,-0.1063355167661516,40,-0.06747199564309786,10.368356156624078,10.675368814976974,1,10.723444158934916,7.49877360636367,0.9712410256100779,21.010822693767423,1333166389.6111746
19,0.9900148178027495,58.08695675118385,4.521288745053951,0,1,-0.1063355167661516,41,-0.16253500440717236,10.092745734064573,10.492954523991793,1,7.531942171387021,10.723444158934916,0.9618592848170499,20.96313315902044,1271080494.809427
19,0.9900148178027495,58.08695675118385,4.521288745053951,0,1,-0.1063355167661516,42,0.16855291640160835,10.067910948020812,10.31891627431529,2,4.515834621778362,7.531942171387021,0.9756752240621185,20.877361763037143,1166602789.056171
19,0.9900148178027495,58.08695675118385,4.521288745053951,0,1,-0.1063355167661516,43,-0.17951707731235617,12.431517394927086,11.713441910199466,1,9.4561278584757,4.515834621778362,1.0613035425652606,20.704332965535265,981245229.6395739
19,0.9900148178027495,58.08695675118385,4.521288745053951,0,1,-0.1063355167661516,44,-0.2419680411959665,11.284821736310347,12.0640243984321,1,9.73401634914515,9.4561278584757,0.9354110505427176,21.126851183775294,1497183006.5481727
19,0.9900148178027495,58.08695675118385,4.521288745053951,0,1,-0.1063355167661516,45,0.2802631334986427,12.11532615897038,12.069528270301197,2,7.7467263028872555,9.73401634914515,1.0037945052734063,20.61793852339043,900029882.3877355
19,0.9900148178027495,58.08695675118385,4.521288745053951,0,1,-0.1063355167661516,46,0.035514301628569965,10.225297648539676,11.01114138924948,1,9.50413785411978,7.7467263028872555,0.9286319453243016,21.281386467731515,1747385430.0704765
19,0.9900148178027495,58.08695675118385,4.521288745053951,0,1,-0.1063355167661516,47,0.09425797907819627,11.01131065377229,11.169229117177348,1,8.76293955770851,9.50413785411978,0.9858612925074486,20.7110779604378,987886094.8354416
19,0.9900148178027495,58.08695675118385,4.521288745053951,0,1,-0.1063355167661516,48,0.12516814092890055,10.509980104770339,11.252124660277705,1,7.945759402288067,8.76293955770851,0.9340440514201476,21.47917901401722,2129555296.783602
19,0.9900148178027495,58.08695675118385,4.521288745053951,0,1,-0.1063355167661516,49,-0.11435942179986343,11.654277983596804,12.04962823330925,1,8.17638196115309,7.945759402288067,0.967189838386917,21.047680715986402,1383221057.5171812
19,0.9900148178027495,58.08695675118385,4.521288745053951,0,1,-0.1063355167661516,50,-0.10657251720030408,10.90538013139767,10.42368349308472,1,5.82303314568895,8.17638196115309,1.0462117483356548,21.26259085761084,1714848983.8291252
19,0.9900148178027495,58.08695675118385,4.521288745053951,0,1,-0.1063355167661516,51,0.12811633661312918,12.223668181908945,12.849661988770277,1,6.60281536666008,5.82303314568895,0.9512832471851471,21.0663659652352,1409309866.6473658
