data_examples/final_simulated_panel.csv
store_id,store_size,area_income,manager_experience,manager_vacant,base_competitors,store_fe,week,week_fe,price,competitor_price,competitor_count,ad_spend,ad_spend_lag,relative_price,log_sales,sales
20,0.9630275272909479,47.24313676662078,2.95300501475627,0,1,-0.04701686693125215,0,0.048845901334352015,10.220116161635701,9.906789517407377,1,5.128505671373903,0.0,1.0316274655555941,20.90792375984315,1202806917.0394325
20,0.9630275272909479,47.24313676662078,2.95300501475627,0,1,-0.04701686693125215,1,0.13563566401577118,9.6829652837992,9.33879547233999,1,5.339039161173992,5.128505671373903,1.0368537690410489,20.775159743792475,1053263992.486623
20,0.9630275272909479,47.24313676662078,2.95300501475627,0,1,-0.04701686693125215,2,-0.11710587627041394,9.107115707177712,8.555691939396285,1,7.992562437361859,5.339039161173992,1.0644511012887565,20.502403775014216,801827275.1674476
20,0.9630275272909479,47.24313676662078,2.95300501475627,0,1,-0.04701686693125215,3,-0.18173462462506965,9.490269825929612,9.747126992063196,2,8.237502299638697,7.992562437361859,0.9736479101644274,21.128775022029583,1500066116.919617
20,0.9630275272909479,47.24313676662078,2.95300501475627,0,1,-0.04701686693125215,4,-0.39836764222427296,10.81125033475162,10.991067993002556,1,9.597832943821405,8.237502299638697,0.9836396555489042,20.281921759992592,643171368.0512949
20,0.9630275272909479,47.24313676662078,2.95300501475627,0,1,-0.04701686693125215,5,0.1943245963972403,9.595055796683024,9.757913336311661,1,8.49530640796556,9.597832943821405,0.9833102084415319,21.002483531728572,1322095125.7544923
20,0.9630275272909479,47.24313676662078,2.95300501475627,0,1,-0.04701686693125215,6,0.0033314601152094115,10.164278847923345,9.172742577369762,1,8.306963459735657,8.49530640796556,1.108095944281683,20.838357760112405,1121976568.4701514
20,0.9630275272909479,47.24313676662078,2.95300501475627,0,1,-0.04701686693125215,7,0.04114626898936563,10.846878891010059,11.862454802383882,2,10.170320643237144,8.306963459735657,0.9143873735839455,21.508107056618044,2192058857.274387
20,0.9630275272909479,47.24313676662078,2.95300501475627,0,1,-0.04701686693125215,8,-0.1567189753011227,11.31797155964062,11.634621254035672,1,11.311836457642837,10.170320643237144,0.9727838416497472,21.018898305680114,1343976112.806688
20,0.9630275272909479,47.24313676662078,2.95300501475627,0,1,-0.04701686693125215,9,0.24529960585719213,9.0575863678891,9.261795558786037,1,10.783736234307408,11.311836457642837,0.9779514469304801,21.767888825394465,2842326731.6132507
20,0.9630275272909479,47.24313676662078,2.95300501475627,0,1,-0.04701686693125215,10,0.18864011553560334,9.843910932797645,9.850705132607416,2,7.9579577259656915,10.783736234307408,0.9993102828966749,21.589847983373442,2378766667.481059
20,0.9630275272909479,47.24313676662078,2.95300501475627,0,1,-0.04701686693125215,11,-0.024364776297538047,8.907231595169934,8.721198478438255,1,6.735476175166767,7.9579577259656915,1.021331141263625,20.957210594750773,1263574687.6396186
20,0.9630275272909479,47.24313676662078,2.95300501475627,0,1,-0.04701686693125215,12,-0.11117269158045646,10.270595526986048,10.517768960268178,1,7.964434330994276,6.735476175166767,0.9764994425894075,20.390380669460765,716852507.4053357
20,0.9630275272909479,47.24313676662078,2.95300501475627,0,1,-0.04701686693125215,13,-0.07133827681171602,10.059839997915699,10.781272563124567,1,7.931550990376689,7.964434330994276,0.9330846557319773,21.02068361214688,1346377665.1676633
20,0.9630275272909479,47.24313676662078,2.95300501475627,0,1,-0.04701686693125215,14,-0.15972510848492985,10.306376716619308,9.65373306487065,1,6.211408011340513,7.931550990376689,1.067605313650487,21.16499188418294,1555389578.7893076
20,0.9630275272909479,47.24313676662078,2.95300501475627,0,1,-0.04701686693125215,15,0.005312829848108214,8.903331366470006,9.09183943089409,1,1.1208584769522085,6.211408011340513,0.979266234752944,20.816491507629635,1097709428.1551526
20,0.9630275272909479,47.24313676662078,2.95300501475627,0,1,-0.04701686693125215,16,-0.12323354394010944,9.700857613325189,9.597686615802878,1,7.984402591412726,1.1208584769522085,1.0107495693131339,20.29545183457046,651932661.4486576
20,0.9630275272909479,47.24313676662078,2.95300501475627,0,1,-0.04701686693125215,17,0.11710850410840844,8.497407464227766,8.73409158235979,1,8.426965773545223,7.984402591412726,0.972901117889575,21.847270449390273,3077152364.8240995
20,0.9630275272909479,47.24313676662078,2.95300501475627,0,1,-0.04701686693125215,18,-0.07189371493174873,10.741400571304071,10.088603822412512,1,10.962033928581997,8.426965773545223,1.0647063518780793,21.337871490329906,1848927337.5370512
20,0.9630275272909479,47.24313676662078,2.95300501475627,0,1,-0.04701686693125215,19,-0.07079141278787165,9.653488795919724,9.587551129941742,1,7.038517204044521,10.962033928581997,1.0068774252240553,21.104078938594544,1463474058.9582143
20,0.9630275272909479,47.24313676662078,2.95300501475627,0,1,-0.04701686693125215,20,0.3074506008403983,9.515749598162879,9.875420156446303,1,6.875968437157454,7.038517204044521,0.9635792145968954,21.435601340676843,2038747204.42173
20,0.9630275272909479,47.24313676662078,2.95300501475627,0,1,-0.04701686693125215,21,-0.14514390451041106,10.435042602525398,11.192877054464851,1,8.072272596366394,6.875968437157454,0.9322931496297323,21.307843539205972,1794233125.0352297
20,0.9630275272909479,47.24313676662078,2.95300501475627,0,1,-0.04701686693125215,22,-0.31358317758909293,10.818504030977662,10.99973420098063,1,9.349460759501618,8.072272596366394,0.9835241318843131,20.562087490451944,851140259.688421
20,0.9630275272909479,47.24313676662078,2.95300501475627,0,1,-0.04701686693125215,23,0.07324303848148955,9.652426285078565,10.55706065056283,1,9.583338881198339,9.349460759501618,0.9143100153132079,21.285459504971044,1754517109.9384787
20,0.9630275272909479,47.24313676662078,2.95300501475627,0,1,-0.04701686693125215,24,-0.4155737022818746,10.206295780354601,10.180149875652333,1,8.929684281472383,9.583338881198339,1.0025683221781243,21.517545639174397,2212846735.492552
20,0.9630275272909479,47.24313676662078,2.95300501475627,0,1,-0.04701686693125215,25,0.05287572716514413,10.45358525336161,10.683392209240282,2,6.977342044664853,8.929684281472383,0.9784893270435295,20.91794680191274,1214923321.5508733
20,0.9630275272909479,47.24313676662078,2.95300501475627,0,1,-0.04701686693125215,26,0.19634402837852838,9.897073400361469,9.330430215091235,1,4.322315988281694,6.977342044664853,1.060730660023986,20.718424480958515,995170344.486335
20,0.9630275272909479,47.24313676662078,2.95300501475627,0,1,-0.04701686693125215,27,0.01402300615082264,9.287153668132214,9.553713521490877,1,7.481166291462705,4.322315988281694,0.9720988228546897,21.334028958373015,1841836407.4441648
20,0.9630275272909479,47.24313676662078,2.95300501475627,0,1,-0.04701686693125215,28,0.0018550148592412774,9.524999422313464,9.251498957771902,2,8.33554785228432,7.481166291462705,1.0295628271472486,20.746947154604193,1023963946.660141
20,0.9630275272909479,47.24313676662078,2.95300501475627,0,1,-0.04701686693125215,29,-0.41012187044991083,10.921503441454433,11.518426473576012,1,6.595155854998712,8.33554785228432,0.9481766859830241,19.992772749525663,481671425.4041362
20,0.9630275272909479,47.24313676662078,2.95300501475627,0,1,-0.04701686693125215,30,0.11106073711175773,10.401860281271635,9.612045931967057,2,10.76198116737686,6.595155854998712,1.0821692233781228,20.84872582748113,1133669810.5302234
20,0.9630275272909479,47.24313676662078,2.95300501475627,0,1,-0.04701686693125215,31,0.07925851344932232,9.117841346478682,7.993536433877971,1,5.140255492589558,10.76198116737686,1.140651753063352,21.520982742415736,2220465604.0981183
20,0.9630275272909479,47.24313676662078,2.95300501475627,0,1,-0.04701686693125215,32,-0.2343995516749002,9.744758872101558,8.785929173603382,1,8.980674565151178,5.140255492589558,1.1091324183876765,20.637106216627995,917447776.2256941
20,0.9630275272909479,47.24313676662078,2.95300501475627,0,1,-0.04701686693125215,33,0.3826341494492407,10.873300685519569,11.39972827049666,1,7.403958405626324,8.980674565151178,0.9538210409506406,21.359794723165997,1889909390.1818502
20,0.9630275272909479,47.24313676662078,2.95300501475627,0,1,-0.04701686693125215,34,-0.2448032401480451,10.242318628857205,10.081138100651746,1,7.949687361646029,7.403958405626324,1.0159883265754528,20.53115134455165,825212382.5409596
20,0.9630275272909479,47.24313676662078,2.95300501475627,0,1,-0.04701686693125215,35,-0.33585807234342985,9.47520461528177,9.560718141715773,2,8.56775116512111,7.949687361646029,0.9910557423441984,20.588748447704468,874137678.152831
20,0.9630275272909479,47.24313676662078,2.95300501475627,0,1,-0.04701686693125215,36,-0.36221155398213295,9.11718668320107,9.03910324805291,1,7.830596551335904,8.56775116512111,1.0086384050502994,20.875047908381852,1163906560.3055108
20,0.9630275272909479,47.24313676662078,2.95300501475627,0,1,-0.04701686693125215,37,0.005194181464211946,10.419846863514307,10.964957821442889,1,7.62424176833156,7.830596551335904,0.9502860871144828,21.286651800451725,1756610260.3383543
20,0.9630275272909479,47.24313676662078,2.95300501475627,0,1,-0.04701686693125215,38,0.0675742500294194,11.861736062464768,11.150336934002233,1,10.343928421844815,7.62424176833156,1.0638006844701857,21.15936692262306,1546665132.5389621
20,0.9630275272909479,47.24313676662078,2.95300501475627,0,1,-0.04701686693125215,39,0.08819478218692851,10.103602885228579,9.724651407700422,2,6.811265434997822,10.343928421844815,1.0389681297190854,21.116327357204796,1481509529.374802
20,0.9630275272909479,47.24313676662078,2.95300501475627,0,1,-0.04701686693125215,40,-0.06747199564309786,9.457491564495541,9.348733811074338,1,4.005773466546904,6.811265434997822,1.0116334206983593,20.71778794054484,994537079.9142094
20,0.9630275272909479,47.24313676662078,2.95300501475627,0,1,-0.04701686693125215,41,-0.16253500440717236,9.437926127751384,9.860709742763877,3,7.5291017886914275,4.005773466546904,0.9571244234906371,20.57362081251753,861013560.9648693
20,0.9630275272909479,47.24313676662078,2.95300501475627,0,1,-0.04701686693125215,42,0.16855291640160835,11.237726792899727,11.009468637862142,1,5.405442207625135,7.5291017886914275,1.0207328947968108,21.33060188387714,1835535100.5580182
20,0.9630275272909479,47.24313676662078,2.95300501475627,0,1,-0.04701686693125215,43,-0.17951707731235617,8.394063810786108,8.60197868118927,1,10.119951628700104,5.405442207625135,0.9758294134281188,21.311074359844014,1800039344.8218684
20,0.9630275272909479,47.24313676662078,2.95300501475627,0,1,-0.04701686693125215,44,-0.2419680411959665,9.811914741221777,10.290390788271724,2,7.7416829976534345,10.119951628700104,0.9535026359158992,20.67834498263903,956073147.9102229
20,0.9630275272909479,47.24313676662078,2.95300501475627,0,1,-0.04701686693125215,45,0.2802631334986427,10.214621361888684,10.350124232469481,2,7.525725876143817,7.7416829976534345,0.9869080923535478,21.603484576529493,2411427123.2952137
20,0.9630275272909479,47.24313676662078,2.95300501475627,0,1,-0.04701686693125215,46,0.035514301628569965,9.701195894553775,9.53694085453445,1,6.467035018087455,7.525725876143817,1.0172230322620937,21.04888993318215,1384894683.8904128
20,0.9630275272909479,47.24313676662078,2.95300501475627,0,1,-0.04701686693125215,47,0.09425797907819627,12.280888925931297,12.50316963943546,1,11.069458339738855,6.467035018087455,0.9822220508947521,21.199959576044623,1610740061.8023772
20,0.9630275272909479,47.24313676662078,2.95300501475627,0,1,-0.04701686693125215,48,0.12516814092890055,10.519405002009883,10.425301159427985,1,4.121290765352089,11.069458339738855,1.0090264867309657,20.780691988988814,1059107054.8738502
20,0.9630275272909479,47.24313676662078,2.95300501475627,0,1,-0.04701686693125215,49,-0.11435942179986343,10.467680593940576,9.817655151603459,1,6.881207740647373,4.121290765352089,1.0662098466792198,20.902777147284755,1196632438.3086932
20,0.9630275272909479,47.24313676662078,2.95300501475627,0,1,-0.04701686693125215,50,-0.10657251720030408,11.33255078563173,11.13778281868974,1,7.231466779820282,6.881207740647373,1.0174871399552845,20.511900353699914,809478162.103797
20,0.9630275272909479,47.24313676662078,2.95300501475627,0,1,-0.04701686693125215,51,0.12811633661312918,10.305167107306621,9.678933256426252,1,11.228622324359534,7.231466779820282,1.064700709705234,20.997624080711656,1315686054.1480737
