data_examples/final_simulated_panel.csv
store_id,store_size,area_income,manager_experience,manager_vacant,base_competitors,store_fe,week,week_fe,price,competitor_price,competitor_count,ad_spend,ad_spend_lag,relative_price,log_sales,sales
21,0.8638140911192117,48.66712785996519,5.358551269912632,1,3,0.3318076168096292,0,0.048845901334352015,8.225958490597646,8.814865166309414,3,8.781756187549835,0.0,0.9331916410970663,21.877839537823778,3172670622.497646
21,0.8638140911192117,48.66712785996519,5.358551269912632,1,3,0.3318076168096292,1,0.13563566401577118,10.097193874177078,9.85618483505092,3,6.616476354922048,8.781756187549835,1.0244525689361135,21.23192825458219,1663065219.8566244
21,0.8638140911192117,48.66712785996519,5.358551269912632,1,3,0.3318076168096292,2,-0.11710587627041394,9.407414721543805,8.416517077962231,3,8.490484860767912,6.616476354922048,1.1177325055486593,21.500855780909024,2176221125.406998
21,0.8638140911192117,48.66712785996519,5.358551269912632,1,3,0.3318076168096292,3,-0.18173462462506965,9.332123873715373,9.559033614980306,3,8.141223705407844,8.490484860767912,0.9762622718567142,21.0555794460554,1394190010.6469207
21,0.8638140911192117,48.66712785996519,5.358551269912632,1,3,0.3318076168096292,4,-0.39836764222427296,11.09186953035078,11.975810820969862,3,7.481800626487133,8.141223705407844,0.9261894410463394,20.47160695450889,777509915.1251493
21,0.8638140911192117,48.66712785996519,5.358551269912632,1,3,0.3318076168096292,5,0.1943245963972403,9.073763168009103,8.576351178279316,3,10.111106074215435,7.481800626487133,1.0579980902588908,21.330767046880972,1835838288.0858572
21,0.8638140911192117,48.66712785996519,5.358551269912632,1,3,0.3318076168096292,6,0.0033314601152094115,9.946562194937549,10.313549246366732,3,5.649712198882044,10.111106074215435,0.9644169972273643,21.34036179895689,1853537475.1866355
21,0.8638140911192117,48.66712785996519,5.358551269912632,1,3,0.3318076168096292,7,0.04114626898936563,9.930318528237576,9.120129839245411,3,10.775665429112653,5.649712198882044,1.0888352143305888,20.79766399685658,1077235632.162295
21,0.8638140911192117,48.66712785996519,5.358551269912632,1,3,0.3318076168096292,8,-0.1567189753011227,10.227188763213805,10.021729442067437,4,5.880402804098017,10.775665429112653,1.0205013837515835,21.0739469344478,1420034401.17797
21,0.8638140911192117,48.66712785996519,5.358551269912632,1,3,0.3318076168096292,9,0.24529960585719213,11.933297340529673,11.903411055660314,3,5.002945269916694,5.880402804098017,1.0025107328252054,20.80355643159826,1083601910.8468971
21,0.8638140911192117,48.66712785996519,5.358551269912632,1,3,0.3318076168096292,10,0.18864011553560334,9.114305192260225,9.067168528449749,3,5.825707257596956,5.002945269916694,1.0051986089883052,21.460581394639405,2090316641.6707027
21,0.8638140911192117,48.66712785996519,5.358551269912632,1,3,0.3318076168096292,11,-0.024364776297538047,9.922280926265524,10.275120515097948,4,7.796549445731212,5.825707257596956,0.9656607834123238,20.927033623176616,1226013423.199526
21,0.8638140911192117,48.66712785996519,5.358551269912632,1,3,0.3318076168096292,12,-0.11117269158045646,11.036553294899552,11.26552189668005,3,7.794693502571381,7.796549445731212,0.979675277907189,20.60260688685474,886336192.9289677
21,0.8638140911192117,48.66712785996519,5.358551269912632,1,3,0.3318076168096292,13,-0.07133827681171602,10.043482330526434,10.538389387545251,4,8.436658410222758,7.794693502571381,0.953037694962788,21.1794916400313,1578106645.886945
21,0.8638140911192117,48.66712785996519,5.358551269912632,1,3,0.3318076168096292,14,-0.15972510848492985,9.318343594506466,9.699334533607068,3,9.464143084785434,8.436658410222758,0.9607198887943793,20.853234885527446,1138793135.5156875
21,0.8638140911192117,48.66712785996519,5.358551269912632,1,3,0.3318076168096292,15,0.005312829848108214,9.566107368353409,9.904791478498456,3,8.04739673894279,9.464143084785434,0.9658060332839645,20.974307638543024,1285363813.4678373
21,0.8638140911192117,48.66712785996519,5.358551269912632,1,3,0.3318076168096292,16,-0.12323354394010944,11.127055578467942,10.807723019156036,3,6.517244078800348,8.04739673894279,1.0295467008865706,20.655266910674367,934261476.7193408
21,0.8638140911192117,48.66712785996519,5.358551269912632,1,3,0.3318076168096292,17,0.11710850410840844,8.82519260975468,8.629903696307645,3,6.708385780426768,6.517244078800348,1.0226293270839848,21.028738725220983,1357266686.773543
21,0.8638140911192117,48.66712785996519,5.358551269912632,1,3,0.3318076168096292,18,-0.07189371493174873,11.686964965667613,11.192432248118262,4,12.058146145786662,6.708385780426768,1.044184562085019,20.758768049915,1036139941.070669
21,0.8638140911192117,48.66712785996519,5.358551269912632,1,3,0.3318076168096292,19,-0.07079141278787165,11.798560524355498,12.110474143189691,3,9.259488883811951,12.058146145786662,0.9742443099133655,20.67427005168157,952185142.898248
21,0.8638140911192117,48.66712785996519,5.358551269912632,1,3,0.3318076168096292,20,0.3074506008403983,10.177164072222011,10.547090718214045,3,7.539978408070482,9.259488883811951,0.9649261909397253,21.46183643354609,2092941717.3247612
21,0.8638140911192117,48.66712785996519,5.358551269912632,1,3,0.3318076168096292,21,-0.14514390451041106,10.461202394007442,10.625658721866138,4,10.39835307195347,7.539978408070482,0.9845227169285733,21.103306607268358,1462344208.4630492
21,0.8638140911192117,48.66712785996519,5.358551269912632,1,3,0.3318076168096292,22,-0.31358317758909293,10.553050732203063,10.729470327489388,3,4.563129966826145,10.39835307195347,0.9835574739570947,20.916639668881782,1213336292.6021373
21,0.8638140911192117,48.66712785996519,5.358551269912632,1,3,0.3318076168096292,23,0.07324303848148955,9.811144212986003,8.935159018481349,3,12.263039147149657,4.563129966826145,1.0980380083547232,21.007236462404965,1328393909.2177343
21,0.8638140911192117,48.66712785996519,5.358551269912632,1,3,0.3318076168096292,24,-0.4155737022818746,10.468803046338673,10.799226819769727,3,8.028474896956723,12.263039147149657,0.9694030157023686,20.948207807425337,1252250046.6129246
21,0.8638140911192117,48.66712785996519,5.358551269912632,1,3,0.3318076168096292,25,0.05287572716514413,8.149252572691683,7.871129910162763,3,10.833588148750941,8.028474896956723,1.0353345282955912,21.11500128805501,1479546247.3043718
21,0.8638140911192117,48.66712785996519,5.358551269912632,1,3,0.3318076168096292,26,0.19634402837852838,8.556071477486245,8.926355586438113,3,7.608555990862607,10.833588148750941,0.9585178850017533,21.679233164076383,2601185563.6846914
21,0.8638140911192117,48.66712785996519,5.358551269912632,1,3,0.3318076168096292,27,0.01402300615082264,9.27440360969869,9.262793752726719,3,8.048865068765094,7.608555990862607,1.0012533861037933,21.086779412298185,1438374383.210963
21,0.8638140911192117,48.66712785996519,5.358551269912632,1,3,0.3318076168096292,28,0.0018550148592412774,9.479141892136042,9.856758068107272,3,6.654437377768083,8.048865068765094,0.9616896170767291,20.94178648347679,1244234705.4916174
21,0.8638140911192117,48.66712785996519,5.358551269912632,1,3,0.3318076168096292,29,-0.41012187044991083,10.641662829287146,10.574124462401816,3,5.841128122335429,6.654437377768083,1.006387135608766,20.25768957963655,627773242.0168587
21,0.8638140911192117,48.66712785996519,5.358551269912632,1,3,0.3318076168096292,30,0.11106073711175773,10.36266365229106,10.600988173603472,3,3.9841702717700214,5.841128122335429,0.977518650392815,21.068399122032982,1412178129.4088366
21,0.8638140911192117,48.66712785996519,5.358551269912632,1,3,0.3318076168096292,31,0.07925851344932232,10.939330067444866,10.720073027404627,3,10.166215659952648,3.9841702717700214,1.020452942762585,21.140030577120584,1517045571.0728679
21,0.8638140911192117,48.66712785996519,5.358551269912632,1,3,0.3318076168096292,32,-0.2343995516749002,10.194311358125436,10.879042112451856,3,6.516013798184702,10.166215659952648,0.937059646681329,20.757510651670067,1034837919.2787687
21,0.8638140911192117,48.66712785996519,5.358551269912632,1,3,0.3318076168096292,33,0.3826341494492407,10.215075305962765,9.795401980842371,3,7.547065975973773,6.516013798184702,1.042843910432791,21.03810861048332,1370043886.867645
21,0.8638140911192117,48.66712785996519,5.358551269912632,1,3,0.3318076168096292,34,-0.2448032401480451,10.650578475453733,10.255579196101268,3,4.300610405948342,7.547065975973773,1.0385155505895394,20.507591342968073,805997616.2562447
21,0.8638140911192117,48.66712785996519,5.358551269912632,1,3,0.3318076168096292,35,-0.33585807234342985,9.44644401478578,8.910023559314613,3,6.772058709266446,4.300610405948342,1.060204156801627,20.695257957653503,972380705.0986688
21,0.8638140911192117,48.66712785996519,5.358551269912632,1,3,0.3318076168096292,36,-0.36221155398213295,9.384203075862798,9.64758410370506,3,10.654956559198025,6.772058709266446,0.9726997945795451,21.04664288459002,1381786251.947473
21,0.8638140911192117,48.66712785996519,5.358551269912632,1,3,0.3318076168096292,37,0.005194181464211946,9.656480442209798,9.554755869096152,3,7.523378419977246,10.654956559198025,1.0106464858450925,21.29388090373319,1769354988.3098476
21,0.8638140911192117,48.66712785996519,5.358551269912632,1,3,0.3318076168096292,38,0.0675742500294194,8.916019904688778,8.82297439143827,3,11.257950357859922,7.523378419977246,1.0105458215248588,21.363305590489027,1896556272.636973
21,0.8638140911192117,48.66712785996519,5.358551269912632,1,3,0.3318076168096292,39,0.08819478218692851,9.757241888650773,10.16310347054967,3,8.850850528595773,11.257950357859922,0.9600651923819343,20.98659545594456,1301255566.8259106
21,0.8638140911192117,48.66712785996519,5.358551269912632,1,3,0.3318076168096292,40,-0.06747199564309786,10.03393787489919,10.112786947598568,3,10.876491578292654,8.850850528595773,0.9922030323482586,21.27097861132837,1729293207.3786585
21,0.8638140911192117,48.66712785996519,5.358551269912632,1,3,0.3318076168096292,41,-0.16253500440717236,9.276394007803866,9.773923346494458,3,5.75042238259115,10.876491578292654,0.949096251213282,20.890027137620056,1181472215.0252602
21,0.8638140911192117,48.66712785996519,5.358551269912632,1,3,0.3318076168096292,42,0.16855291640160835,9.455625066807624,9.332099053436025,3,10.638846790806657,5.75042238259115,1.0132366804793094,21.42470395098168,2016650796.89471
21,0.8638140911192117,48.66712785996519,5.358551269912632,1,3,0.3318076168096292,43,-0.17951707731235617,9.712201601135584,10.361042093666562,3,7.054935493714467,10.638846790806657,0.9373769079726453,21.323647476627894,1822814325.9407465
21,0.8638140911192117,48.66712785996519,5.358551269912632,1,3,0.3318076168096292,44,-0.2419680411959665,11.349212425509359,11.252740144355267,3,7.530938499976165,7.054935493714467,1.0085732257136042,20.80792214142363,1088342943.8128638
21,0.8638140911192117,48.66712785996519,5.358551269912632,1,3,0.3318076168096292,45,0.2802631334986427,11.56849724333138,11.531574147693215,3,11.519508063631319,7.530938499976165,1.0032019128668181,21.05867447957401,1398511759.9908016
21,0.8638140911192117,48.66712785996519,5.358551269912632,1,3,0.3318076168096292,46,0.035514301628569965,9.543952698064595,10.540693315390115,3,7.941359385510315,11.519508063631319,0.9054387991850392,21.12079774890693,1488147282.906417
21,0.8638140911192117,48.66712785996519,5.358551269912632,1,3,0.3318076168096292,47,0.09425797907819627,11.340147890244037,10.923152938563588,4,8.158919901315022,7.941359385510315,1.0381753284995463,20.810728360529925,1091401361.8645248
21,0.8638140911192117,48.66712785996519,5.358551269912632,1,3,0.3318076168096292,48,0.12516814092890055,10.271151161084813,10.440552629424573,3,8.636977987671399,8.158919901315022,0.9837746645841009,21.738467160555157,2759918978.297183
21,0.8638140911192117,48.66712785996519,5.358551269912632,1,3,0.3318076168096292,49,-0.11435942179986343,9.369499787917835,8.65932042044287,3,3.727427246444292,8.636977987671399,1.0820132912276093,20.926613917620127,1225498966.5211947
21,0.8638140911192117,48.66712785996519,5.358551269912632,1,3,0.3318076168096292,50,-0.10657251720030408,10.112285780979256,10.104637880523164,3,6.2047856288255705,3.727427246444292,1.0007568703150496,20.380897456902993,710086574.7992618
21,0.8638140911192117,48.66712785996519,5.358551269912632,1,3,0.3318076168096292,51,0.12811633661312918,9.678286343946704,9.188453587664835,3,6.869760119579357,6.2047856288255705,1.0533095968335142,21.38036941481504,1929196466.9742904
