data_examples/final_simulated_panel.csv
store_id,store_size,area_income,manager_experience,manager_vacant,base_competitors,store_fe,week,week_fe,price,competitor_price,competitor_count,ad_spend,ad_spend_lag,relative_price,log_sales,sales
22,1.244508267734806,50.805477139983886,5.43999336794353,0,2,-0.7972241484216624,0,0.048845901334352015,9.144592275498667,9.755061242201663,2,6.664019458293675,0.0,0.9374202835281005,19.744302583243012,375700403.01316094
22,1.244508267734806,50.805477139983886,5.43999336794353,0,2,-0.7972241484216624,1,0.13563566401577118,8.548626850150734,8.663767411622494,2,6.425135679797248,6.664019458293675,0.98671010473835,20.35660860702678,693047160.1663162
22,1.244508267734806,50.805477139983886,5.43999336794353,0,2,-0.7972241484216624,2,-0.11710587627041394,9.996171940333841,9.722100259882659,2,7.048109223399447,6.425135679797248,1.0281905836316165,20.584591599108556,870511562.002104
22,1.244508267734806,50.805477139983886,5.43999336794353,0,2,-0.7972241484216624,3,-0.18173462462506965,8.39601596357951,8.308995220687725,2,7.358085903464677,7.048109223399447,1.0104730765369945,20.62654591731222,907810230.3514075
22,1.244508267734806,50.805477139983886,5.43999336794353,0,2,-0.7972241484216624,4,-0.39836764222427296,9.252119085434385,8.912521861456563,2,11.125490405589996,7.358085903464677,1.0381033818774075,20.0542236606304,512198939.18403697
22,1.244508267734806,50.805477139983886,5.43999336794353,0,2,-0.7972241484216624,5,0.1943245963972403,10.38034373367528,10.820176237903668,2,8.412825927778801,11.125490405589996,0.9593507079221473,20.43075039267377,746383717.5932351
22,1.244508267734806,50.805477139983886,5.43999336794353,0,2,-0.7972241484216624,6,0.0033314601152094115,11.539076614911087,11.406605498418134,2,6.038938764759106,8.412825927778801,1.0116135441443401,20.151339460255716,564437072.3148192
22,1.244508267734806,50.805477139983886,5.43999336794353,0,2,-0.7972241484216624,7,0.04114626898936563,9.76748756610361,9.976611402524806,3,7.2930187935514414,6.038938764759106,0.9790385905610923,20.39262613255297,718463981.8293387
22,1.244508267734806,50.805477139983886,5.43999336794353,0,2,-0.7972241484216624,8,-0.1567189753011227,9.981976970006532,10.125976224814249,2,7.372514681080644,7.2930187935514414,0.9857792225054964,20.35118221475931,689296599.6249204
22,1.244508267734806,50.805477139983886,5.43999336794353,0,2,-0.7972241484216624,9,0.24529960585719213,10.593977137552336,10.80058454520138,2,7.945057212996501,7.372514681080644,0.9808707198407296,20.4616041451486,769771399.639743
22,1.244508267734806,50.805477139983886,5.43999336794353,0,2,-0.7972241484216624,10,0.18864011553560334,9.742028531962973,10.694536968858985,2,3.4385405707894963,7.945057212996501,0.9109350465878433,20.394651927080904,719920917.4601079
22,1.244508267734806,50.805477139983886,5.43999336794353,0,2,-0.7972241484216624,11,-0.024364776297538047,11.145547288404819,10.831921482910495,3,7.707619739616823,3.4385405707894963,1.0289538477535247,19.895698351674106,437111273.75889504
22,1.244508267734806,50.805477139983886,5.43999336794353,0,2,-0.7972241484216624,12,-0.11117269158045646,7.76998259407938,7.838989494113189,2,5.567950649159416,7.707619739616823,0.9911969648529787,20.357018854960156,693331539.6605688
22,1.244508267734806,50.805477139983886,5.43999336794353,0,2,-0.7972241484216624,13,-0.07133827681171602,10.23218613297164,9.441423487917032,3,6.787381931053263,5.567950649159416,1.0837545997239306,19.752411747560025,378759405.52924234
22,1.244508267734806,50.805477139983886,5.43999336794353,0,2,-0.7972241484216624,14,-0.15972510848492985,9.113782087669794,9.203532752213498,2,9.448109616766287,6.787381931053263,0.9902482376104851,20.153228060194547,565504075.388887
22,1.244508267734806,50.805477139983886,5.43999336794353,0,2,-0.7972241484216624,15,0.005312829848108214,10.068830592531546,9.940116869381342,2,7.9207337715611414,9.448109616766287,1.01294891446867,19.98978192669729,480232983.64373046
22,1.244508267734806,50.805477139983886,5.43999336794353,0,2,-0.7972241484216624,16,-0.12323354394010944,11.156913848493797,11.821606096688615,2,9.138581764346018,7.9207337715611414,0.9437731013232621,20.0008172066041,485561837.6588176
22,1.244508267734806,50.805477139983886,5.43999336794353,0,2,-0.7972241484216624,17,0.11710850410840844,9.974191272748305,10.239871249092477,2,7.30670004984832,9.138581764346018,0.9740543635870696,20.224393185667026,607214816.8452493
22,1.244508267734806,50.805477139983886,5.43999336794353,0,2,-0.7972241484216624,18,-0.07189371493174873,9.539127709452092,9.147952472880768,2,7.325805604187914,7.30670004984832,1.0427609607429607,19.84029401411049,413552080.16516453
22,1.244508267734806,50.805477139983886,5.43999336794353,0,2,-0.7972241484216624,19,-0.07079141278787165,10.03888700098026,9.636966957848058,2,9.771091104054179,7.325805604187914,1.0417060725527227,19.77421117861578,387106798.7232882
22,1.244508267734806,50.805477139983886,5.43999336794353,0,2,-0.7972241484216624,20,0.3074506008403983,9.537355800481713,10.068721951542377,2,10.278195907101228,9.771091104054179,0.9472260577243106,21.200504803677298,1611618521.2515483
22,1.244508267734806,50.805477139983886,5.43999336794353,0,2,-0.7972241484216624,21,-0.14514390451041106,10.051918483235902,9.796976860683682,2,9.792201617068663,10.278195907101228,1.026022478788873,19.982152203864775,476582881.42445135
22,1.244508267734806,50.805477139983886,5.43999336794353,0,2,-0.7972241484216624,22,-0.31358317758909293,9.60614134031191,9.30790213261186,2,10.804016423656858,9.792201617068663,1.0320415066092195,20.473812490871023,779226633.9618869
22,1.244508267734806,50.805477139983886,5.43999336794353,0,2,-0.7972241484216624,23,0.07324303848148955,9.26759900859202,9.234764994307248,2,7.134764598014421,10.804016423656858,1.0035554791383443,20.41499867288442,734719001.2730452
22,1.244508267734806,50.805477139983886,5.43999336794353,0,2,-0.7972241484216624,24,-0.4155737022818746,8.684541747892752,8.931519368691285,2,7.325204976212616,7.134764598014421,0.972347636431905,19.889017586396832,434200768.96382976
22,1.244508267734806,50.805477139983886,5.43999336794353,0,2,-0.7972241484216624,25,0.05287572716514413,10.539321520379415,10.402740815519685,2,6.163876407470562,7.325204976212616,1.013129299987554,20.59961192280082,883685619.0594475
22,1.244508267734806,50.805477139983886,5.43999336794353,0,2,-0.7972241484216624,26,0.19634402837852838,9.692328568033606,9.722881610647866,2,8.718727971736106,6.163876407470562,0.9968576144565208,20.374798110319635,705768692.1927906
22,1.244508267734806,50.805477139983886,5.43999336794353,0,2,-0.7972241484216624,27,0.01402300615082264,8.782752142453955,8.566670350166413,2,5.967438426663314,8.718727971736106,1.0252235446743136,19.907265149098333,442196605.1157088
22,1.244508267734806,50.805477139983886,5.43999336794353,0,2,-0.7972241484216624,28,0.0018550148592412774,8.856648901719065,8.160959259530017,3,4.325774460078544,5.967438426663314,1.0852460623886404,20.300687490865492,655354907.826829
22,1.244508267734806,50.805477139983886,5.43999336794353,0,2,-0.7972241484216624,29,-0.41012187044991083,10.0766624739576,9.284788678010157,2,6.83152915297518,4.325774460078544,1.0852872179872972,19.565281535288893,314118711.7393346
22,1.244508267734806,50.805477139983886,5.43999336794353,0,2,-0.7972241484216624,30,0.11106073711175773,9.191561297062698,8.392272453102679,2,9.33041234347335,6.83152915297518,1.0952410504337853,20.598909298211463,883064937.892697
22,1.244508267734806,50.805477139983886,5.43999336794353,0,2,-0.7972241484216624,31,0.07925851344932232,10.196308939619461,9.78970823729006,3,7.687499606672431,9.33041234347335,1.041533485214668,20.228288718606063,609584855.4499214
22,1.244508267734806,50.805477139983886,5.43999336794353,0,2,-0.7972241484216624,32,-0.2343995516749002,11.062477458279062,11.137221954850915,2,7.993980227959193,7.687499606672431,0.9932887665456558,20.595921800452878,880430720.1890302
22,1.244508267734806,50.805477139983886,5.43999336794353,0,2,-0.7972241484216624,33,0.3826341494492407,13.029073376731892,13.216426731548584,2,8.95384537302801,7.993980227959193,0.9858242050879407,20.280872812301457,642497068.6440036
22,1.244508267734806,50.805477139983886,5.43999336794353,0,2,-0.7972241484216624,34,-0.2448032401480451,10.388218951140116,10.275390229997884,2,7.909979972351671,8.95384537302801,1.010980480411619,20.0313019622812,500592003.1386921
22,1.244508267734806,50.805477139983886,5.43999336794353,0,2,-0.7972241484216624,35,-0.33585807234342985,11.553198960527626,12.544598665157157,2,5.66415715379064,7.909979972351671,0.9209699942507399,19.880960863984452,430716588.28205884
22,1.244508267734806,50.805477139983886,5.43999336794353,0,2,-0.7972241484216624,36,-0.36221155398213295,8.628303147638967,8.363158590964966,2,5.321781099831903,5.66415715379064,1.0317038776426464,19.865316073755935,424030554.778198
22,1.244508267734806,50.805477139983886,5.43999336794353,0,2,-0.7972241484216624,37,0.005194181464211946,9.495204870365756,9.842521705199015,2,2.3502511517145335,5.321781099831903,0.9647126168236134,20.36757847114177,700691646.1649636
22,1.244508267734806,50.805477139983886,5.43999336794353,0,2,-0.7972241484216624,38,0.0675742500294194,10.28393699478762,9.88057359874624,3,5.7949472795973,2.3502511517145335,1.04082388456603,20.509769489952234,807755110.8792967
22,1.244508267734806,50.805477139983886,5.43999336794353,0,2,-0.7972241484216624,39,0.08819478218692851,10.537409573510756,10.28795571046745,2,8.742521204156754,5.7949472795973,1.0242471750524256,20.373185905741042,704631765.4013586
22,1.244508267734806,50.805477139983886,5.43999336794353,0,2,-0.7972241484216624,40,-0.06747199564309786,8.678313182983777,8.866287948872898,2,7.67632002038002,8.742521204156754,0.978798932882276,20.91663691911876,1213332956.219452
22,1.244508267734806,50.805477139983886,5.43999336794353,0,2,-0.7972241484216624,41,-0.16253500440717236,11.114808673711329,10.745105147985987,2,8.600248577344365,7.67632002038002,1.0344066922225175,20.098021417677295,535130616.2990102
22,1.244508267734806,50.805477139983886,5.43999336794353,0,2,-0.7972241484216624,42,0.16855291640160835,10.677262914661268,9.952667203751547,2,9.836150660837559,8.600248577344365,1.0728041736024885,20.384327001600504,712526029.1645038
22,1.244508267734806,50.805477139983886,5.43999336794353,0,2,-0.7972241484216624,43,-0.17951707731235617,10.504304799563664,9.587864201033208,2,8.14662552270662,9.836150660837559,1.0955833936854988,20.846930030993956,1131635797.1505222
22,1.244508267734806,50.805477139983886,5.43999336794353,0,2,-0.7972241484216624,44,-0.2419680411959665,10.621769328805636,9.822396697494302,2,6.573600004360924,8.14662552270662,1.081382645797156,19.69769882740305,358593082.051542
22,1.244508267734806,50.805477139983886,5.43999336794353,0,2,-0.7972241484216624,45,0.2802631334986427,9.716076755711718,10.12806403907109,3,8.895794208826693,6.573600004360924,0.9593222078997481,20.022205024356023,496058799.15969074
22,1.244508267734806,50.805477139983886,5.43999336794353,0,2,-0.7972241484216624,46,0.035514301628569965,11.128710850259104,11.11346877600095,2,6.724618361573978,8.895794208826693,1.0013714956657878,20.169076074912304,574537584.8236016
22,1.244508267734806,50.805477139983886,5.43999336794353,0,2,-0.7972241484216624,47,0.09425797907819627,10.396719611970848,10.084576794286072,2,3.806918452990727,6.724618361573978,1.0309524954841571,20.676932575917164,954723736.9524008
22,1.244508267734806,50.805477139983886,5.43999336794353,0,2,-0.7972241484216624,48,0.12516814092890055,9.8974276390861,9.607768028085326,2,7.602758708238139,3.806918452990727,1.0301484809119084,20.182176260818224,582113649.5762719
22,1.244508267734806,50.805477139983886,5.43999336794353,0,2,-0.7972241484216624,49,-0.11435942179986343,10.738046262919884,10.037262976814901,2,9.251034957896096,7.602758708238139,1.0698181653428553,19.794045830724794,394861579.86346436
22,1.244508267734806,50.805477139983886,5.43999336794353,0,2,-0.7972241484216624,50,-0.10657251720030408,9.25721373741247,8.997010740774268,3,6.837078285720418,9.251034957896096,1.0289210499059391,20.412196130695627,732662802.9122206
22,1.244508267734806,50.805477139983886,5.43999336794353,0,2,-0.7972241484216624,51,0.12811633661312918,9.865208446330412,9.737710095598766,3,9.665913605456886,6.837078285720418,1.013093258012402,20.575433304724122,862575556.4586056
