data_examples/final_simulated_panel.csv
store_id,store_size,area_income,manager_experience,manager_vacant,base_competitors,store_fe,week,week_fe,price,competitor_price,competitor_count,ad_spend,ad_spend_lag,relative_price,log_sales,sales
23,0.9690941035862396,64.97160744053764,7.718375150480873,0,1,-0.5185889312299045,0,0.048845901334352015,9.485781740191573,9.78782011801184,1,6.6823983321569695,0.0,0.9691414049115546,21.106596597215646,1467163229.1263661
23,0.9690941035862396,64.97160744053764,7.718375150480873,0,1,-0.5185889312299045,1,0.13563566401577118,10.106736418774062,11.679749265255975,1,4.703621876033602,6.6823983321569695,0.8653213514470562,20.46772301669988,774495971.742014
23,0.9690941035862396,64.97160744053764,7.718375150480873,0,1,-0.5185889312299045,2,-0.11710587627041394,9.576688762034657,9.712257214557882,1,5.957584348680054,4.703621876033602,0.9860415092466848,20.892774401444893,1184722493.543668
23,0.9690941035862396,64.97160744053764,7.718375150480873,0,1,-0.5185889312299045,3,-0.18173462462506965,10.108706396663193,9.766036758804086,1,7.813547026736055,5.957584348680054,1.035087891467354,20.521988129696016,817685322.8777511
23,0.9690941035862396,64.97160744053764,7.718375150480873,0,1,-0.5185889312299045,4,-0.39836764222427296,8.675619966779033,8.923487138751689,1,9.521815918228157,7.813547026736055,0.9722230594252496,21.072723631486706,1418298330.9765608
23,0.9690941035862396,64.97160744053764,7.718375150480873,0,1,-0.5185889312299045,5,0.1943245963972403,8.806610108732881,8.97926125277149,1,8.044517780201684,9.521815918228157,0.9807722329066526,21.264238712075837,1717677134.9346704
23,0.9690941035862396,64.97160744053764,7.718375150480873,0,1,-0.5185889312299045,6,0.0033314601152094115,10.374641639686217,9.84229985023092,1,9.62810654339746,8.044517780201684,1.054087133856505,21.208423436815853,1624430998.7850342
23,0.9690941035862396,64.97160744053764,7.718375150480873,0,1,-0.5185889312299045,7,0.04114626898936563,9.932552543482407,9.715260525380575,1,9.772763850550628,9.62810654339746,1.022366051588032,20.6559680166671,934916722.7110528
23,0.9690941035862396,64.97160744053764,7.718375150480873,0,1,-0.5185889312299045,8,-0.1567189753011227,9.274618030373693,9.21906085870204,1,10.842305061397008,9.772763850550628,1.0060263374462066,20.306544852646848,659204822.782398
23,0.9690941035862396,64.97160744053764,7.718375150480873,0,1,-0.5185889312299045,9,0.24529960585719213,10.241720330442805,9.868267245565082,1,12.36640424893125,10.842305061397008,1.0378438357600779,21.52282783723019,2224566355.6442423
23,0.9690941035862396,64.97160744053764,7.718375150480873,0,1,-0.5185889312299045,10,0.18864011553560334,10.308449029673355,10.242776251931152,1,10.837240882769489,12.36640424893125,1.0064116188938346,21.27609796057811,1738168762.411421
23,0.9690941035862396,64.97160744053764,7.718375150480873,0,1,-0.5185889312299045,11,-0.024364776297538047,10.956366921154324,11.548311209832605,1,9.713566949039285,10.837240882769489,0.9487419175044156,21.14007108774069,1517107028.7745183
23,0.9690941035862396,64.97160744053764,7.718375150480873,0,1,-0.5185889312299045,12,-0.11117269158045646,10.437236181018848,10.991284661221474,1,10.067071349811968,9.713566949039285,0.9495920179233122,21.19613388283957,1604589636.8138032
23,0.9690941035862396,64.97160744053764,7.718375150480873,0,1,-0.5185889312299045,13,-0.07133827681171602,9.362766332862991,9.065429078248105,1,10.218824342325645,10.067071349811968,1.0327990271666596,20.960437548370148,1267658770.5803213
23,0.9690941035862396,64.97160744053764,7.718375150480873,0,1,-0.5185889312299045,14,-0.15972510848492985,10.131173050826124,10.069517836728316,2,11.51624770453692,10.218824342325645,1.0061229559446156,20.94768053542259,1251589944.2649455
23,0.9690941035862396,64.97160744053764,7.718375150480873,0,1,-0.5185889312299045,15,0.005312829848108214,11.068110779798781,11.078042586751506,1,9.256294130109133,11.51624770453692,0.9991034691485478,21.086293289135327,1437675326.0341318
23,0.9690941035862396,64.97160744053764,7.718375150480873,0,1,-0.5185889312299045,16,-0.12323354394010944,10.646092974850447,10.526447798840778,1,10.856113921106724,9.256294130109133,1.0113661491792934,20.741806864945428,1018713980.1083618
23,0.9690941035862396,64.97160744053764,7.718375150480873,0,1,-0.5185889312299045,17,0.11710850410840844,9.530045949283274,9.652035839066917,1,9.497924950913971,10.856113921106724,0.9873612270180467,21.52531788685907,2230112538.5421834
23,0.9690941035862396,64.97160744053764,7.718375150480873,0,1,-0.5185889312299045,18,-0.07189371493174873,11.233582250113924,10.485303404197396,1,9.873152281386785,9.497924950913971,1.0713645392098987,20.608322435739932,891416595.5829006
23,0.9690941035862396,64.97160744053764,7.718375150480873,0,1,-0.5185889312299045,19,-0.07079141278787165,9.46968505083046,9.472327864794883,1,10.402116058271593,9.873152281386785,0.9997209963588523,21.032884363408744,1362905102.722148
23,0.9690941035862396,64.97160744053764,7.718375150480873,0,1,-0.5185889312299045,20,0.3074506008403983,9.96429363806592,9.485626980798255,2,11.837522865142544,10.402116058271593,1.0504623108453062,21.217729093509096,1639617948.6594837
23,0.9690941035862396,64.97160744053764,7.718375150480873,0,1,-0.5185889312299045,21,-0.14514390451041106,8.466652592312862,8.720430457312307,1,12.69334019439737,11.837522865142544,0.9708984704090328,21.454222139878063,2077065962.4916675
23,0.9690941035862396,64.97160744053764,7.718375150480873,0,1,-0.5185889312299045,22,-0.31358317758909293,10.238177395026865,9.974859398525835,1,6.683389565532662,12.69334019439737,1.0263981662277812,20.587185000701364,872772078.0195096
23,0.9690941035862396,64.97160744053764,7.718375150480873,0,1,-0.5185889312299045,23,0.07324303848148955,10.463666978366476,9.527689000022448,1,7.978116723931516,6.683389565532662,1.0982376711017563,20.60382871330903,887419803.7942879
23,0.9690941035862396,64.97160744053764,7.718375150480873,0,1,-0.5185889312299045,24,-0.4155737022818746,9.981661254200185,10.16107140879806,1,11.689769590434407,7.978116723931516,0.9823433821710444,20.681854832453688,959434716.9214586
23,0.9690941035862396,64.97160744053764,7.718375150480873,0,1,-0.5185889312299045,25,0.05287572716514413,10.178092482125829,9.62191912968396,1,7.529471138625408,11.689769590434407,1.0578027465150954,21.328760350165847,1832158011.2583537
23,0.9690941035862396,64.97160744053764,7.718375150480873,0,1,-0.5185889312299045,26,0.19634402837852838,9.526515604614344,9.8920162901717,1,9.862540332280274,7.529471138625408,0.963050941806424,21.763201227496225,2829034226.100793
23,0.9690941035862396,64.97160744053764,7.718375150480873,0,1,-0.5185889312299045,27,0.01402300615082264,10.685626714958602,9.89387629211975,1,8.562961452218723,9.862540332280274,1.0800242897184256,20.795427398658656,1074828981.2474568
23,0.9690941035862396,64.97160744053764,7.718375150480873,0,1,-0.5185889312299045,28,0.0018550148592412774,9.72714566015392,10.143087670736408,1,8.28796397908494,8.562961452218723,0.958992564780593,21.97494370178376,3496204196.9892516
23,0.9690941035862396,64.97160744053764,7.718375150480873,0,1,-0.5185889312299045,29,-0.41012187044991083,10.76400993981669,10.312249121403863,1,7.6706611961009274,8.28796397908494,1.0438081754129818,20.493823345166557,794976685.0175076
23,0.9690941035862396,64.97160744053764,7.718375150480873,0,1,-0.5185889312299045,30,0.11106073711175773,10.638439466983206,11.939208398113445,1,10.459711139441989,7.6706611961009274,0.8910506553067807,21.235026233129762,1668225349.0887704
23,0.9690941035862396,64.97160744053764,7.718375150480873,0,1,-0.5185889312299045,31,0.07925851344932232,10.338676621020637,10.568707288937162,1,12.881840967030922,10.459711139441989,0.9782347394409049,20.871760181462918,1160086236.9073107
23,0.9690941035862396,64.97160744053764,7.718375150480873,0,1,-0.5185889312299045,32,-0.2343995516749002,10.582373708324171,11.380223377851948,2,6.304178701316621,12.881840967030922,0.9298915633694377,20.50546727650574,804287440.6571293
23,0.9690941035862396,64.97160744053764,7.718375150480873,0,1,-0.5185889312299045,33,0.3826341494492407,10.571009620908441,10.982054147276887,1,9.668281670881171,6.304178701316621,0.9625712529863669,21.439945074882154,2047622241.8368216
23,0.9690941035862396,64.97160744053764,7.718375150480873,0,1,-0.5185889312299045,34,-0.2448032401480451,10.17048731241012,10.319801968974701,1,12.466005816002388,9.668281670881171,0.9855312478850391,20.972934611414292,1283600185.1135097
23,0.9690941035862396,64.97160744053764,7.718375150480873,0,1,-0.5185889312299045,35,-0.33585807234342985,8.93209235882088,8.150953262283751,1,10.805418923318182,12.466005816002388,1.0958340787146492,20.830506803154623,1113202466.3403168
23,0.9690941035862396,64.97160744053764,7.718375150480873,0,1,-0.5185889312299045,36,-0.36221155398213295,11.870259500797992,12.50027649092484,1,8.605781582821443,10.805418923318182,0.949599755606667,20.650403757697482,929729050.1123683
23,0.9690941035862396,64.97160744053764,7.718375150480873,0,1,-0.5185889312299045,37,0.005194181464211946,12.488806052657512,12.745361034716515,2,11.662008385716588,8.605781582821443,0.9798707167760737,21.496894494181383,2167617541.428492
23,0.9690941035862396,64.97160744053764,7.718375150480873,0,1,-0.5185889312299045,38,0.0675742500294194,10.654450380714596,10.679126389059137,1,6.172085633987548,11.662008385716588,0.997689323316763,21.450719967407654,2069804442.2287908
23,0.9690941035862396,64.97160744053764,7.718375150480873,0,1,-0.5185889312299045,39,0.08819478218692851,9.724770771614127,9.982286969636103,1,9.339650738183416,6.172085633987548,0.9742026853360073,21.503492771881625,2181967373.942019
23,0.9690941035862396,64.97160744053764,7.718375150480873,0,1,-0.5185889312299045,40,-0.06747199564309786,10.664348872472681,10.818245351155618,2,8.690135969010445,9.339650738183416,0.9857743586240169,21.009666824245016,1331626313.4481418
23,0.9690941035862396,64.97160744053764,7.718375150480873,0,1,-0.5185889312299045,41,-0.16253500440717236,9.204300845833357,9.567142702358714,2,10.344727047995612,8.690135969010445,0.9620741669886558,21.17756319588582,1575066287.8872638
23,0.9690941035862396,64.97160744053764,7.718375150480873,0,1,-0.5185889312299045,42,0.16855291640160835,10.99052544342449,10.512791811851779,2,9.906883293996165,10.344727047995612,1.0454430792621736,20.65238051796605,931568719.252542
23,0.9690941035862396,64.97160744053764,7.718375150480873,0,1,-0.5185889312299045,43,-0.17951707731235617,12.005971654271105,12.29689109215758,1,9.363176823995701,9.906883293996165,0.9763420334695808,21.08577000837425,1436923214.995125
23,0.9690941035862396,64.97160744053764,7.718375150480873,0,1,-0.5185889312299045,44,-0.2419680411959665,10.964180784906787,10.625422800143573,1,8.476256047849816,9.363176823995701,1.0318818357758561,20.222937131937936,606331322.8103061
23,0.9690941035862396,64.97160744053764,7.718375150480873,0,1,-0.5185889312299045,45,0.2802631334986427,11.025213629100298,10.491940301414658,1,4.957658739229822,8.476256047849816,1.0508269502461558,20.789669791432967,1068658319.3089935
23,0.9690941035862396,64.97160744053764,7.718375150480873,0,1,-0.5185889312299045,46,0.035514301628569965,8.715760974603965,8.752638886781115,1,6.415223014021864,4.957658739229822,0.9957866521566603,21.235645349009914,1669258493.6791737
23,0.9690941035862396,64.97160744053764,7.718375150480873,0,1,-0.5185889312299045,47,0.09425797907819627,10.234889508025027,9.526339575055,1,9.865726865535784,6.415223014021864,1.0743779840501788,20.694745532845822,971882560.7445284
23,0.9690941035862396,64.97160744053764,7.718375150480873,0,1,-0.5185889312299045,48,0.12516814092890055,9.359165086943552,9.197380337491005,1,9.773770437239682,9.865726865535784,1.0175903076219506,20.96087906479672,1268218586.3256516
23,0.9690941035862396,64.97160744053764,7.718375150480873,0,1,-0.5185889312299045,49,-0.11435942179986343,12.137795787780924,11.702734551442186,1,10.624943098851748,9.773770437239682,1.0371760321851549,20.662862247371756,941384523.9258401
23,0.9690941035862396,64.97160744053764,7.718375150480873,0,1,-0.5185889312299045,50,-0.10657251720030408,10.499942171974313,10.312580557040576,1,5.687959971374087,10.624943098851748,1.018168257100869,20.952184487149744,1257239758.6509237
23,0.9690941035862396,64.97160744053764,7.718375150480873,0,1,-0.5185889312299045,51,0.12811633661312918,10.314108319276567,10.775207701227332,1,11.214243745753919,5.687959971374087,0.9572073787590893,21.73810289934493,2758913829.9494133
