data_examples/final_simulated_panel.csv
store_id,store_size,area_income,manager_experience,manager_vacant,base_competitors,store_fe,week,week_fe,price,competitor_price,competitor_count,ad_spend,ad_spend_lag,relative_price,log_sales,sales
24,0.9143344355673786,61.42425736070565,6.670222491829157,0,3,-0.5928741589771284,0,0.048845901334352015,10.567981479450468,10.687841102891246,3,6.893796042696616,0.0,0.9887854223985091,20.60063817743253,884592971.0264277
24,0.9143344355673786,61.42425736070565,6.670222491829157,0,3,-0.5928741589771284,1,0.13563566401577118,11.069140956784258,11.057894217895848,3,9.46213897617505,6.893796042696616,1.0010170778148888,20.95995271144049,1267044311.7623389
24,0.9143344355673786,61.42425736070565,6.670222491829157,0,3,-0.5928741589771284,2,-0.11710587627041394,10.687575095257278,10.92209104715366,3,10.08679961178007,9.46213897617505,0.9785282918001771,21.082090762574712,1431646135.0820646
24,0.9143344355673786,61.42425736070565,6.670222491829157,0,3,-0.5928741589771284,3,-0.18173462462506965,9.425465368360406,9.052001790431422,3,10.2010473392356,10.08679961178007,1.0412575678369573,19.740382343392547,374230450.48722106
24,0.9143344355673786,61.42425736070565,6.670222491829157,0,3,-0.5928741589771284,4,-0.39836764222427296,10.464689458095885,10.898877086906815,3,10.904667303176936,10.2010473392356,0.9601621685106868,20.43413468844182,748913980.0132071
24,0.9143344355673786,61.42425736070565,6.670222491829157,0,3,-0.5928741589771284,5,0.1943245963972403,10.646918925630674,10.97109317558083,3,10.227881971420958,10.904667303176936,0.9704519645615904,21.22262776732195,1647669607.291009
24,0.9143344355673786,61.42425736070565,6.670222491829157,0,3,-0.5928741589771284,6,0.0033314601152094115,9.870545628285065,10.251233473263198,3,10.582053279176058,10.227881971420958,0.9628641913218515,20.95193558685699,1256926870.2475574
24,0.9143344355673786,61.42425736070565,6.670222491829157,0,3,-0.5928741589771284,7,0.04114626898936563,10.832349639851316,10.55621861172308,4,7.7341332216384,10.582053279176058,1.026158138466513,20.20331199494799,594547990.483926
24,0.9143344355673786,61.42425736070565,6.670222491829157,0,3,-0.5928741589771284,8,-0.1567189753011227,9.494974360829621,9.497775147500992,4,8.043475928862703,7.7341332216384,0.9997051112889204,20.08293126636971,527116037.0212449
24,0.9143344355673786,61.42425736070565,6.670222491829157,0,3,-0.5928741589771284,9,0.24529960585719213,10.726867965423375,11.298384516536272,3,5.457375458921483,8.043475928862703,0.9494160824251974,20.311109683043394,662220859.606005
24,0.9143344355673786,61.42425736070565,6.670222491829157,0,3,-0.5928741589771284,10,0.18864011553560334,11.27649506078418,11.385401852722683,3,9.651439844538107,5.457375458921483,0.9904345236692318,20.048654916981732,509354561.7495448
24,0.9143344355673786,61.42425736070565,6.670222491829157,0,3,-0.5928741589771284,11,-0.024364776297538047,10.639920945610488,10.877852356140904,3,5.814329753006206,9.651439844538107,0.9781269865833309,20.6019942491741,885793356.277537
24,0.9143344355673786,61.42425736070565,6.670222491829157,0,3,-0.5928741589771284,12,-0.11117269158045646,9.416380516417663,9.06758332760501,4,9.424101136218805,5.814329753006206,1.0384663891370909,20.322381405210805,669727455.8053436
24,0.9143344355673786,61.42425736070565,6.670222491829157,0,3,-0.5928741589771284,13,-0.07133827681171602,10.706047979524497,10.34573697997139,4,9.249062885166474,9.424101136218805,1.0348270017158414,20.055358128663546,512780342.2363853
24,0.9143344355673786,61.42425736070565,6.670222491829157,0,3,-0.5928741589771284,14,-0.15972510848492985,11.081381824215464,10.795906024860306,4,7.721042264204048,9.249062885166474,1.0264429681675422,20.27182714392439,636711460.0264089
24,0.9143344355673786,61.42425736070565,6.670222491829157,0,3,-0.5928741589771284,15,0.005312829848108214,10.963613187556591,10.31545709093532,3,6.158641447291405,7.721042264204048,1.0628334828895596,20.29152086384107,649374963.6501329
24,0.9143344355673786,61.42425736070565,6.670222491829157,0,3,-0.5928741589771284,16,-0.12323354394010944,9.43364435972816,9.624875814995935,3,7.2107918475160115,6.158641447291405,0.9801315405057144,20.482511958974,786035063.1263415
24,0.9143344355673786,61.42425736070565,6.670222491829157,0,3,-0.5928741589771284,17,0.11710850410840844,10.285542818150075,10.37604780424025,3,12.412036442336538,7.2107918475160115,0.9912775087588562,21.35775898900313,1886065950.5095923
24,0.9143344355673786,61.42425736070565,6.670222491829157,0,3,-0.5928741589771284,18,-0.07189371493174873,10.405652912237407,10.177167224356795,3,6.280419662946006,12.412036442336538,1.022450813948874,19.776521787865722,388002285.4346625
24,0.9143344355673786,61.42425736070565,6.670222491829157,0,3,-0.5928741589771284,19,-0.07079141278787165,13.2395274343603,13.909941681382705,3,9.003433231467634,6.280419662946006,0.9518032309280132,20.11061208422414,541910861.7832723
24,0.9143344355673786,61.42425736070565,6.670222491829157,0,3,-0.5928741589771284,20,0.3074506008403983,11.025486487544507,10.225944509661954,3,6.998183279884576,9.003433231467634,1.078187592072997,20.49268029750767,794068507.9225601
24,0.9143344355673786,61.42425736070565,6.670222491829157,0,3,-0.5928741589771284,21,-0.14514390451041106,10.169537025395528,10.938871992872743,3,7.944599899087546,6.998183279884576,0.9296696251699007,20.143147331599586,559832019.5466012
24,0.9143344355673786,61.42425736070565,6.670222491829157,0,3,-0.5928741589771284,22,-0.31358317758909293,11.505966997243984,11.830629942083497,3,9.430976124937734,7.944599899087546,0.9725574253924861,20.27351748210104,637788627.8472704
24,0.9143344355673786,61.42425736070565,6.670222491829157,0,3,-0.5928741589771284,23,0.07324303848148955,10.207710080507328,10.165366632370123,4,9.035650345535366,9.430976124937734,1.0041654619718652,20.45073461585837,761449655.5173532
24,0.9143344355673786,61.42425736070565,6.670222491829157,0,3,-0.5928741589771284,24,-0.4155737022818746,10.424725195393254,10.7322070964628,3,8.77826332081772,9.035650345535366,0.971349611659014,20.381703885156227,710659439.6315697
24,0.9143344355673786,61.42425736070565,6.670222491829157,0,3,-0.5928741589771284,25,0.05287572716514413,11.97655457760523,12.892042004035522,3,7.69075022857257,8.77826332081772,0.9289881753298878,20.517386637631983,813931393.8147697
24,0.9143344355673786,61.42425736070565,6.670222491829157,0,3,-0.5928741589771284,26,0.19634402837852838,11.674045477863595,11.623624048560579,3,8.528330888543337,7.69075022857257,1.0043378406848302,20.782594400484122,1061123830.0697082
24,0.9143344355673786,61.42425736070565,6.670222491829157,0,3,-0.5928741589771284,27,0.01402300615082264,10.77249627891813,11.852794106895995,4,6.640419875941026,8.528330888543337,0.9088571168759825,20.81446003165447,1095481721.356689
24,0.9143344355673786,61.42425736070565,6.670222491829157,0,3,-0.5928741589771284,28,0.0018550148592412774,9.771819737273454,9.394444371713147,3,8.655292060234672,6.640419875941026,1.0401700569643684,20.188467156803654,585787208.8719696
24,0.9143344355673786,61.42425736070565,6.670222491829157,0,3,-0.5928741589771284,29,-0.41012187044991083,7.662018178239815,6.426805634011268,3,11.42243280988203,8.655292060234672,1.19219696604666,20.574076512402904,861406014.1595538
24,0.9143344355673786,61.42425736070565,6.670222491829157,0,3,-0.5928741589771284,30,0.11106073711175773,10.610725847936706,10.237231131840714,3,9.186005176512154,11.42243280988203,1.036483958531943,21.109451131228568,1471357279.648462
24,0.9143344355673786,61.42425736070565,6.670222491829157,0,3,-0.5928741589771284,31,0.07925851344932232,9.606793702290345,10.586585193040484,3,8.036251601377057,9.186005176512154,0.9074497136815897,20.659722416149734,938433370.8914135
24,0.9143344355673786,61.42425736070565,6.670222491829157,0,3,-0.5928741589771284,32,-0.2343995516749002,11.53044116433512,12.183198585695493,3,5.760159890442438,8.036251601377057,0.9464215068999378,19.961889940593462,467023408.943137
24,0.9143344355673786,61.42425736070565,6.670222491829157,0,3,-0.5928741589771284,33,0.3826341494492407,11.609593904853305,11.460856613100624,3,9.950461932715426,5.760159890442438,1.01297785120029,20.90403922092576,1198143629.9840548
24,0.9143344355673786,61.42425736070565,6.670222491829157,0,3,-0.5928741589771284,34,-0.2448032401480451,9.32267447154245,8.558606958913366,3,10.875684356195858,9.950461932715426,1.0892747518722479,20.78519578485521,1063887814.5513521
24,0.9143344355673786,61.42425736070565,6.670222491829157,0,3,-0.5928741589771284,35,-0.33585807234342985,9.295627241556566,9.313377392498786,3,5.686904447308395,10.875684356195858,0.9980941230883099,20.52418913364069,819487033.5577102
24,0.9143344355673786,61.42425736070565,6.670222491829157,0,3,-0.5928741589771284,36,-0.36221155398213295,10.13082871056743,10.17760338686672,3,10.336794592820972,5.686904447308395,0.9954041561140369,20.24837613482559,621953652.8507903
24,0.9143344355673786,61.42425736070565,6.670222491829157,0,3,-0.5928741589771284,37,0.005194181464211946,10.644501615794113,10.595199242950494,3,9.009207931998322,10.336794592820972,1.0046532747250054,20.67620348992968,954027914.9417328
24,0.9143344355673786,61.42425736070565,6.670222491829157,0,3,-0.5928741589771284,38,0.0675742500294194,11.436314784704061,10.292406778302517,3,12.970161245335389,9.009207931998322,1.111140963531778,20.496792298198606,797340440.6603273
24,0.9143344355673786,61.42425736070565,6.670222491829157,0,3,-0.5928741589771284,39,0.08819478218692851,9.298975022163605,8.999591486702833,3,5.6364208869481836,12.970161245335389,1.0332663472451078,20.461515321871897,769703029.0582101
24,0.9143344355673786,61.42425736070565,6.670222491829157,0,3,-0.5928741589771284,40,-0.06747199564309786,8.524534538963811,8.67963973868836,3,6.036177278675014,5.6364208869481836,0.9821299956686926,20.51237242098982,809860380.4753163
24,0.9143344355673786,61.42425736070565,6.670222491829157,0,3,-0.5928741589771284,41,-0.16253500440717236,10.22739112574956,10.556112710937166,3,8.980724972469778,6.036177278675014,0.9688595987756916,20.018122919185668,494037962.41110855
24,0.9143344355673786,61.42425736070565,6.670222491829157,0,3,-0.5928741589771284,42,0.16855291640160835,10.02787194078193,9.427905797018488,3,8.412754881144323,8.980724972469778,1.0636372654416189,21.018383157610337,1343283944.4062643
24,0.9143344355673786,61.42425736070565,6.670222491829157,0,3,-0.5928741589771284,43,-0.17951707731235617,10.393842665301632,9.92082232293862,3,7.394363531135489,8.412754881144323,1.047679549836238,20.497187842099557,797655886.1907765
24,0.9143344355673786,61.42425736070565,6.670222491829157,0,3,-0.5928741589771284,44,-0.2419680411959665,11.875283575529991,11.810123992905103,4,6.861155429090934,7.394363531135489,1.005517264904588,20.043964572136353,506971107.1878144
24,0.9143344355673786,61.42425736070565,6.670222491829157,0,3,-0.5928741589771284,45,0.2802631334986427,10.017644478281998,10.483635762716418,3,8.305275303799094,6.861155429090934,0.9555506033420531,21.022187307944822,1348403730.516435
24,0.9143344355673786,61.42425736070565,6.670222491829157,0,3,-0.5928741589771284,46,0.035514301628569965,11.498906092962905,12.14304765843711,3,9.628189169181566,8.305275303799094,0.9469538798172591,20.297233489520575,653095215.8299292
24,0.9143344355673786,61.42425736070565,6.670222491829157,0,3,-0.5928741589771284,47,0.09425797907819627,10.318860456738712,9.952308627810059,3,9.152645026160709,9.628189169181566,1.0368308341950314,20.479969092529206,784038820.1052525
24,0.9143344355673786,61.42425736070565,6.670222491829157,0,3,-0.5928741589771284,48,0.12516814092890055,11.001108978238948,10.825014482146955,3,6.153275111026479,9.152645026160709,1.0162673681760348,20.758840371800844,1036214879.3750142
24,0.9143344355673786,61.42425736070565,6.670222491829157,0,3,-0.5928741589771284,49,-0.11435942179986343,11.376424180705595,11.65010936471813,3,9.416993715566813,6.153275111026479,0.9765079300593195,20.84088943224822,1124820643.8997817
24,0.9143344355673786,61.42425736070565,6.670222491829157,0,3,-0.5928741589771284,50,-0.10657251720030408,10.454362462166843,10.657655183591785,3,7.502927510756317,9.416993715566813,0.9809251924627919,21.007335103757644,1328524950.252756
24,0.9143344355673786,61.42425736070565,6.670222491829157,0,3,-0.5928741589771284,51,0.12811633661312918,9.020666428475966,8.704903462284665,3,9.439154326023056,7.502927510756317,1.0362741491114051,20.732228772186545,1009003222.6186262
