data_examples/final_simulated_panel.csv
store_id,store_size,area_income,manager_experience,manager_vacant,base_competitors,store_fe,week,week_fe,price,competitor_price,competitor_count,ad_spend,ad_spend_lag,relative_price,log_sales,sales
25,0.9295732899023541,66.90485354067768,5.7137421182990185,1,2,-0.933446447939322,0,0.048845901334352015,9.132266993840895,8.357531741901926,2,7.624269925709765,0.0,1.0926990498946836,20.00462045973446,487412068.45565456
25,0.9295732899023541,66.90485354067768,5.7137421182990185,1,2,-0.933446447939322,1,0.13563566401577118,9.926701349641833,9.631286524518984,3,7.471888243214671,7.624269925709765,1.0306724158159757,20.07173285486936,521246103.0411862
25,0.9295732899023541,66.90485354067768,5.7137421182990185,1,2,-0.933446447939322,2,-0.11710587627041394,8.640830799079737,8.305252817656903,3,10.106126460914378,7.471888243214671,1.0404055106798673,20.44123311967854,754249007.1625938
25,0.9295732899023541,66.90485354067768,5.7137421182990185,1,2,-0.933446447939322,3,-0.18173462462506965,8.802741255802395,9.37249084572454,2,8.916372674731313,10.106126460914378,0.9392104405007716,20.460477583210466,768904692.7709951
25,0.9295732899023541,66.90485354067768,5.7137421182990185,1,2,-0.933446447939322,4,-0.39836764222427296,9.601263292245884,9.351631886549821,2,10.675649201328273,8.916372674731313,1.02669388709099,19.866901559465298,424703382.4014786
25,0.9295732899023541,66.90485354067768,5.7137421182990185,1,2,-0.933446447939322,5,0.1943245963972403,9.142691581216884,8.511810600468017,2,5.293517577282342,10.675649201328273,1.0741183057708283,20.260108424926603,629293566.3399348
25,0.9295732899023541,66.90485354067768,5.7137421182990185,1,2,-0.933446447939322,6,0.0033314601152094115,10.833711204207226,11.182358302359052,2,9.762014602038947,5.293517577282342,0.9688216842346865,20.30602753721932,658863894.149097
25,0.9295732899023541,66.90485354067768,5.7137421182990185,1,2,-0.933446447939322,7,0.04114626898936563,10.814881384510187,11.25494160743725,2,10.125143008992211,9.762014602038947,0.9609007102590145,20.341419606412614,682600008.1746359
25,0.9295732899023541,66.90485354067768,5.7137421182990185,1,2,-0.933446447939322,8,-0.1567189753011227,7.685432625347293,8.417273645682254,2,10.367977436538709,10.125143008992211,0.9130548618066648,20.76768134788485,1045416646.7076272
25,0.9295732899023541,66.90485354067768,5.7137421182990185,1,2,-0.933446447939322,9,0.24529960585719213,10.714467186229994,10.74693908527255,2,5.080642723779931,10.367977436538709,0.9969784978974102,20.934103917139797,1234712414.4792848
25,0.9295732899023541,66.90485354067768,5.7137421182990185,1,2,-0.933446447939322,10,0.18864011553560334,9.442379198387524,9.180677103262136,2,11.73225416315481,5.080642723779931,1.0285057509573448,20.975709066517606,1287166421.0908942
25,0.9295732899023541,66.90485354067768,5.7137421182990185,1,2,-0.933446447939322,11,-0.024364776297538047,9.970265240233129,9.827979425230858,2,8.873533049882834,11.73225416315481,1.014477626462769,20.330035273303977,674873128.4400902
25,0.9295732899023541,66.90485354067768,5.7137421182990185,1,2,-0.933446447939322,12,-0.11117269158045646,11.526217206251694,10.560277131587998,3,8.393421267978415,8.873533049882834,1.091469197505657,20.430799694410243,746420516.5137068
25,0.9295732899023541,66.90485354067768,5.7137421182990185,1,2,-0.933446447939322,13,-0.07133827681171602,10.330706101584031,10.325178608837732,2,6.158992525867711,8.393421267978415,1.0005353411263578,20.326086194777307,672213256.9378302
25,0.9295732899023541,66.90485354067768,5.7137421182990185,1,2,-0.933446447939322,14,-0.15972510848492985,9.946566858006404,9.303984053789888,3,9.472741790839384,6.158992525867711,1.0690653380854374,20.609747442804387,892687776.0344309
25,0.9295732899023541,66.90485354067768,5.7137421182990185,1,2,-0.933446447939322,15,0.005312829848108214,9.398625919729481,9.226104556260658,2,6.394656532019937,9.472741790839384,1.0186992638568955,20.46317247513927,770979602.3944197
25,0.9295732899023541,66.90485354067768,5.7137421182990185,1,2,-0.933446447939322,16,-0.12323354394010944,10.375367022845985,10.189114375875853,3,9.38416088635883,6.394656532019937,1.0182795717173527,19.773544573533822,386848837.3527319
25,0.9295732899023541,66.90485354067768,5.7137421182990185,1,2,-0.933446447939322,17,0.11710850410840844,10.808646068596966,9.88136394197964,2,8.125905010416243,9.38416088635883,1.0938415113603794,20.217842067340587,603249882.2885461
25,0.9295732899023541,66.90485354067768,5.7137421182990185,1,2,-0.933446447939322,18,-0.07189371493174873,11.080543949089734,11.368888855149766,2,8.52901698679032,8.125905010416243,0.9746373713619848,20.289943278697518,648351327.0041673
25,0.9295732899023541,66.90485354067768,5.7137421182990185,1,2,-0.933446447939322,19,-0.07079141278787165,9.822658450779972,9.332307692725925,2,4.007041402090971,8.52901698679032,1.0525433552128003,20.121395509322852,547786137.83871
25,0.9295732899023541,66.90485354067768,5.7137421182990185,1,2,-0.933446447939322,20,0.3074506008403983,12.20702485623111,12.355346353170134,3,7.556570283418824,4.007041402090971,0.9879953590373476,20.221170643603514,605261191.0676641
25,0.9295732899023541,66.90485354067768,5.7137421182990185,1,2,-0.933446447939322,21,-0.14514390451041106,10.23317060391756,10.031143278667914,2,9.091849203039345,7.556570283418824,1.0201400099307998,19.901412972637694,439616349.97052515
25,0.9295732899023541,66.90485354067768,5.7137421182990185,1,2,-0.933446447939322,22,-0.31358317758909293,12.097693138170674,12.42789978512635,2,7.328361428534998,9.091849203039345,0.97343021325688,20.153083220995704,565422174.1630627
25,0.9295732899023541,66.90485354067768,5.7137421182990185,1,2,-0.933446447939322,23,0.07324303848148955,10.458453115579038,10.023963763013128,2,8.548327562536699,7.328361428534998,1.0433450641720303,20.76117566184206,1038637569.4043003
25,0.9295732899023541,66.90485354067768,5.7137421182990185,1,2,-0.933446447939322,24,-0.4155737022818746,12.021290750017052,12.716370781473936,3,9.331408757993087,8.548327562536699,0.9453397479987353,19.45620619010857,281658581.1059452
25,0.9295732899023541,66.90485354067768,5.7137421182990185,1,2,-0.933446447939322,25,0.05287572716514413,11.98216981135035,11.828760343925234,3,9.20081991943747,9.331408757993087,1.0129691922876687,20.033128287550973,501507082.32564014
25,0.9295732899023541,66.90485354067768,5.7137421182990185,1,2,-0.933446447939322,26,0.19634402837852838,9.636764420025013,10.109251639591779,2,7.5155420667919,9.20081991943747,0.953261899454919,20.501133964105712,800809752.3142364
25,0.9295732899023541,66.90485354067768,5.7137421182990185,1,2,-0.933446447939322,27,0.01402300615082264,10.276307354001922,10.954716394508463,2,9.067575849317937,7.5155420667919,0.9380715103819006,20.26456223112012,632102568.6558256
25,0.9295732899023541,66.90485354067768,5.7137421182990185,1,2,-0.933446447939322,28,0.0018550148592412774,10.271126177248092,9.826068745843369,3,8.2285972758719,9.067575849317937,1.0452935393509222,19.825909143611195,407645769.6495664
25,0.9295732899023541,66.90485354067768,5.7137421182990185,1,2,-0.933446447939322,29,-0.41012187044991083,11.164919565293287,11.55694360036234,2,11.785411994220155,8.2285972758719,0.9660789176944014,20.52052244675329,816487733.3051875
25,0.9295732899023541,66.90485354067768,5.7137421182990185,1,2,-0.933446447939322,30,0.11106073711175773,9.6139440287424,9.105239908745528,2,9.593826475856863,11.785411994220155,1.0558693812678417,21.10035822495946,1458039008.4757807
25,0.9295732899023541,66.90485354067768,5.7137421182990185,1,2,-0.933446447939322,31,0.07925851344932232,9.35690793230239,9.19721354387932,2,9.373542860579406,9.593826475856863,1.017363344632717,20.56511058751465,853717232.5643971
25,0.9295732899023541,66.90485354067768,5.7137421182990185,1,2,-0.933446447939322,32,-0.2343995516749002,13.433706505227612,13.586167394414176,2,5.713463592405406,9.373542860579406,0.9887782267978498,19.377413194410696,260317655.30199218
25,0.9295732899023541,66.90485354067768,5.7137421182990185,1,2,-0.933446447939322,33,0.3826341494492407,11.23572133166893,11.347243017072692,4,7.555316017446784,5.713463592405406,0.9901719135444645,20.199682613239307,592394059.964716
25,0.9295732899023541,66.90485354067768,5.7137421182990185,1,2,-0.933446447939322,34,-0.2448032401480451,11.676283787476274,11.475006336857344,2,11.33949958726916,7.555316017446784,1.017540508886033,20.195508390970964,589926429.2904581
25,0.9295732899023541,66.90485354067768,5.7137421182990185,1,2,-0.933446447939322,35,-0.33585807234342985,10.746567194814354,10.121898732001634,2,9.217350134644006,11.33949958726916,1.0617145536970996,20.084647518348593,528021477.7228325
25,0.9295732899023541,66.90485354067768,5.7137421182990185,1,2,-0.933446447939322,36,-0.36221155398213295,10.905845949519415,10.894169268869566,2,8.984766457770965,9.217350134644006,1.0010718284581106,19.589027455499345,321667015.63150513
25,0.9295732899023541,66.90485354067768,5.7137421182990185,1,2,-0.933446447939322,37,0.005194181464211946,11.322674722826136,10.823300235937026,2,8.699502109282053,8.984766457770965,1.0461388371386962,20.219024676946493,603963713.4026731
25,0.9295732899023541,66.90485354067768,5.7137421182990185,1,2,-0.933446447939322,38,0.0675742500294194,10.888016712266419,11.48945917990235,3,9.511697804331483,8.699502109282053,0.947652673792689,20.128610746453372,551752837.8519032
25,0.9295732899023541,66.90485354067768,5.7137421182990185,1,2,-0.933446447939322,39,0.08819478218692851,10.391475521910928,9.949343962211344,3,7.407930113316828,9.511697804331483,1.0444382626009159,19.67117780604441,349207830.5886454
25,0.9295732899023541,66.90485354067768,5.7137421182990185,1,2,-0.933446447939322,40,-0.06747199564309786,10.326713691865473,10.13282618425633,2,9.140801944991303,7.407930113316828,1.0191345932599132,19.869449479915694,425786872.5720747
25,0.9295732899023541,66.90485354067768,5.7137421182990185,1,2,-0.933446447939322,41,-0.16253500440717236,12.006679505702753,11.990311867240674,2,6.639278055917973,9.140801944991303,1.0013650719550338,19.83259565118113,410380629.3146234
25,0.9295732899023541,66.90485354067768,5.7137421182990185,1,2,-0.933446447939322,42,0.16855291640160835,9.95546624621208,8.79019982860096,2,4.037000724874632,6.639278055917973,1.1325642693377294,20.176813486058606,579000260.8519126
25,0.9295732899023541,66.90485354067768,5.7137421182990185,1,2,-0.933446447939322,43,-0.17951707731235617,11.298957214318364,10.931794922158598,2,8.082269591278132,4.037000724874632,1.0335866428865705,20.287252522436432,646609116.59459
25,0.9295732899023541,66.90485354067768,5.7137421182990185,1,2,-0.933446447939322,44,-0.2419680411959665,10.741781375101782,11.103284060510278,2,5.8789908705151905,8.082269591278132,0.9674418232084857,19.64822968062415,341285415.4524496
25,0.9295732899023541,66.90485354067768,5.7137421182990185,1,2,-0.933446447939322,45,0.2802631334986427,10.435130182518014,11.008106432301753,3,12.666839360809131,5.8789908705151905,0.9479496084719512,21.400129009182166,1967695718.781564
25,0.9295732899023541,66.90485354067768,5.7137421182990185,1,2,-0.933446447939322,46,0.035514301628569965,11.496063070648896,11.649844693589518,2,12.050533978746266,12.666839360809131,0.9867996847180939,20.94839421395971,1252483495.9618466
25,0.9295732899023541,66.90485354067768,5.7137421182990185,1,2,-0.933446447939322,47,0.09425797907819627,10.249106681049941,10.333888070159203,2,11.43659770659549,12.050533978746266,0.9917957898775697,21.111908937293233,1474978038.2321815
25,0.9295732899023541,66.90485354067768,5.7137421182990185,1,2,-0.933446447939322,48,0.12516814092890055,8.595570806024432,8.55471789120299,2,8.065957089492166,11.43659770659549,1.0047754835800549,20.940566126360405,1242717220.9391832
25,0.9295732899023541,66.90485354067768,5.7137421182990185,1,2,-0.933446447939322,49,-0.11435942179986343,11.535912575052286,11.271784740583547,2,9.543018716270623,8.065957089492166,1.0234326542377765,20.30693344661953,659461035.5814457
25,0.9295732899023541,66.90485354067768,5.7137421182990185,1,2,-0.933446447939322,50,-0.10657251720030408,10.855521625781348,11.550298844147301,2,8.889864012150698,9.543018716270623,0.9398476846581327,21.257036105645483,1705349830.2119236
25,0.9295732899023541,66.90485354067768,5.7137421182990185,1,2,-0.933446447939322,51,0.12811633661312918,11.06116002612189,11.684730620865684,4,5.056910995803034,8.889864012150698,0.9466337209665517,20.50990664843829,807865908.9456818
