data_examples/final_simulated_panel.csv
store_id,store_size,area_income,manager_experience,manager_vacant,base_competitors,store_fe,week,week_fe,price,competitor_price,competitor_count,ad_spend,ad_spend_lag,relative_price,log_sales,sales
26,1.1064618371106698,55.727473536634655,7.926605782439124,0,1,-0.2713057760620707,0,0.048845901334352015,11.161578308735027,10.693025890713594,2,6.240971317006805,0.0,1.0438185058944214,20.968529361228303,1277958041.8101113
26,1.1064618371106698,55.727473536634655,7.926605782439124,0,1,-0.2713057760620707,1,0.13563566401577118,9.973350069639055,9.922344577560338,1,10.38961838880048,6.240971317006805,1.0051404677271607,21.12458370612248,1493792023.480696
26,1.1064618371106698,55.727473536634655,7.926605782439124,0,1,-0.2713057760620707,2,-0.11710587627041394,11.346888765686801,11.78798943843402,1,6.3737785302731345,10.38961838880048,0.9625804998340908,20.898162557580736,1191123191.811815
26,1.1064618371106698,55.727473536634655,7.926605782439124,0,1,-0.2713057760620707,3,-0.18173462462506965,9.825202525592998,9.92929956900838,1,6.576961554696335,6.3737785302731345,0.9895161745607622,20.57426126504883,861565175.9022094
26,1.1064618371106698,55.727473536634655,7.926605782439124,0,1,-0.2713057760620707,4,-0.39836764222427296,12.256038460965932,12.384036740639983,1,5.296925600600072,6.576961554696335,0.9896642522664677,20.400780105581827,724346267.1659808
26,1.1064618371106698,55.727473536634655,7.926605782439124,0,1,-0.2713057760620707,5,0.1943245963972403,8.889609703257955,9.273764772074102,1,8.338414614796555,5.296925600600072,0.9585761469847773,21.147354928156332,1528197736.70476
26,1.1064618371106698,55.727473536634655,7.926605782439124,0,1,-0.2713057760620707,6,0.0033314601152094115,10.051545756612823,10.224157997915249,1,8.533443387279544,8.338414614796555,0.9831172169544307,21.134909207029462,1509296080.201767
26,1.1064618371106698,55.727473536634655,7.926605782439124,0,1,-0.2713057760620707,7,0.04114626898936563,9.781840165534973,9.321320958796,1,9.708056373640872,8.533443387279544,1.049404929706278,20.92535490919628,1223957023.8620045
26,1.1064618371106698,55.727473536634655,7.926605782439124,0,1,-0.2713057760620707,8,-0.1567189753011227,8.819058500077883,9.086390367837527,1,7.919765827050582,9.708056373640872,0.970578870493403,21.10989818842866,1472015207.5689847
26,1.1064618371106698,55.727473536634655,7.926605782439124,0,1,-0.2713057760620707,9,0.24529960585719213,9.077519422564666,9.366821360401959,1,8.132923300140368,7.919765827050582,0.969114182206964,21.970472227108665,3480605908.129706
26,1.1064618371106698,55.727473536634655,7.926605782439124,0,1,-0.2713057760620707,10,0.18864011553560334,10.057579735296486,10.148080152716641,2,6.249871490404799,8.132923300140368,0.9910820159026899,21.240483703893563,1677354528.6154337
26,1.1064618371106698,55.727473536634655,7.926605782439124,0,1,-0.2713057760620707,11,-0.024364776297538047,8.329540671646438,8.252269532114816,1,7.214141292331871,6.249871490404799,1.0093636228471343,20.801743862888056,1081639586.8897336
26,1.1064618371106698,55.727473536634655,7.926605782439124,0,1,-0.2713057760620707,12,-0.11117269158045646,10.016170570078211,9.90885002832117,1,7.82926444100778,7.214141292331871,1.0108307766744173,20.983483576713923,1297212510.6676733
26,1.1064618371106698,55.727473536634655,7.926605782439124,0,1,-0.2713057760620707,13,-0.07133827681171602,10.776434935648359,10.180423491440367,1,8.274193489281936,7.82926444100778,1.0585448576583396,21.586138020780464,2369957882.362464
26,1.1064618371106698,55.727473536634655,7.926605782439124,0,1,-0.2713057760620707,14,-0.15972510848492985,8.928641701732596,8.452699528573909,2,9.70103932260916,8.274193489281936,1.0563065292395393,21.084081147666225,1434498499.916207
26,1.1064618371106698,55.727473536634655,7.926605782439124,0,1,-0.2713057760620707,15,0.005312829848108214,9.249662612336815,8.874217104591827,1,8.596978196389935,9.70103932260916,1.0423074512737265,20.619214762283022,901179268.8179588
26,1.1064618371106698,55.727473536634655,7.926605782439124,0,1,-0.2713057760620707,16,-0.12323354394010944,8.597161490653008,9.590566413400609,1,8.032557283444481,8.596978196389935,0.8964185346384186,21.152732928747707,1536438524.655457
26,1.1064618371106698,55.727473536634655,7.926605782439124,0,1,-0.2713057760620707,17,0.11710850410840844,9.57150053717736,9.874704276758452,1,6.47539713545568,8.032557283444481,0.9692949043249097,21.716474985733097,2699884917.048964
26,1.1064618371106698,55.727473536634655,7.926605782439124,0,1,-0.2713057760620707,18,-0.07189371493174873,9.863033607937563,9.709716103325082,1,5.896946364369773,6.47539713545568,1.0157901119848374,20.74416102819978,1021115024.2430663
26,1.1064618371106698,55.727473536634655,7.926605782439124,0,1,-0.2713057760620707,19,-0.07079141278787165,9.237088982708087,9.668792527309108,1,6.246130334111607,5.896946364369773,0.9553508317215731,21.21787382835726,1639855275.6886601
26,1.1064618371106698,55.727473536634655,7.926605782439124,0,1,-0.2713057760620707,20,0.3074506008403983,9.336569175603255,9.752855347648236,1,8.43283473533239,6.246130334111607,0.9573164824857817,21.75186576813264,2797146893.8122096
26,1.1064618371106698,55.727473536634655,7.926605782439124,0,1,-0.2713057760620707,21,-0.14514390451041106,10.222522538340652,10.122888598257912,1,9.324861023823575,8.43283473533239,1.0098424416228275,21.02799401887294,1356256297.9241047
26,1.1064618371106698,55.727473536634655,7.926605782439124,0,1,-0.2713057760620707,22,-0.31358317758909293,10.439737213208382,10.86402020101329,1,6.872687035620796,9.324861023823575,0.9609460420770081,20.68257982186215,960130549.1343505
26,1.1064618371106698,55.727473536634655,7.926605782439124,0,1,-0.2713057760620707,23,0.07324303848148955,8.900635023345707,8.695852665418165,1,7.95431440295984,6.872687035620796,1.0235494281937325,20.80150084956473,1081376765.994864
26,1.1064618371106698,55.727473536634655,7.926605782439124,0,1,-0.2713057760620707,24,-0.4155737022818746,9.580597713744428,8.736860214073195,1,9.487365349237281,7.95431440295984,1.0965721642555473,20.53707892658063,830118422.7426981
26,1.1064618371106698,55.727473536634655,7.926605782439124,0,1,-0.2713057760620707,25,0.05287572716514413,9.405270177900121,9.284971627968165,1,6.950865798128808,9.487365349237281,1.0129562646771686,21.514280362630522,2205632962.8427258
26,1.1064618371106698,55.727473536634655,7.926605782439124,0,1,-0.2713057760620707,26,0.19634402837852838,8.522081248788037,8.855713435859101,1,3.701691894313198,6.950865798128808,0.9623257697431694,21.658130086358764,2546867695.4845014
26,1.1064618371106698,55.727473536634655,7.926605782439124,0,1,-0.2713057760620707,27,0.01402300615082264,10.069549638905146,10.975315490510356,1,6.767218526760541,3.701691894313198,0.9174724542188908,21.660383560164107,2552613466.6628833
26,1.1064618371106698,55.727473536634655,7.926605782439124,0,1,-0.2713057760620707,28,0.0018550148592412774,10.551188608545035,9.660170056526637,1,9.624056645698113,6.767218526760541,1.0922363215972999,21.252785285990246,1698116081.2083228
26,1.1064618371106698,55.727473536634655,7.926605782439124,0,1,-0.2713057760620707,29,-0.41012187044991083,10.383779964200476,9.452819929189177,1,10.184574137235366,9.624056645698113,1.0984849010120892,20.831745060532572,1114581751.286058
26,1.1064618371106698,55.727473536634655,7.926605782439124,0,1,-0.2713057760620707,30,0.11106073711175773,9.29684031584635,8.574174538220937,1,6.483004961761791,10.184574137235366,1.0842840059301333,21.43481480114494,2037144279.614399
26,1.1064618371106698,55.727473536634655,7.926605782439124,0,1,-0.2713057760620707,31,0.07925851344932232,11.249210760504102,10.964871901854885,1,8.849907046462642,6.483004961761791,1.0259317994039783,21.296084345291526,1773257957.025147
26,1.1064618371106698,55.727473536634655,7.926605782439124,0,1,-0.2713057760620707,32,-0.2343995516749002,11.001684032399043,11.402478576967875,1,8.74492261805993,8.849907046462642,0.9648502260395906,21.307430420412306,1793492046.6982927
26,1.1064618371106698,55.727473536634655,7.926605782439124,0,1,-0.2713057760620707,33,0.3826341494492407,9.504182162538807,10.496282307279536,1,9.643011637617775,8.74492261805993,0.9054808058989922,21.376298621710337,1921359070.332042
26,1.1064618371106698,55.727473536634655,7.926605782439124,0,1,-0.2713057760620707,34,-0.2448032401480451,9.878292121474681,10.57436160848069,1,8.140566218843302,9.643011637617775,0.9341738524954776,21.22741888746714,1655582731.5666556
26,1.1064618371106698,55.727473536634655,7.926605782439124,0,1,-0.2713057760620707,35,-0.33585807234342985,11.080476972198682,10.229053283755567,1,6.989598004121023,8.140566218843302,1.083235824941418,20.833862672809015,1116944504.0999258
26,1.1064618371106698,55.727473536634655,7.926605782439124,0,1,-0.2713057760620707,36,-0.36221155398213295,9.743319825022427,9.214114649580091,1,4.415400439141569,6.989598004121023,1.0574341860904077,20.062018725924652,516207165.2546104
26,1.1064618371106698,55.727473536634655,7.926605782439124,0,1,-0.2713057760620707,37,0.005194181464211946,11.362691135189195,11.812407707490856,1,6.512551662174394,4.415400439141569,0.9619284583263688,20.789630908216072,1068616767.2436212
26,1.1064618371106698,55.727473536634655,7.926605782439124,0,1,-0.2713057760620707,38,0.0675742500294194,11.755863216047056,11.659161546751907,1,8.877194009156849,6.512551662174394,1.0082940500401667,20.63265714286799,913375050.0459505
26,1.1064618371106698,55.727473536634655,7.926605782439124,0,1,-0.2713057760620707,39,0.08819478218692851,10.204419964117891,10.413391447135282,1,6.4610927377560685,8.877194009156849,0.9799324279627576,21.13660099582286,1511851651.530103
26,1.1064618371106698,55.727473536634655,7.926605782439124,0,1,-0.2713057760620707,40,-0.06747199564309786,10.340361065896062,10.027833904595747,1,8.242669523757206,6.4610927377560685,1.0311659690690613,20.68417234689239,961660799.2235199
26,1.1064618371106698,55.727473536634655,7.926605782439124,0,1,-0.2713057760620707,41,-0.16253500440717236,10.335250132147285,10.97294351632935,1,8.872128500598551,8.242669523757206,0.9418849296696841,21.2539208501315,1700045496.2177467
26,1.1064618371106698,55.727473536634655,7.926605782439124,0,1,-0.2713057760620707,42,0.16855291640160835,11.606553840315684,11.184766890935904,1,6.19897343423081,8.872128500598551,1.037710839527786,20.672723790306325,950713953.504494
26,1.1064618371106698,55.727473536634655,7.926605782439124,0,1,-0.2713057760620707,43,-0.17951707731235617,11.174278541758817,11.052084373990821,1,10.23281117046037,6.19897343423081,1.0110562101801863,21.002199617721224,1321719817.7093713
26,1.1064618371106698,55.727473536634655,7.926605782439124,0,1,-0.2713057760620707,44,-0.2419680411959665,9.337512053715951,8.88232865191932,1,9.463656199669279,10.23281117046037,1.0512459535820344,20.818433591107908,1099843342.9491448
26,1.1064618371106698,55.727473536634655,7.926605782439124,0,1,-0.2713057760620707,45,0.2802631334986427,9.012156797258765,9.600796273487958,1,6.732054963283392,9.463656199669279,0.9386884733868703,22.04418046126806,3746846767.7326117
26,1.1064618371106698,55.727473536634655,7.926605782439124,0,1,-0.2713057760620707,46,0.035514301628569965,9.738231376568482,9.409776860166398,1,7.372232636680434,6.732054963283392,1.0349056647445598,20.432619065678526,747779768.6727313
26,1.1064618371106698,55.727473536634655,7.926605782439124,0,1,-0.2713057760620707,47,0.09425797907819627,10.035987326694109,10.317009027737173,1,6.653979021560575,7.372232636680434,0.9727613206223296,21.570298831233426,2332715394.272061
26,1.1064618371106698,55.727473536634655,7.926605782439124,0,1,-0.2713057760620707,48,0.12516814092890055,9.382491265058825,9.994214251268586,1,9.300411275947852,6.653979021560575,0.9387922881348962,21.662271004962,2557435933.3097157
26,1.1064618371106698,55.727473536634655,7.926605782439124,0,1,-0.2713057760620707,49,-0.11435942179986343,11.249238277781405,11.337964235644245,1,8.933611887079472,9.300411275947852,0.9921744366079491,21.433770567717293,2035018135.7491295
26,1.1064618371106698,55.727473536634655,7.926605782439124,0,1,-0.2713057760620707,50,-0.10657251720030408,10.479972402337502,9.617271779335981,2,8.78717040487039,8.933611887079472,1.089703259177426,20.331265848170965,675704121.5451031
26,1.1064618371106698,55.727473536634655,7.926605782439124,0,1,-0.2713057760620707,51,0.12811633661312918,11.302524416289035,11.982620791372417,1,8.476815616394651,8.78717040487039,0.9432431029134247,21.093208917769182,1447652213.1453474
