data_examples/final_simulated_panel.csv
store_id,store_size,area_income,manager_experience,manager_vacant,base_competitors,store_fe,week,week_fe,price,competitor_price,competitor_count,ad_spend,ad_spend_lag,relative_price,log_sales,sales
27,1.0730888128728158,61.585396910767145,2.622473891354298,0,6,0.29977355989109616,0,0.048845901334352015,10.944443103498067,11.211102005112672,6,7.183784816573981,0.0,0.9762147466419449,20.897551442999678,1190395501.4352086
27,1.0730888128728158,61.585396910767145,2.622473891354298,0,6,0.29977355989109616,1,0.13563566401577118,9.085891127239114,9.704880533406026,6,6.286885870089337,7.183784816573981,0.9362187505517214,21.082436191678234,1432140752.7458165
27,1.0730888128728158,61.585396910767145,2.622473891354298,0,6,0.29977355989109616,2,-0.11710587627041394,11.98056534413469,11.686120771151195,7,10.960616128429393,6.286885870089337,1.0251960919067662,20.355915052681713,692566660.9424702
27,1.0730888128728158,61.585396910767145,2.622473891354298,0,6,0.29977355989109616,3,-0.18173462462506965,11.582432802790304,11.7798975366223,6,8.375152617209213,10.960616128429393,0.9832371433437259,20.607602931927435,890775448.6253546
27,1.0730888128728158,61.585396910767145,2.622473891354298,0,6,0.29977355989109616,4,-0.39836764222427296,9.805944151397453,10.99785767925506,6,8.66794898168385,8.375152617209213,0.8916231176453684,20.752660071044385,1029830508.7589345
27,1.0730888128728158,61.585396910767145,2.622473891354298,0,6,0.29977355989109616,5,0.1943245963972403,9.17112241229384,7.938860232073665,6,6.3981389756417055,8.66794898168385,1.1552190294573688,21.695605128211145,2644122603.206367
27,1.0730888128728158,61.585396910767145,2.622473891354298,0,6,0.29977355989109616,6,0.0033314601152094115,9.21760702416616,9.568437239461856,7,8.380281210440994,6.3981389756417055,0.9633346379857295,21.0827394380727,1432575110.1207802
27,1.0730888128728158,61.585396910767145,2.622473891354298,0,6,0.29977355989109616,7,0.04114626898936563,10.54539267959273,10.518014954866645,6,7.649974527606784,8.380281210440994,1.002602936470766,21.18532551538565,1587340030.3745368
27,1.0730888128728158,61.585396910767145,2.622473891354298,0,6,0.29977355989109616,8,-0.1567189753011227,9.510903779239932,10.672138064977048,7,9.454090200374182,7.649974527606784,0.8911900990535383,21.17711871934549,1574366363.4343548
27,1.0730888128728158,61.585396910767145,2.622473891354298,0,6,0.29977355989109616,9,0.24529960585719213,10.34451819441717,11.110264625526991,6,6.78881315001969,9.454090200374182,0.9310775704342416,21.451381314489147,2071173754.1012168
27,1.0730888128728158,61.585396910767145,2.622473891354298,0,6,0.29977355989109616,10,0.18864011553560334,11.819122139606197,11.288571937528818,6,10.693383182986388,6.78881315001969,1.0469988768298997,20.546885174272635,838298813.5251312
27,1.0730888128728158,61.585396910767145,2.622473891354298,0,6,0.29977355989109616,11,-0.024364776297538047,9.989662543142863,9.940166161066628,6,13.34837233859372,10.693383182986388,1.0049794320612166,21.287510417347512,1758119163.2792733
27,1.0730888128728158,61.585396910767145,2.622473891354298,0,6,0.29977355989109616,12,-0.11117269158045646,9.733120093492541,9.398659384309545,6,10.54261020154634,13.34837233859372,1.0355860017377965,21.189634824004752,1594195128.206622
27,1.0730888128728158,61.585396910767145,2.622473891354298,0,6,0.29977355989109616,13,-0.07133827681171602,10.50902800450206,9.94941326133929,6,8.297294940057526,10.54261020154634,1.0562460045093593,20.91199758874375,1207716941.12833
27,1.0730888128728158,61.585396910767145,2.622473891354298,0,6,0.29977355989109616,14,-0.15972510848492985,10.39929295774763,9.623175160337098,7,8.57643518324741,8.297294940057526,1.080650906221616,20.52826498687503,822833958.5881213
27,1.0730888128728158,61.585396910767145,2.622473891354298,0,6,0.29977355989109616,15,0.005312829848108214,9.09716612695972,8.73161718453976,6,11.881166950829211,8.57643518324741,1.0418649758337097,21.337708428915153,1848625873.4088686
27,1.0730888128728158,61.585396910767145,2.622473891354298,0,6,0.29977355989109616,16,-0.12323354394010944,8.35934675681186,8.795085962216865,6,9.611978045509273,11.881166950829211,0.9504565154590969,21.385418484745596,1938961746.8908203
27,1.0730888128728158,61.585396910767145,2.622473891354298,0,6,0.29977355989109616,17,0.11710850410840844,9.922685052964177,9.17918219352147,6,7.576392490505928,9.611978045509273,1.0809988127229309,20.473666692764446,779113032.4757035
27,1.0730888128728158,61.585396910767145,2.622473891354298,0,6,0.29977355989109616,18,-0.07189371493174873,9.706560789178907,10.278493714395385,6,7.5206324524150325,7.576392490505928,0.9443563482054315,20.97820400787024,1290381835.289596
27,1.0730888128728158,61.585396910767145,2.622473891354298,0,6,0.29977355989109616,19,-0.07079141278787165,9.635620828849108,8.462353264368764,7,9.603581604764223,7.5206324524150325,1.1386455431281104,21.0757015214093,1422528162.1436267
27,1.0730888128728158,61.585396910767145,2.622473891354298,0,6,0.29977355989109616,20,0.3074506008403983,10.173912239591912,9.57985971996185,6,5.676049921033922,9.603581604764223,1.0620105656027736,21.61132143925481,2430399391.06099
27,1.0730888128728158,61.585396910767145,2.622473891354298,0,6,0.29977355989109616,21,-0.14514390451041106,10.608345533507155,11.249285796041505,6,6.259040035601265,5.676049921033922,0.9430239151040246,20.525951671553578,820932684.156223
27,1.0730888128728158,61.585396910767145,2.622473891354298,0,6,0.29977355989109616,22,-0.31358317758909293,9.32427269227055,9.766274803687121,6,11.341185166877178,6.259040035601265,0.9547419952539428,20.89530410317622,1187723282.0363812
27,1.0730888128728158,61.585396910767145,2.622473891354298,0,6,0.29977355989109616,23,0.07324303848148955,10.901518419773096,11.16283796836586,6,7.233746842426064,11.341185166877178,0.9765902229044878,21.323696861310513,1822904347.2705252
27,1.0730888128728158,61.585396910767145,2.622473891354298,0,6,0.29977355989109616,24,-0.4155737022818746,9.349815469391704,9.17369061290622,6,12.880129791236126,7.233746842426064,1.01919890956838,21.129832528869752,1501653286.1722224
27,1.0730888128728158,61.585396910767145,2.622473891354298,0,6,0.29977355989109616,25,0.05287572716514413,10.031544446951713,10.04583599972424,7,9.804929028269827,12.880129791236126,0.9985773655101557,21.10171092713809,1460012635.58297
27,1.0730888128728158,61.585396910767145,2.622473891354298,0,6,0.29977355989109616,26,0.19634402837852838,10.415867199424659,11.804359309519844,6,10.149056603687853,9.804929028269827,0.8823746318044208,21.6466991848021,2517920463.260235
27,1.0730888128728158,61.585396910767145,2.622473891354298,0,6,0.29977355989109616,27,0.01402300615082264,10.956672778424686,12.167961268621058,6,7.362735294439505,10.149056603687853,0.9004526343028341,21.29685334800124,1774622121.655042
27,1.0730888128728158,61.585396910767145,2.622473891354298,0,6,0.29977355989109616,28,0.0018550148592412774,11.467191492216868,11.935136123302525,6,5.95720152848652,7.362735294439505,0.9607926858771197,20.431181053587085,746705225.1121303
27,1.0730888128728158,61.585396910767145,2.622473891354298,0,6,0.29977355989109616,29,-0.41012187044991083,10.681705844100502,11.031249607870974,6,4.306668209903394,5.95720152848652,0.9683133120729073,20.088118539180943,529857435.7529224
27,1.0730888128728158,61.585396910767145,2.622473891354298,0,6,0.29977355989109616,30,0.11106073711175773,10.20966882929071,9.933109050027369,6,8.640522291215065,4.306668209903394,1.0278422171618642,20.548578116952783,839719207.3486844
27,1.0730888128728158,61.585396910767145,2.622473891354298,0,6,0.29977355989109616,31,0.07925851344932232,10.684384618489513,10.243728702614694,6,7.677976727973451,8.640522291215065,1.0430171404053625,20.854035924527523,1139705718.6888142
27,1.0730888128728158,61.585396910767145,2.622473891354298,0,6,0.29977355989109616,32,-0.2343995516749002,10.676433716076152,10.310602898248423,7,10.300421247826943,7.677976727973451,1.0354810306863702,20.680048189831677,957702926.1034244
27,1.0730888128728158,61.585396910767145,2.622473891354298,0,6,0.29977355989109616,33,0.3826341494492407,9.659522350583659,8.796210542388954,6,6.449827273179772,10.300421247826943,1.0981458781636029,20.798142376464362,1077751083.0022519
27,1.0730888128728158,61.585396910767145,2.622473891354298,0,6,0.29977355989109616,34,-0.2448032401480451,10.315498147042147,10.4901232002509,6,8.098043124722107,6.449827273179772,0.9833533839521945,20.72627112495854,1003009808.4173858
27,1.0730888128728158,61.585396910767145,2.622473891354298,0,6,0.29977355989109616,35,-0.33585807234342985,10.012605763711038,8.987836230304804,6,8.107394159534415,8.098043124722107,1.1140173793944932,20.805877026386497,1086119431.7368898
27,1.0730888128728158,61.585396910767145,2.622473891354298,0,6,0.29977355989109616,36,-0.36221155398213295,10.610975953267664,10.249047896010866,6,6.709274788560954,8.107394159534415,1.0353133345583903,20.105366239882574,539075525.1248416
27,1.0730888128728158,61.585396910767145,2.622473891354298,0,6,0.29977355989109616,37,0.005194181464211946,8.691643799289885,7.836753676980507,6,7.311442714323383,6.709274788560954,1.1090872774042282,20.975203031880312,1286515235.073097
27,1.0730888128728158,61.585396910767145,2.622473891354298,0,6,0.29977355989109616,38,0.0675742500294194,8.94743222062116,8.973567339915547,6,7.799247357235435,7.311442714323383,0.9970875440831501,21.369165154285493,1907701887.4406781
27,1.0730888128728158,61.585396910767145,2.622473891354298,0,6,0.29977355989109616,39,0.08819478218692851,8.18419618334181,8.41083201282996,6,10.612187533316542,7.799247357235435,0.9730542912826652,21.5848034019422,2366797001.6814036
27,1.0730888128728158,61.585396910767145,2.622473891354298,0,6,0.29977355989109616,40,-0.06747199564309786,11.157487781980027,10.718418518492893,6,11.283573467177098,10.612187533316542,1.0409639969487654,21.157140801472075,1543225898.070514
27,1.0730888128728158,61.585396910767145,2.622473891354298,0,6,0.29977355989109616,41,-0.16253500440717236,9.971584723136077,9.618155509752738,6,11.56368820983128,11.283573467177098,1.036746048972172,21.43394214771976,2035367334.122751
27,1.0730888128728158,61.585396910767145,2.622473891354298,0,6,0.29977355989109616,42,0.16855291640160835,10.374367346602977,10.534188100575998,7,9.069488717769465,11.56368820983128,0.9848283747691687,20.68847329529132,965805759.9398245
27,1.0730888128728158,61.585396910767145,2.622473891354298,0,6,0.29977355989109616,43,-0.17951707731235617,8.47598507411156,7.948912322101279,6,11.0531046640406,9.069488717769465,1.0663075312259764,21.22954832918832,1659111954.8121133
27,1.0730888128728158,61.585396910767145,2.622473891354298,0,6,0.29977355989109616,44,-0.2419680411959665,10.949359391622542,10.445100225301639,6,10.895631330470833,11.0531046640406,1.0482771017456982,21.048800035734576,1384770190.9890542
27,1.0730888128728158,61.585396910767145,2.622473891354298,0,6,0.29977355989109616,45,0.2802631334986427,10.653769590169338,10.75218261897106,6,5.762210595226039,10.895631330470833,0.990847157987432,21.300867399785822,1781759862.7967482
27,1.0730888128728158,61.585396910767145,2.622473891354298,0,6,0.29977355989109616,46,0.035514301628569965,11.751974327707881,11.846794487477894,6,8.76945121567897,5.762210595226039,0.9919961336486222,20.92214773565595,1220037869.3442657
27,1.0730888128728158,61.585396910767145,2.622473891354298,0,6,0.29977355989109616,47,0.09425797907819627,11.940581080775623,11.875200080203442,6,8.6501525279555,8.76945121567897,1.0055056757048813,20.99553566533533,1312941222.3342807
27,1.0730888128728158,61.585396910767145,2.622473891354298,0,6,0.29977355989109616,48,0.12516814092890055,10.854568424097284,11.100367340592975,6,6.339796865014836,8.6501525279555,0.9778566862740814,20.801696900000675,1081588791.1643934
27,1.0730888128728158,61.585396910767145,2.622473891354298,0,6,0.29977355989109616,49,-0.11435942179986343,10.592241300438104,10.384167316915047,6,9.75808260631594,6.339796865014836,1.0200376185372244,20.85056472071443,1135756426.2173438
27,1.0730888128728158,61.585396910767145,2.622473891354298,0,6,0.29977355989109616,50,-0.10657251720030408,10.805724740812604,11.055916838522688,6,5.457032361522712,9.75808260631594,0.9773702985139752,20.928348734630625,1227626828.1662855
27,1.0730888128728158,61.585396910767145,2.622473891354298,0,6,0.29977355989109616,51,0.12811633661312918,10.397307688464913,11.111939140189271,6,9.58476830639805,5.457032361522712,0.9356879620461829,20.871668187398303,1159979520.7677748
