data_examples/final_simulated_panel.csv
store_id,store_size,area_income,manager_experience,manager_vacant,base_competitors,store_fe,week,week_fe,price,competitor_price,competitor_count,ad_spend,ad_spend_lag,relative_price,log_sales,sales
29,1.0861642006015766,56.90653460279761,3.1468481171889504,0,5,0.07911603277674085,0,0.048845901334352015,8.248753261917857,8.616869176702153,5,7.819867085786159,0.0,0.9572796212597043,20.85313903609408,1138683988.0698729
29,1.0861642006015766,56.90653460279761,3.1468481171889504,0,5,0.07911603277674085,1,0.13563566401577118,11.009004696153808,11.234505767161599,5,6.770920738847188,7.819867085786159,0.9799278156350296,20.479134286796615,783384573.1262145
29,1.0861642006015766,56.90653460279761,3.1468481171889504,0,5,0.07911603277674085,2,-0.11710587627041394,8.48871736658869,9.582101719023944,5,11.991956411179462,6.770920738847188,0.8858930551462952,21.7670057230952,2839817774.337322
29,1.0861642006015766,56.90653460279761,3.1468481171889504,0,5,0.07911603277674085,3,-0.18173462462506965,10.300832546846221,10.488498748143781,5,8.836411100032876,11.991956411179462,0.9821074296899952,20.913993925299195,1210130358.8019714
29,1.0861642006015766,56.90653460279761,3.1468481171889504,0,5,0.07911603277674085,4,-0.39836764222427296,10.195065742213544,10.101919249930349,5,11.125407929562014,8.836411100032876,1.009220672822527,20.76858108906607,1046357674.3934027
29,1.0861642006015766,56.90653460279761,3.1468481171889504,0,5,0.07911603277674085,5,0.1943245963972403,10.216948359519428,9.661716325327063,5,10.58294439373472,11.125407929562014,1.0574672258527078,21.13465557814745,1508913327.6649182
29,1.0861642006015766,56.90653460279761,3.1468481171889504,0,5,0.07911603277674085,6,0.0033314601152094115,10.843466348556326,10.548851027815111,5,8.975494147602365,10.58294439373472,1.0279286644549606,20.60435486102232,887886840.5491666
29,1.0861642006015766,56.90653460279761,3.1468481171889504,0,5,0.07911603277674085,7,0.04114626898936563,10.830854102187025,10.950060568391198,5,10.961714080048637,8.975494147602365,0.9891136249466713,21.296683152084125,1774320113.9164865
29,1.0861642006015766,56.90653460279761,3.1468481171889504,0,5,0.07911603277674085,8,-0.1567189753011227,9.186399110648193,9.287218663544675,5,8.667115263015166,10.961714080048637,0.9891442684242774,20.715641210095633,992404366.8809366
29,1.0861642006015766,56.90653460279761,3.1468481171889504,0,5,0.07911603277674085,9,0.24529960585719213,9.082188821817384,9.347954895834077,6,9.579770348170783,8.667115263015166,0.9715696024447945,21.224005490628045,1649941204.5666597
29,1.0861642006015766,56.90653460279761,3.1468481171889504,0,5,0.07911603277674085,10,0.18864011553560334,10.128703170678898,10.477678511023038,5,7.789537659850206,9.579770348170783,0.9666934483648262,21.018980587278314,1344086701.858852
29,1.0861642006015766,56.90653460279761,3.1468481171889504,0,5,0.07911603277674085,11,-0.024364776297538047,8.361021798665906,7.915708452050265,7,5.690611422154873,7.789537659850206,1.0562569161450481,20.714964686015033,991733208.482057
29,1.0861642006015766,56.90653460279761,3.1468481171889504,0,5,0.07911603277674085,12,-0.11117269158045646,11.388764319401595,11.494393273932136,8,8.252453475975743,5.690611422154873,0.9908103932053469,20.497599661456306,797984443.9733187
29,1.0861642006015766,56.90653460279761,3.1468481171889504,0,5,0.07911603277674085,13,-0.07133827681171602,9.876500089031339,9.681516812114834,6,7.387463647367531,8.252453475975743,1.0201397447012142,20.26679804945136,633517416.2477529
29,1.0861642006015766,56.90653460279761,3.1468481171889504,0,5,0.07911603277674085,14,-0.15972510848492985,12.438503844999937,12.716166501554461,5,9.941327805783233,7.387463647367531,0.9781645941392336,20.43932439024765,752810722.9687564
29,1.0861642006015766,56.90653460279761,3.1468481171889504,0,5,0.07911603277674085,15,0.005312829848108214,10.655452849632082,11.798989556157169,5,10.12796674718049,9.941327805783233,0.9030818104311021,20.83947294972874,1123228483.0203893
29,1.0861642006015766,56.90653460279761,3.1468481171889504,0,5,0.07911603277674085,16,-0.12323354394010944,9.476099817776044,9.17202606395524,5,7.357443015839863,10.12796674718049,1.0331522993611815,20.262295039924734,630671094.6034386
29,1.0861642006015766,56.90653460279761,3.1468481171889504,0,5,0.07911603277674085,17,0.11710850410840844,9.077081648343604,9.960731936940986,5,6.987635238459337,7.357443015839863,0.9112866108443074,20.544392786073573,836212049.0488389
29,1.0861642006015766,56.90653460279761,3.1468481171889504,0,5,0.07911603277674085,18,-0.07189371493174873,11.408728073149428,11.320547332775305,5,6.796230963199784,6.987635238459337,1.0077894414273434,21.121533521362682,1489242623.5986218
29,1.0861642006015766,56.90653460279761,3.1468481171889504,0,5,0.07911603277674085,19,-0.07079141278787165,6.858392706880926,6.75779759732013,5,10.549468649864677,6.796230963199784,1.0148857831434146,21.027209574539114,1355192807.5350246
29,1.0861642006015766,56.90653460279761,3.1468481171889504,0,5,0.07911603277674085,20,0.3074506008403983,9.687233187998032,10.504974099717547,5,4.911121749230393,10.549468649864677,0.9221567893497709,21.21715202164274,1638672044.2234085
29,1.0861642006015766,56.90653460279761,3.1468481171889504,0,5,0.07911603277674085,21,-0.14514390451041106,12.27251422743849,11.2934915009103,5,9.880913969988832,4.911121749230393,1.0866891099576492,20.530611326158315,824766872.9784863
29,1.0861642006015766,56.90653460279761,3.1468481171889504,0,5,0.07911603277674085,22,-0.31358317758909293,10.085964283884618,11.288907215260114,5,5.271808417274667,9.880913969988832,0.8934402676505852,20.929908734648556,1229543420.5936644
29,1.0861642006015766,56.90653460279761,3.1468481171889504,0,5,0.07911603277674085,23,0.07324303848148955,10.849400607728729,11.045357645443715,5,9.517755884501064,5.271808417274667,0.982258877982478,20.994845996319793,1312036039.6281285
29,1.0861642006015766,56.90653460279761,3.1468481171889504,0,5,0.07911603277674085,24,-0.4155737022818746,10.165675298004446,9.343522733782956,5,9.134525274721824,9.517755884501064,1.0879917122959277,20.574556802179988,861819838.0318058
29,1.0861642006015766,56.90653460279761,3.1468481171889504,0,5,0.07911603277674085,25,0.05287572716514413,10.74848709611746,10.868668864628363,5,9.116052469187027,9.134525274721824,0.9889423654351979,21.02160428000711,1347617802.6014578
29,1.0861642006015766,56.90653460279761,3.1468481171889504,0,5,0.07911603277674085,26,0.19634402837852838,9.363876307208017,9.022696124174015,5,8.872268219256421,9.116052469187027,1.0378135513308373,20.93042759851566,1230181551.7849376
29,1.0861642006015766,56.90653460279761,3.1468481171889504,0,5,0.07911603277674085,27,0.01402300615082264,10.291021085089378,9.367462981411762,5,9.901641700122711,8.872268219256421,1.0985921273999448,21.021265271617953,1347161026.2908723
29,1.0861642006015766,56.90653460279761,3.1468481171889504,0,5,0.07911603277674085,28,0.0018550148592412774,11.47395507960374,11.762800277086768,5,7.856815055254286,9.901641700122711,0.975444180749572,20.424937629185546,742057750.6632693
29,1.0861642006015766,56.90653460279761,3.1468481171889504,0,5,0.07911603277674085,29,-0.41012187044991083,10.225861502509563,9.942159133621908,5,10.204756302175193,7.856815055254286,1.0285352874636902,20.325167595237893,671596045.6780101
29,1.0861642006015766,56.90653460279761,3.1468481171889504,0,5,0.07911603277674085,30,0.11106073711175773,10.37304887210948,9.74140652316694,5,8.42161907436704,10.204756302175193,1.0648409803492311,20.71544965207784,992214282.0742835
29,1.0861642006015766,56.90653460279761,3.1468481171889504,0,5,0.07911603277674085,31,0.07925851344932232,11.482560889654604,12.496189738200332,5,5.1915170984999115,8.42161907436704,0.9188849665552766,20.78301621387155,1061571520.7212694
29,1.0861642006015766,56.90653460279761,3.1468481171889504,0,5,0.07911603277674085,32,-0.2343995516749002,11.326459928366917,11.13855041842205,5,5.6098667688183035,5.1915170984999115,1.01687019431488,20.595200702350393,879796072.1165935
29,1.0861642006015766,56.90653460279761,3.1468481171889504,0,5,0.07911603277674085,33,0.3826341494492407,10.478544622795376,10.58379603986583,5,7.563029430616301,5.6098667688183035,0.990055418993903,20.70807332592324,984922312.9488288
29,1.0861642006015766,56.90653460279761,3.1468481171889504,0,5,0.07911603277674085,34,-0.2448032401480451,9.476579508528829,10.154541579238098,5,4.481485815245411,7.563029430616301,0.9332355808069736,20.760020779147336,1037438757.2262677
29,1.0861642006015766,56.90653460279761,3.1468481171889504,0,5,0.07911603277674085,35,-0.33585807234342985,9.20186156308449,9.14946139377028,5,6.705389264864144,4.481485815245411,1.005727131582837,19.692707668997574,356807746.32892
29,1.0861642006015766,56.90653460279761,3.1468481171889504,0,5,0.07911603277674085,36,-0.36221155398213295,10.523647692749966,10.339277508371541,5,9.766050869304479,6.705389264864144,1.017832018168498,20.649262617910335,928668704.418413
29,1.0861642006015766,56.90653460279761,3.1468481171889504,0,5,0.07911603277674085,37,0.005194181464211946,10.34539213875504,9.990270602314085,5,7.589240457580927,9.766050869304479,1.035546738479606,20.617334107315138,899486054.2243763
29,1.0861642006015766,56.90653460279761,3.1468481171889504,0,5,0.07911603277674085,38,0.0675742500294194,12.08147382517592,12.782133199880302,5,9.527952638603576,7.589240457580927,0.9451844724391587,20.748893045726742,1025958408.8875941
29,1.0861642006015766,56.90653460279761,3.1468481171889504,0,5,0.07911603277674085,39,0.08819478218692851,13.532277271431399,13.708361891369687,6,8.776707001429793,9.527952638603576,0.9871549481014835,20.503217728820157,802480191.2154816
29,1.0861642006015766,56.90653460279761,3.1468481171889504,0,5,0.07911603277674085,40,-0.06747199564309786,12.016952920696752,12.459424613508085,5,10.524735951608733,8.776707001429793,0.964486988240884,20.825596044839735,1107749198.8709054
29,1.0861642006015766,56.90653460279761,3.1468481171889504,0,5,0.07911603277674085,41,-0.16253500440717236,9.869373478863343,9.247590604464582,5,9.688551622792616,10.524735951608733,1.0672372838497601,20.845699662583964,1130244324.401684
29,1.0861642006015766,56.90653460279761,3.1468481171889504,0,5,0.07911603277674085,42,0.16855291640160835,10.089724293212054,9.909948458915585,5,7.481625808228965,9.688551622792616,1.018140945438998,21.004859213979994,1325239737.499614
29,1.0861642006015766,56.90653460279761,3.1468481171889504,0,5,0.07911603277674085,43,-0.17951707731235617,8.770775065824902,9.423000126757909,5,8.971907952751588,7.481625808228965,0.9307837151481168,21.29911545134182,1778641044.1799676
29,1.0861642006015766,56.90653460279761,3.1468481171889504,0,5,0.07911603277674085,44,-0.2419680411959665,10.673964819525185,11.008176805136442,5,12.132199666151903,8.971907952751588,0.9696396604517369,21.063924110097947,1405872734.3070133
29,1.0861642006015766,56.90653460279761,3.1468481171889504,0,5,0.07911603277674085,45,0.2802631334986427,10.67458446835314,10.731776906927326,5,6.336345140018023,12.132199666151903,0.9946707391450461,21.18227885491802,1582511303.735666
29,1.0861642006015766,56.90653460279761,3.1468481171889504,0,5,0.07911603277674085,46,0.035514301628569965,11.366134757686897,11.247559473679472,6,10.56934698140132,6.336345140018023,1.0105423122487065,20.70956200108563,986389634.2443976
29,1.0861642006015766,56.90653460279761,3.1468481171889504,0,5,0.07911603277674085,47,0.09425797907819627,9.47859020125199,9.321614176140045,5,8.840238735832735,10.56934698140132,1.0168400045470394,21.17467521397535,1570524086.9940526
29,1.0861642006015766,56.90653460279761,3.1468481171889504,0,5,0.07911603277674085,48,0.12516814092890055,10.741562056993414,11.253238961945794,5,9.41830260804649,8.840238735832735,0.954530699411727,21.317376527098787,1811419315.4119866
29,1.0861642006015766,56.90653460279761,3.1468481171889504,0,5,0.07911603277674085,49,-0.11435942179986343,10.44035790860272,9.872425833208135,5,9.396640508826996,9.41830260804649,1.057527104785555,21.17145326294214,1565472078.3219595
29,1.0861642006015766,56.90653460279761,3.1468481171889504,0,5,0.07911603277674085,50,-0.10657251720030408,11.443327098412407,11.272270863212336,5,8.36325191150532,9.396640508826996,1.0151749578479632,20.6325865022872,913310530.9807942
29,1.0861642006015766,56.90653460279761,3.1468481171889504,0,5,0.07911603277674085,51,0.12811633661312918,9.013733518242656,8.998680251838111,5,7.948347142940996,8.36325191150532,1.0016728304577185,20.961616717760425,1269154436.648425
