data_examples/final_simulated_panel.csv
store_id,store_size,area_income,manager_experience,manager_vacant,base_competitors,store_fe,week,week_fe,price,competitor_price,competitor_count,ad_spend,ad_spend_lag,relative_price,log_sales,sales
30,1.4283295201740922,64.56775237557412,4.220380393688464,0,2,0.43568699868431704,0,0.048845901334352015,11.342880843440016,11.63272368450399,3,11.596050148483124,0.0,0.9750838368618627,21.40808086800649,1983404933.2975001
30,1.4283295201740922,64.56775237557412,4.220380393688464,0,2,0.43568699868431704,1,0.13563566401577118,10.063635552736617,10.621028975298508,2,4.77503916354973,11.596050148483124,0.947519828459349,22.3824741061544,5255148534.03868
30,1.4283295201740922,64.56775237557412,4.220380393688464,0,2,0.43568699868431704,2,-0.11710587627041394,9.985168485851752,10.39376251518659,2,10.063018313080526,4.77503916354973,0.9606885351923492,21.78871642432429,2902146360.0125375
30,1.4283295201740922,64.56775237557412,4.220380393688464,0,2,0.43568699868431704,3,-0.18173462462506965,8.811324095562195,9.621741457043237,3,8.504554300221283,10.063018313080526,0.9157722783241276,21.525456134658466,2230420868.005484
30,1.4283295201740922,64.56775237557412,4.220380393688464,0,2,0.43568699868431704,4,-0.39836764222427296,9.837849325054341,9.845362298876594,3,7.428943738952362,8.504554300221283,0.999236902249589,21.586642157269583,2371152965.8259196
30,1.4283295201740922,64.56775237557412,4.220380393688464,0,2,0.43568699868431704,5,0.1943245963972403,10.349914910489622,9.746941751504377,2,6.681595557909749,7.428943738952362,1.06186280521192,22.096835299057386,3949422880.7963114
30,1.4283295201740922,64.56775237557412,4.220380393688464,0,2,0.43568699868431704,6,0.0033314601152094115,9.791432096085023,10.511090313563964,2,9.609196498936818,6.681595557909749,0.9315334379203019,21.783353272926348,2886623372.977414
30,1.4283295201740922,64.56775237557412,4.220380393688464,0,2,0.43568699868431704,7,0.04114626898936563,10.246742154550192,9.997722109490212,2,9.14342843914066,9.609196498936818,1.0249076782023778,22.06726597492877,3834350801.5858073
30,1.4283295201740922,64.56775237557412,4.220380393688464,0,2,0.43568699868431704,8,-0.1567189753011227,8.899302127387314,8.934957782436394,2,7.8558218052417725,9.14342843914066,0.996009420982473,22.071318313907856,3849920416.1703
30,1.4283295201740922,64.56775237557412,4.220380393688464,0,2,0.43568699868431704,9,0.24529960585719213,10.05959816939248,9.868849061553105,3,10.23789434792717,7.8558218052417725,1.0193284046244553,22.285963351185636,4771675562.766333
30,1.4283295201740922,64.56775237557412,4.220380393688464,0,2,0.43568699868431704,10,0.18864011553560334,9.141606429001442,9.78033603376216,2,3.2557951961076066,10.23789434792717,0.9346924683818844,21.968831172363586,3474898727.467189
30,1.4283295201740922,64.56775237557412,4.220380393688464,0,2,0.43568699868431704,11,-0.024364776297538047,8.207205241649952,8.20932041520304,2,5.3714200462160395,3.2557951961076066,0.9997423448658221,21.37278356300146,1914617236.3118198
30,1.4283295201740922,64.56775237557412,4.220380393688464,0,2,0.43568699868431704,12,-0.11117269158045646,8.698054688431393,8.527000511113375,2,7.103974375067315,5.3714200462160395,1.0200602987058673,22.129509729141397,4080599411.4447994
30,1.4283295201740922,64.56775237557412,4.220380393688464,0,2,0.43568699868431704,13,-0.07133827681171602,9.821267545977442,9.925347902946012,2,8.881424975250628,7.103974375067315,0.9895136817382817,21.529525016514167,2239514675.273318
30,1.4283295201740922,64.56775237557412,4.220380393688464,0,2,0.43568699868431704,14,-0.15972510848492985,10.490903248903834,11.217239408560609,2,12.362558960893926,8.881424975250628,0.9352482252360184,22.21822201747855,4459141151.374288
30,1.4283295201740922,64.56775237557412,4.220380393688464,0,2,0.43568699868431704,15,0.005312829848108214,10.217157146989065,9.754907725833787,2,8.670587590900631,12.362558960893926,1.0473863448170924,22.36866545424238,5183080741.861068
30,1.4283295201740922,64.56775237557412,4.220380393688464,0,2,0.43568699868431704,16,-0.12323354394010944,11.528246349426766,12.799354805044048,2,8.163671015215185,8.670587590900631,0.9006896460815075,21.533442776191553,2248305765.0090427
30,1.4283295201740922,64.56775237557412,4.220380393688464,0,2,0.43568699868431704,17,0.11710850410840844,10.507375409681458,10.82432820168437,2,4.622508222039839,8.163671015215185,0.9707184791427896,22.102395259549557,3971442673.845026
30,1.4283295201740922,64.56775237557412,4.220380393688464,0,2,0.43568699868431704,18,-0.07189371493174873,10.244490830244798,9.619403533850047,2,8.585654018096772,4.622508222039839,1.0649819184937102,21.824911447099968,3009113779.980636
30,1.4283295201740922,64.56775237557412,4.220380393688464,0,2,0.43568699868431704,19,-0.07079141278787165,9.680879728637096,9.010158213140945,2,7.136800011984681,8.585654018096772,1.0744405924546288,21.899941466766357,3243573421.180177
30,1.4283295201740922,64.56775237557412,4.220380393688464,0,2,0.43568699868431704,20,0.3074506008403983,10.744405614947999,11.174862374879389,4,6.451251861040855,7.136800011984681,0.9614799050322947,21.501399401364306,2177404485.346179
30,1.4283295201740922,64.56775237557412,4.220380393688464,0,2,0.43568699868431704,21,-0.14514390451041106,10.138013544842318,9.644682037483637,2,9.068148517960395,6.451251861040855,1.0511506242965158,22.22415690706565,4485684349.324876
30,1.4283295201740922,64.56775237557412,4.220380393688464,0,2,0.43568699868431704,22,-0.31358317758909293,8.327368493535683,8.685690524760696,2,9.484885716863449,9.068148517960395,0.9587457059166996,22.055575629824336,3789786908.6305223
30,1.4283295201740922,64.56775237557412,4.220380393688464,0,2,0.43568699868431704,23,0.07324303848148955,10.17479942270398,9.856432169084396,2,7.80571522751153,9.484885716863449,1.0323004560025455,21.617671501409315,2445881682.9878073
30,1.4283295201740922,64.56775237557412,4.220380393688464,0,2,0.43568699868431704,24,-0.4155737022818746,10.219714868638444,10.122724535872313,2,10.42300431327031,7.80571522751153,1.0095814454322471,21.747815469741735,2785840526.7858295
30,1.4283295201740922,64.56775237557412,4.220380393688464,0,2,0.43568699868431704,25,0.05287572716514413,10.129826277156605,9.831037371811473,2,10.319005607707485,10.42300431327031,1.0303924086589122,22.248428747904235,4595892229.527723
30,1.4283295201740922,64.56775237557412,4.220380393688464,0,2,0.43568699868431704,26,0.19634402837852838,13.05107717013605,13.258604984645503,2,10.170097797084855,10.319005607707485,0.984347688557749,21.681674595408595,2607543938.229883
30,1.4283295201740922,64.56775237557412,4.220380393688464,0,2,0.43568699868431704,27,0.01402300615082264,10.916606015494331,11.721958245625894,2,9.873190971727261,10.170097797084855,0.9312954189687475,21.771684307039507,2853135229.3042893
30,1.4283295201740922,64.56775237557412,4.220380393688464,0,2,0.43568699868431704,28,0.0018550148592412774,11.15519439822574,11.825869738563998,2,8.506499063647912,9.873190971727261,0.9432874405718173,22.008697641659005,3616229124.911362
30,1.4283295201740922,64.56775237557412,4.220380393688464,0,2,0.43568699868431704,29,-0.41012187044991083,10.953491223194357,11.80940730103594,2,9.113333578740543,8.506499063647912,0.9275225203074755,21.888897023553042,3207947057.537247
30,1.4283295201740922,64.56775237557412,4.220380393688464,0,2,0.43568699868431704,30,0.11106073711175773,9.866075922685484,9.770337719353751,4,4.739081680243838,9.113333578740543,1.0097988632616135,21.660196159091196,2552135148.9805284
30,1.4283295201740922,64.56775237557412,4.220380393688464,0,2,0.43568699868431704,31,0.07925851344932232,10.586319337621504,9.903566072362992,3,9.370002494832953,4.739081680243838,1.0689401434059,21.389835825740516,1947545747.3733327
30,1.4283295201740922,64.56775237557412,4.220380393688464,0,2,0.43568699868431704,32,-0.2343995516749002,10.616161970238776,10.21583669946082,2,11.066277937491183,9.370002494832953,1.0391867335544904,21.78588598066142,2893943612.422885
30,1.4283295201740922,64.56775237557412,4.220380393688464,0,2,0.43568699868431704,33,0.3826341494492407,10.650709872558295,10.86310669338663,2,9.586321526838738,11.066277937491183,0.9804478749198293,22.538030918867243,6139633697.0643015
30,1.4283295201740922,64.56775237557412,4.220380393688464,0,2,0.43568699868431704,34,-0.2448032401480451,9.634342950693641,9.216797103216429,2,10.015609530675784,9.586321526838738,1.045302705788272,22.665220175767207,6972364025.731604
30,1.4283295201740922,64.56775237557412,4.220380393688464,0,2,0.43568699868431704,35,-0.33585807234342985,10.71567811154821,11.124337879706065,3,9.183670909067226,10.015609530675784,0.963264351318979,21.563115275987077,2316018248.59998
30,1.4283295201740922,64.56775237557412,4.220380393688464,0,2,0.43568699868431704,36,-0.36221155398213295,10.060621509316638,10.631070456416206,2,8.031502943805236,9.183670909067226,0.9463413445110522,21.57121108908563,2334844403.16233
30,1.4283295201740922,64.56775237557412,4.220380393688464,0,2,0.43568699868431704,37,0.005194181464211946,9.181721199974263,10.031678732094278,2,13.298341834632858,8.031502943805236,0.9152726522829372,22.519350499196815,6026007361.01836
30,1.4283295201740922,64.56775237557412,4.220380393688464,0,2,0.43568699868431704,38,0.0675742500294194,9.363560206570222,9.516384405675886,2,7.002284201294404,13.298341834632858,0.9839409388491585,22.760690557555453,7670829211.933421
30,1.4283295201740922,64.56775237557412,4.220380393688464,0,2,0.43568699868431704,39,0.08819478218692851,9.993606386886777,10.226992114357142,2,10.592866785129662,7.002284201294404,0.9771794360589438,22.045757739852306,3752761252.066373
30,1.4283295201740922,64.56775237557412,4.220380393688464,0,2,0.43568699868431704,40,-0.06747199564309786,10.336615777123574,9.949833888527223,2,11.865816652513606,10.592866785129662,1.0388732005910506,21.619855197726967,2451228581.6891236
30,1.4283295201740922,64.56775237557412,4.220380393688464,0,2,0.43568699868431704,41,-0.16253500440717236,9.101265507159372,8.666597618613311,3,10.852366630691698,11.865816652513606,1.050154386724096,21.76780028758333,2842075089.365997
30,1.4283295201740922,64.56775237557412,4.220380393688464,0,2,0.43568699868431704,42,0.16855291640160835,8.842265376011227,9.131214857002918,2,10.70227363619708,10.852366630691698,0.9683558556537425,23.026471967801154,10006212307.446365
30,1.4283295201740922,64.56775237557412,4.220380393688464,0,2,0.43568699868431704,43,-0.17951707731235617,9.42533725753906,9.24452478727978,2,9.562151181514912,10.70227363619708,1.019558871269194,21.99089824039264,3552431872.4321413
30,1.4283295201740922,64.56775237557412,4.220380393688464,0,2,0.43568699868431704,44,-0.2419680411959665,9.891590240243971,9.519411077587236,3,13.21999422807733,9.562151181514912,1.0390968684536592,21.967528336120697,3470374451.300109
30,1.4283295201740922,64.56775237557412,4.220380393688464,0,2,0.43568699868431704,45,0.2802631334986427,11.984534166466831,12.171513467142704,2,8.41697547462156,13.21999422807733,0.9846379580336803,22.08259995257154,3893599751.1523347
30,1.4283295201740922,64.56775237557412,4.220380393688464,0,2,0.43568699868431704,46,0.035514301628569965,10.94506099264582,9.787278754013034,3,9.031299704194492,8.41697547462156,1.1182946013628217,21.789069779174273,2903172028.7060447
30,1.4283295201740922,64.56775237557412,4.220380393688464,0,2,0.43568699868431704,47,0.09425797907819627,8.190482010415153,8.242364462702522,3,8.57679880982602,9.031299704194492,0.9937053921211392,22.331829787771245,4995632100.91974
30,1.4283295201740922,64.56775237557412,4.220380393688464,0,2,0.43568699868431704,48,0.12516814092890055,9.93428264868079,10.470560934566404,3,7.9048694075741235,8.57679880982602,0.9487822773548644,22.245242500311974,4581271883.367498
30,1.4283295201740922,64.56775237557412,4.220380393688464,0,2,0.43568699868431704,49,-0.11435942179986343,10.620880266646934,10.282825886357665,2,7.1403921857613435,7.9048694075741235,1.0328756301064834,21.29907031084824,1778560757.257442
30,1.4283295201740922,64.56775237557412,4.220380393688464,0,2,0.43568699868431704,50,-0.10657251720030408,11.551149150601143,11.041302516524993,2,9.6541297940877,7.1403921857613435,1.0461763123791858,21.30211833190247,1783990118.0914314
30,1.4283295201740922,64.56775237557412,4.220380393688464,0,2,0.43568699868431704,51,0.12811633661312918,10.395324084560475,10.900538218501032,2,10.101067255295169,9.6541297940877,0.9536523680011435,22.700856919213994,7225316810.689901
