data_examples/final_simulated_panel.csv
store_id,store_size,area_income,manager_experience,manager_vacant,base_competitors,store_fe,week,week_fe,price,competitor_price,competitor_count,ad_spend,ad_spend_lag,relative_price,log_sales,sales
31,0.9187169967230768,53.380740589333485,2.2466277048873824,0,2,0.5310744529070767,0,0.048845901334352015,11.686270049769552,11.813244956589816,2,9.893736248558618,0.0,0.9892514793956395,21.42149235071821,2010184509.7867424
31,0.9187169967230768,53.380740589333485,2.2466277048873824,0,2,0.5310744529070767,1,0.13563566401577118,9.188844843465182,9.639872529463785,2,7.911811551861402,9.893736248558618,0.9532122769652752,22.252659707963893,4615378459.65142
31,0.9187169967230768,53.380740589333485,2.2466277048873824,0,2,0.5310744529070767,2,-0.11710587627041394,12.005732940581451,11.647062668949065,3,11.830343630320568,7.911811551861402,1.0307949121445528,21.356270427188463,1883260513.307093
31,0.9187169967230768,53.380740589333485,2.2466277048873824,0,2,0.5310744529070767,3,-0.18173462462506965,9.577259984165277,10.054822273415423,2,6.780393701849692,11.830343630320568,0.9525041540999881,21.830326308799147,3025451909.371397
31,0.9187169967230768,53.380740589333485,2.2466277048873824,0,2,0.5310744529070767,4,-0.39836764222427296,9.876435242246881,9.42347073251829,2,9.537288795757403,6.780393701849692,1.0480676942270868,20.938181344409227,1239757142.3141842
31,0.9187169967230768,53.380740589333485,2.2466277048873824,0,2,0.5310744529070767,5,0.1943245963972403,10.339700828096925,10.440868810455523,2,11.077768000190963,9.537288795757403,0.9903103865975896,21.39424430882245,1956150422.6989362
31,0.9187169967230768,53.380740589333485,2.2466277048873824,0,2,0.5310744529070767,6,0.0033314601152094115,9.43914519980177,9.77364508096859,2,6.707446044005354,11.077768000190963,0.9657753194027718,21.232441523613044,1663919038.8309417
31,0.9187169967230768,53.380740589333485,2.2466277048873824,0,2,0.5310744529070767,7,0.04114626898936563,8.882222820814265,9.097901830594681,2,4.074594208030814,6.707446044005354,0.9762935439625074,21.867403671066185,3139733218.720585
31,0.9187169967230768,53.380740589333485,2.2466277048873824,0,2,0.5310744529070767,8,-0.1567189753011227,10.431527614070351,12.195909103072722,2,13.765189071695827,4.074594208030814,0.8553300558334073,22.051552236753302,3774569739.0964417
31,0.9187169967230768,53.380740589333485,2.2466277048873824,0,2,0.5310744529070767,9,0.24529960585719213,10.236303557479431,10.341748636751383,3,9.023255910437772,13.765189071695827,0.9898039409991815,21.687710360042356,2623330052.423527
31,0.9187169967230768,53.380740589333485,2.2466277048873824,0,2,0.5310744529070767,10,0.18864011553560334,11.612873343081503,11.867722827627832,2,8.972684413842675,9.023255910437772,0.9785258310926301,21.594148903536514,2389019585.6910057
31,0.9187169967230768,53.380740589333485,2.2466277048873824,0,2,0.5310744529070767,11,-0.024364776297538047,10.91616319101613,11.527274638941329,2,5.973251899261193,8.972684413842675,0.9469856087352384,21.420869856173603,2008933570.2876468
31,0.9187169967230768,53.380740589333485,2.2466277048873824,0,2,0.5310744529070767,12,-0.11117269158045646,9.430302567272221,8.631256831449999,2,7.4232771631593435,5.973251899261193,1.092575826606238,21.250936211239964,1694979038.846239
31,0.9187169967230768,53.380740589333485,2.2466277048873824,0,2,0.5310744529070767,13,-0.07133827681171602,10.62641703359618,11.107029243954138,2,11.74313519323276,7.4232771631593435,0.9567290046868682,21.88736115440541,3203023852.291641
31,0.9187169967230768,53.380740589333485,2.2466277048873824,0,2,0.5310744529070767,14,-0.15972510848492985,9.248836962630778,9.11809107032615,2,7.435532912960317,11.74313519323276,1.0143391737696201,21.95178180098777,3416156074.1663036
31,0.9187169967230768,53.380740589333485,2.2466277048873824,0,2,0.5310744529070767,15,0.005312829848108214,8.41068123491633,8.468965574846392,2,6.068965996036535,7.435532912960317,0.993117891504581,21.841230517855163,3058622590.8322687
31,0.9187169967230768,53.380740589333485,2.2466277048873824,0,2,0.5310744529070767,16,-0.12323354394010944,9.811866422643162,10.017973335764028,2,5.390133700598461,6.068965996036535,0.9794262865139531,21.434625183331224,2036758037.390232
31,0.9187169967230768,53.380740589333485,2.2466277048873824,0,2,0.5310744529070767,17,0.11710850410840844,9.463383774020775,8.854543644909207,2,6.330473174749439,5.390133700598461,1.068760192905211,21.079565210946644,1428035000.8272305
31,0.9187169967230768,53.380740589333485,2.2466277048873824,0,2,0.5310744529070767,18,-0.07189371493174873,9.350589968461412,9.68906952250525,2,7.47729727377021,6.330473174749439,0.9650658349331032,21.82024040057815,2995090845.910423
31,0.9187169967230768,53.380740589333485,2.2466277048873824,0,2,0.5310744529070767,19,-0.07079141278787165,11.018502854205048,11.052924861123635,2,11.941131817149522,7.47729727377021,0.9968857105832991,21.521372027946324,2221330167.499055
31,0.9187169967230768,53.380740589333485,2.2466277048873824,0,2,0.5310744529070767,20,0.3074506008403983,10.003386169408495,10.147767432011102,2,8.316464147443233,11.941131817149522,0.985772115534777,22.003450695390388,3597304656.249627
31,0.9187169967230768,53.380740589333485,2.2466277048873824,0,2,0.5310744529070767,21,-0.14514390451041106,9.120729109709378,9.778346847089722,2,7.935393273171813,8.316464147443233,0.9327475546057086,21.88602027449914,3198731860.134879
31,0.9187169967230768,53.380740589333485,2.2466277048873824,0,2,0.5310744529070767,22,-0.31358317758909293,9.562187199669106,9.360765287016413,2,7.320260917835897,7.935393273171813,1.021517675796451,21.44852124326648,2065258512.6880653
31,0.9187169967230768,53.380740589333485,2.2466277048873824,0,2,0.5310744529070767,23,0.07324303848148955,10.320583472559607,10.549563638074192,2,6.772098061696754,7.320260917835897,0.9782948211537226,21.627779058877678,2470728933.628116
31,0.9187169967230768,53.380740589333485,2.2466277048873824,0,2,0.5310744529070767,24,-0.4155737022818746,7.983512258523165,8.570476063730029,2,9.091355738637708,6.772098061696754,0.9315132787441207,21.059390484141428,1399513459.3664138
31,0.9187169967230768,53.380740589333485,2.2466277048873824,0,2,0.5310744529070767,25,0.05287572716514413,10.55050243754526,10.51606816384062,2,7.944681634872003,9.091355738637708,1.0032744437529457,21.26905753924795,1725974299.4305074
31,0.9187169967230768,53.380740589333485,2.2466277048873824,0,2,0.5310744529070767,26,0.19634402837852838,10.30978123881897,10.940431055737768,2,9.573537119354294,7.944681634872003,0.9423560357260282,21.57098119153452,2334307689.8487267
31,0.9187169967230768,53.380740589333485,2.2466277048873824,0,2,0.5310744529070767,27,0.01402300615082264,10.567787682854242,10.113901541117176,2,4.38881696800803,9.573537119354294,1.0448774530671305,21.67992055117267,2602974199.7484674
31,0.9187169967230768,53.380740589333485,2.2466277048873824,0,2,0.5310744529070767,28,0.0018550148592412774,11.437838371521698,12.047697648863796,3,7.442738704490333,4.38881696800803,0.9493795997279519,21.261726971950406,1713368190.0925179
31,0.9187169967230768,53.380740589333485,2.2466277048873824,0,2,0.5310744529070767,29,-0.41012187044991083,11.403533894996828,11.370524471683188,2,10.009526523031521,7.442738704490333,1.0029030695458108,20.45986354622122,768432701.7732259
31,0.9187169967230768,53.380740589333485,2.2466277048873824,0,2,0.5310744529070767,30,0.11106073711175773,9.668569413083015,9.9087587712029,2,6.77710066141203,10.009526523031521,0.975759894486691,21.793582117555076,2916301723.8128076
31,0.9187169967230768,53.380740589333485,2.2466277048873824,0,2,0.5310744529070767,31,0.07925851344932232,11.259514732081941,10.724051095950278,2,8.676208318423425,6.77710066141203,1.0499310970584492,21.801099884340736,2938308416.997003
31,0.9187169967230768,53.380740589333485,2.2466277048873824,0,2,0.5310744529070767,32,-0.2343995516749002,10.354844420624103,10.457754772645988,3,8.45566315840578,8.676208318423425,0.990159421954408,21.52232236759526,2223442189.0405607
31,0.9187169967230768,53.380740589333485,2.2466277048873824,0,2,0.5310744529070767,33,0.3826341494492407,8.977829932751195,9.274940065958909,2,7.209380271831012,8.45566315840578,0.9679663554594629,21.61150128216438,2430836520.4650307
31,0.9187169967230768,53.380740589333485,2.2466277048873824,0,2,0.5310744529070767,34,-0.2448032401480451,10.149986360060037,9.60931323862115,2,4.47492663991701,7.209380271831012,1.0562655319909697,21.46001718434569,2089137596.150438
31,0.9187169967230768,53.380740589333485,2.2466277048873824,0,2,0.5310744529070767,35,-0.33585807234342985,10.029790362004654,8.389616566334924,3,4.0114464175946525,4.47492663991701,1.1955004478096494,20.588225216444332,873680421.6298442
31,0.9187169967230768,53.380740589333485,2.2466277048873824,0,2,0.5310744529070767,36,-0.36221155398213295,10.683277568212501,10.20106394717816,2,5.696760875737361,4.0114464175946525,1.0472709144390506,21.30263139787684,1784905657.5656302
31,0.9187169967230768,53.380740589333485,2.2466277048873824,0,2,0.5310744529070767,37,0.005194181464211946,9.409078073623627,8.626433281979306,2,5.827555824840198,5.696760875737361,1.0907263484294574,21.93428515597299,3356904666.0069823
31,0.9187169967230768,53.380740589333485,2.2466277048873824,0,2,0.5310744529070767,38,0.0675742500294194,9.389423164203757,8.591911036106675,2,5.7559090381891345,5.827555824840198,1.0928212739570526,22.08040078676423,3885046488.1811757
31,0.9187169967230768,53.380740589333485,2.2466277048873824,0,2,0.5310744529070767,39,0.08819478218692851,10.551318892526826,9.797252734551584,3,7.398569220458639,5.7559090381891345,1.0769671027589098,21.46600103446701,2101676159.4368901
31,0.9187169967230768,53.380740589333485,2.2466277048873824,0,2,0.5310744529070767,40,-0.06747199564309786,9.521873992213639,9.09961479277133,3,9.2775665111715,7.398569220458639,1.0464040741348466,21.18272802383093,1583222278.279508
31,0.9187169967230768,53.380740589333485,2.2466277048873824,0,2,0.5310744529070767,41,-0.16253500440717236,9.795567100146629,8.980239185584944,2,6.979735156235302,9.2775665111715,1.0907913361450825,20.716951238993122,993705297.2216629
31,0.9187169967230768,53.380740589333485,2.2466277048873824,0,2,0.5310744529070767,42,0.16855291640160835,9.583757529372942,10.412982849930094,2,8.873673511706576,6.979735156235302,0.920366207021774,22.265034261486587,4672846545.040358
31,0.9187169967230768,53.380740589333485,2.2466277048873824,0,2,0.5310744529070767,43,-0.17951707731235617,10.630894268952263,10.279544958821896,3,7.529828362061875,8.873673511706576,1.0341794614000728,21.760413035715043,2821157322.3849263
31,0.9187169967230768,53.380740589333485,2.2466277048873824,0,2,0.5310744529070767,44,-0.2419680411959665,10.498836750057775,10.421851585551206,2,10.472161360988322,7.529828362061875,1.007386898947333,21.7852699140226,2892161299.376821
31,0.9187169967230768,53.380740589333485,2.2466277048873824,0,2,0.5310744529070767,45,0.2802631334986427,9.860010376056291,9.274162785531473,2,9.634981204471863,10.472161360988322,1.0631698627760549,21.99334199646862,3561123765.512542
31,0.9187169967230768,53.380740589333485,2.2466277048873824,0,2,0.5310744529070767,46,0.035514301628569965,7.4240884210053775,7.289811984086519,2,8.268805956814722,9.634981204471863,1.018419739385869,22.034163202738604,3709500998.392582
31,0.9187169967230768,53.380740589333485,2.2466277048873824,0,2,0.5310744529070767,47,0.09425797907819627,10.991051873757817,11.568977082213584,2,7.29845645585187,8.268805956814722,0.9500452629174724,21.828290133982225,3019297827.9028187
31,0.9187169967230768,53.380740589333485,2.2466277048873824,0,2,0.5310744529070767,48,0.12516814092890055,9.382549506801027,9.569843541542644,3,6.671086870653643,7.29845645585187,0.9804287255137898,21.779333233883168,2875042328.03799
31,0.9187169967230768,53.380740589333485,2.2466277048873824,0,2,0.5310744529070767,49,-0.11435942179986343,10.453822263347396,10.961628441524685,2,7.498357055789352,6.671086870653643,0.9536742026163171,21.305432930459343,1789913139.959397
31,0.9187169967230768,53.380740589333485,2.2466277048873824,0,2,0.5310744529070767,50,-0.10657251720030408,9.83219840340575,9.823017106008212,2,6.474116032710572,7.498357055789352,1.0009346718323358,21.013232371856276,1336382765.1074586
31,0.9187169967230768,53.380740589333485,2.2466277048873824,0,2,0.5310744529070767,51,0.12811633661312918,8.506120778051665,8.624735920770377,2,9.851387842541667,6.474116032710572,0.986247098600079,22.248132874734775,4594532629.471785
