data_examples/final_simulated_panel.csv
store_id,store_size,area_income,manager_experience,manager_vacant,base_competitors,store_fe,week,week_fe,price,competitor_price,competitor_count,ad_spend,ad_spend_lag,relative_price,log_sales,sales
32,0.8975514541856925,56.369461534349284,6.270301893628808,0,3,-0.027655173890455822,0,0.048845901334352015,10.382071643157351,9.980053366638732,3,10.460935904243488,0.0,1.04028217703349,20.785781490942767,1064511122.6406672
32,0.8975514541856925,56.369461534349284,6.270301893628808,0,3,-0.027655173890455822,1,0.13563566401577118,9.337859573692374,9.220562597410206,3,11.439560508564362,10.460935904243488,1.0127212385408144,21.38294229137987,1934166442.177844
32,0.8975514541856925,56.369461534349284,6.270301893628808,0,3,-0.027655173890455822,2,-0.11710587627041394,9.782469533241818,9.630371276529496,4,9.747896145632792,11.439560508564362,1.0157936025875767,20.704306139802735,981218907.3705564
32,0.8975514541856925,56.369461534349284,6.270301893628808,0,3,-0.027655173890455822,3,-0.18173462462506965,9.996199796547119,10.343314660835809,3,9.506853751054543,9.747896145632792,0.9664406550829383,21.410377007561333,1987964340.332339
32,0.8975514541856925,56.369461534349284,6.270301893628808,0,3,-0.027655173890455822,4,-0.39836764222427296,12.206974314226922,12.081645054459692,3,5.463106261863109,9.506853751054543,1.0103735260556233,19.647663688762776,341092305.33942884
32,0.8975514541856925,56.369461534349284,6.270301893628808,0,3,-0.027655173890455822,5,0.1943245963972403,9.399910452228239,9.151415285131899,3,5.868875970179596,5.463106261863109,1.027153741727803,21.047753927008127,1383322328.251095
32,0.8975514541856925,56.369461534349284,6.270301893628808,0,3,-0.027655173890455822,6,0.0033314601152094115,9.598550656430115,9.615423744140648,3,7.9184098710383095,5.868875970179596,0.9982452060190468,21.332064265495074,1838221317.0062048
32,0.8975514541856925,56.369461534349284,6.270301893628808,0,3,-0.027655173890455822,7,0.04114626898936563,9.255667053655156,9.410230841073671,3,6.171564517190234,7.9184098710383095,0.983574920740108,20.99688911078196,1314719419.7284842
32,0.8975514541856925,56.369461534349284,6.270301893628808,0,3,-0.027655173890455822,8,-0.1567189753011227,9.629643961866584,9.127331106762028,3,7.949791714154052,6.171564517190234,1.0550339249479417,20.740063522978517,1016939560.4341099
32,0.8975514541856925,56.369461534349284,6.270301893628808,0,3,-0.027655173890455822,9,0.24529960585719213,10.219949575660518,9.921770678183245,4,6.084094218437755,7.949791714154052,1.030052992268097,20.574864239061686,862084833.9680707
32,0.8975514541856925,56.369461534349284,6.270301893628808,0,3,-0.027655173890455822,10,0.18864011553560334,9.685916233396359,10.803165209333589,5,9.707435304783992,6.084094218437755,0.8965813301668327,21.248872939636914,1691485442.086497
32,0.8975514541856925,56.369461534349284,6.270301893628808,0,3,-0.027655173890455822,11,-0.024364776297538047,10.132848075902952,10.60815840271672,3,7.901230560300429,9.707435304783992,0.9551938886308445,21.142784836546863,1521229667.535625
32,0.8975514541856925,56.369461534349284,6.270301893628808,0,3,-0.027655173890455822,12,-0.11117269158045646,9.939969069876591,9.273804721875244,3,8.116940230500019,7.901230560300429,1.0718329065556,20.565038524366617,853655713.2297544
32,0.8975514541856925,56.369461534349284,6.270301893628808,0,3,-0.027655173890455822,13,-0.07133827681171602,9.86707018521411,9.991078494716438,3,6.998031400284839,8.116940230500019,0.9875880957628441,20.575107338493144,862294431.7765988
32,0.8975514541856925,56.369461534349284,6.270301893628808,0,3,-0.027655173890455822,14,-0.15972510848492985,9.823635573486621,9.595213859502234,3,9.456467989686004,6.998031400284839,1.0238057970701901,20.935555177555504,1236505604.6093981
32,0.8975514541856925,56.369461534349284,6.270301893628808,0,3,-0.027655173890455822,15,0.005312829848108214,12.486057420131498,11.689928870269277,3,3.0407386093888045,9.456467989686004,1.0681037976105223,20.294886183725406,651563999.464602
32,0.8975514541856925,56.369461534349284,6.270301893628808,0,3,-0.027655173890455822,16,-0.12323354394010944,9.229789242078938,8.989648054025919,3,9.126453024448125,3.0407386093888045,1.0267130800460509,20.802521425293886,1082480956.2353513
32,0.8975514541856925,56.369461534349284,6.270301893628808,0,3,-0.027655173890455822,17,0.11710850410840844,10.068940128775546,9.460246293074166,4,9.138621484369967,9.126453024448125,1.0643422820975608,20.866056984141995,1153488867.1221972
32,0.8975514541856925,56.369461534349284,6.270301893628808,0,3,-0.027655173890455822,18,-0.07189371493174873,9.093471053212706,9.619206928815252,4,8.95429459038075,9.138621484369967,0.9453451953478977,21.685466870421287,2617451235.676248
32,0.8975514541856925,56.369461534349284,6.270301893628808,0,3,-0.027655173890455822,19,-0.07079141278787165,10.730386633557556,11.087614593020046,3,8.454256478066558,8.95429459038075,0.9677813513027974,21.01324935712011,1336405464.1140804
32,0.8975514541856925,56.369461534349284,6.270301893628808,0,3,-0.027655173890455822,20,0.3074506008403983,10.74744696954595,11.16197447166964,3,7.681164903298365,8.454256478066558,0.9628625291004017,21.59274521832123,2385668506.6997943
32,0.8975514541856925,56.369461534349284,6.270301893628808,0,3,-0.027655173890455822,21,-0.14514390451041106,9.95243947037961,9.757752736637068,3,6.94265128339144,7.681164903298365,1.0199520052410798,21.038417429592563,1370467047.9371605
32,0.8975514541856925,56.369461534349284,6.270301893628808,0,3,-0.027655173890455822,22,-0.31358317758909293,9.121862665105226,8.317056858457564,4,7.574635971834544,6.94265128339144,1.0967656973306923,20.701072912538255,978051526.8366235
32,0.8975514541856925,56.369461534349284,6.270301893628808,0,3,-0.027655173890455822,23,0.07324303848148955,10.841725739211496,10.351433865258226,3,8.508342430752796,7.574635971834544,1.0473646337633282,20.946877908112548,1250585787.0306191
32,0.8975514541856925,56.369461534349284,6.270301893628808,0,3,-0.027655173890455822,24,-0.4155737022818746,11.381067855955857,11.764006295672015,3,9.416476792309892,8.508342430752796,0.967448296941405,20.688671721753973,965997420.3750014
32,0.8975514541856925,56.369461534349284,6.270301893628808,0,3,-0.027655173890455822,25,0.05287572716514413,8.52301358870884,8.594621636253152,3,4.958181870998098,9.416476792309892,0.9916682722550275,21.02418954273402,1351106256.0179932
32,0.8975514541856925,56.369461534349284,6.270301893628808,0,3,-0.027655173890455822,26,0.19634402837852838,9.365169093869394,9.185386541426153,3,9.151738250149839,4.958181870998098,1.0195726713984676,21.051895800276544,1389063755.9491327
32,0.8975514541856925,56.369461534349284,6.270301893628808,0,3,-0.027655173890455822,27,0.01402300615082264,10.029098431446803,9.764820902111895,3,11.27670851754741,9.151738250149839,1.0270642474638476,21.783082101820096,2885840710.2465854
32,0.8975514541856925,56.369461534349284,6.270301893628808,0,3,-0.027655173890455822,28,0.0018550148592412774,10.126493003142079,10.127036227005634,3,5.745053233665008,11.27670851754741,0.9999463590480592,21.18502595536075,1586864597.9693408
32,0.8975514541856925,56.369461534349284,6.270301893628808,0,3,-0.027655173890455822,29,-0.41012187044991083,10.216434411900082,9.77336369511178,3,10.469036297285118,5.745053233665008,1.0453345164070695,20.851739420376028,1137091382.8399134
32,0.8975514541856925,56.369461534349284,6.270301893628808,0,3,-0.027655173890455822,30,0.11106073711175773,10.869166367808237,10.640210493572923,3,11.134894213326152,10.469036297285118,1.0215179835374133,20.83108418509612,1113845394.9314296
